06-24 16:27:46.870  4367  4367 I GDH.Chart.Creator.1: updateGraphStartTime: reset graph start time - current: 0
06-24 16:27:46.876  4367  4367 I GDH.InternalNotifier: rem notifier ExportImportSettingsFragment{fb4d266} (d457f42e-d895-458f-99a3-884267ae10ff id=0x1020002)
06-24 16:27:46.893  4367 13515 I GDH.Chart.Bitmap.1: bitmap created for chart de.michelinside.glucodatahandler.common.chart.ChartBitmapCreator@1872081
06-24 16:27:46.937  4367  4367 I GDH.InternalNotifier: add notifier ExportImportSettingsFragment{41ebfd4} (d457f42e-d895-458f-99a3-884267ae10ff id=0x1020002) - filter: [CAPILITY_INFO] - timechanged: false
06-24 16:27:46.959  4367 12927 D MediaScannerConnection: Scanned /storage/emulated/0/Download to content://media/external_primary/file/11
06-24 16:27:47.617  4367  4367 I GDH.NotificationReceiver: New notification from com.medtronic.diabetes.minimedmobile.eu - ongoing: true (flags: 98, prio: 0) - posted: 16:27:47 (1750778867390) - when 16:27:47 (1750778867388) - diff notify: 5, diff recv value: 119
06-24 16:27:47.617  4367  4367 I GDH.NotificationReceiver: Check for changed value or wait for multi value package with 0s interval
06-24 16:27:47.617  4367  4367 I GDH.NotificationReceiver: Ignoring notification out of interval - diff: 119 < 250
06-24 16:27:47.618  4367  4367 I GDH.NotificationReceiver: New IOB notification from com.medtronic.diabetes.minimedmobile.eu - posted: 16:27:47 (1750778867390) - when 16:27:47 (1750778867388)
06-24 16:27:47.619  4367  4367 I GDH.NotificationReceiver: using IOB regex (\d*\.?\d+) U
06-24 16:27:47.619  4367  4367 I GDH.NotificationReceiver: extracted title `` and text ``
06-24 16:27:47.635  4367  4367 I GDH.NotificationReceiver: Found value: 1.325 using regex in android.widget.TextView{9039ce7 V.ED..... ......ID 0,0-0,0 #7f0902c0 app:id/message_active_insulin_value}
06-24 16:27:47.636  4367  4367 I GDH.NotificationReceiver: Extracted iob value: 1.325 from time: 16:27:47
06-24 16:27:47.636  4367  4367 I GDH.SourceStateData: Set state NONE for source NOTIFICATION: 
06-24 16:27:51.011  4367  4367 I GDH.Task.Time.TaskService: Set next alarm after 3 minute(s) at 16:28:51 (received at 16:25:48) with a delay of 3s
06-24 16:27:51.015  4367 13519 I GDH.Task.Time.TaskService: execute after 2 min: ElapsedTimeTask
06-24 16:27:51.487  4367  4367 I GDH.NotificationReceiver: New notification from com.medtronic.diabetes.minimedmobile.eu - ongoing: true (flags: 98, prio: 0) - posted: 16:27:51 (1750778871275) - when 16:27:51 (1750778871272) - diff notify: 3, diff recv value: 123
06-24 16:27:51.488  4367  4367 I GDH.NotificationReceiver: Check for changed value or wait for multi value package with 0s interval
06-24 16:27:51.488  4367  4367 I GDH.NotificationReceiver: Ignoring notification out of interval - diff: 123 < 250
06-24 16:27:51.488  4367  4367 I GDH.NotificationReceiver: New IOB notification from com.medtronic.diabetes.minimedmobile.eu - posted: 16:27:51 (1750778871275) - when 16:27:51 (1750778871272)
06-24 16:27:51.489  4367  4367 I GDH.NotificationReceiver: using IOB regex (\d*\.?\d+) U
06-24 16:27:51.489  4367  4367 I GDH.NotificationReceiver: extracted title `` and text ``
06-24 16:27:51.503  4367  4367 I GDH.NotificationReceiver: Found value: 1.3 using regex in android.widget.TextView{c579ee1 V.ED..... ......ID 0,0-0,0 #7f0902c0 app:id/message_active_insulin_value}
06-24 16:27:51.503  4367  4367 I GDH.NotificationReceiver: Extracted iob value: 1.3 from time: 16:27:51
06-24 16:27:51.503  4367  4367 I GDH.SourceStateData: Set state NONE for source NOTIFICATION: 
06-24 16:27:52.022  4367  4367 I GDH.InternalNotifier: rem notifier de.michelinside.glucodatahandler.common.chart.ChartBitmapCreator@1872081
06-24 16:27:52.030  4367  4367 I GDH.Chart.BitmapCreator.1: using circle radius: 2.8
06-24 16:27:52.032  4367  4367 I GDH.Chart.Creator.1: updateGraphStartTime: reset graph start time - current: 0
06-24 16:27:52.046  4367  4367 I GDH.InternalNotifier: rem notifier de.michelinside.glucodatahandler.common.chart.ChartBitmapCreator@5642df7
06-24 16:27:52.052  4367  4367 I GDH.Chart.BitmapCreator.2: using circle radius: 2.8
06-24 16:27:52.055  4367  4367 I GDH.Chart.Creator.2: updateGraphStartTime: reset graph start time - current: 0
06-24 16:27:52.080  4367 13525 I GDH.Chart.Bitmap.1: bitmap created for chart de.michelinside.glucodatahandler.common.chart.ChartBitmapCreator@6bd6406
06-24 16:27:52.097  4367 13526 I GDH.Chart.Bitmap.2: bitmap created for chart de.michelinside.glucodatahandler.common.chart.ChartBitmapCreator@5c19ac7
06-24 16:27:52.101  4367  4367 I GDH.widget.GlucoseBaseWidget: Trigger update of 1 widget(s) with type CHART_GLUCOSE_TREND_DELTA_TIME_IOB_COB
06-24 16:28:06.744  4367  4367 I GDH.GlucoDataServiceMobile: onConfigurationChanged called: {1.0 214mcc22mnc [es_ES] ldltr sw360dp w333dp h697dp 320dpi nrml long port finger -keyb/v/h -nav/h winConfig={ mBounds=Rect(0, 0 - 720, 1560) mAppBounds=Rect(0, 53 - 720, 1464) mWindowingMode=fullscreen mDisplayWindowingMode=fullscreen mActivityType=undefined mAlwaysOnTop=undefined mRotation=ROTATION_0} s.1821}
06-24 16:28:06.744  4367  4367 I GDH.PermanentNotification: Recreate bitmap
06-24 16:28:06.744  4367  4367 I GDH.InternalNotifier: rem notifier de.michelinside.glucodatahandler.common.chart.ChartBitmapCreator@6bd6406
06-24 16:28:06.745  4367  4367 I GDH.Chart.BitmapCreator.1: using circle radius: 2.8
06-24 16:28:06.746  4367  4367 I GDH.Chart.Creator.1: updateGraphStartTime: reset graph start time - current: 0
06-24 16:28:06.766  4367  4367 I GDH.GlucoDataServiceMobile: onConfigurationChanged called: {1.0 214mcc22mnc [es_ES] ldltr sw360dp w705dp h332dp 320dpi nrml long land finger -keyb/v/h -nav/h winConfig={ mBounds=Rect(0, 0 - 1560, 720) mAppBounds=Rect(53, 0 - 1464, 720) mWindowingMode=fullscreen mDisplayWindowingMode=fullscreen mActivityType=undefined mAlwaysOnTop=undefined mRotation=ROTATION_90} s.1859}
06-24 16:28:06.766  4367  4367 I GDH.PermanentNotification: Recreate bitmap
06-24 16:28:06.766  4367  4367 I GDH.Chart.Bitmap.1: stop bitmap creation
06-24 16:28:06.787  4367  4367 I GDH.InternalNotifier: rem notifier de.michelinside.glucodatahandler.common.chart.ChartBitmapCreator@f0c4919
06-24 16:28:06.787  4367  4367 I GDH.Chart.BitmapCreator.1: using circle radius: 2.8
06-24 16:28:06.788  4367  4367 I GDH.Chart.Creator.1: updateGraphStartTime: reset graph start time - current: 0
06-24 16:28:06.792  4367  4367 I GDH.InternalNotifier: rem notifier ExportImportSettingsFragment{41ebfd4} (d457f42e-d895-458f-99a3-884267ae10ff id=0x1020002)
06-24 16:28:06.809  4367 13532 I GDH.Chart.Bitmap.1: bitmap created for chart de.michelinside.glucodatahandler.common.chart.ChartBitmapCreator@8d6edde
06-24 16:28:06.862  4367  4367 I GDH.InternalNotifier: add notifier ExportImportSettingsFragment{7972d76} (d457f42e-d895-458f-99a3-884267ae10ff id=0x1020002) - filter: [CAPILITY_INFO] - timechanged: false
06-24 16:28:06.890  4367 12927 D MediaScannerConnection: Scanned /storage/emulated/0/Download to content://media/external_primary/file/11
06-24 16:28:07.517  4367  4367 I GDH.NotificationReceiver: New notification from com.medtronic.diabetes.minimedmobile.eu - ongoing: true (flags: 98, prio: 0) - posted: 16:28:07 (1750778887293) - when 16:28:07 (1750778887291) - diff notify: 16, diff recv value: 139
06-24 16:28:07.517  4367  4367 I GDH.NotificationReceiver: Check for changed value or wait for multi value package with 0s interval
06-24 16:28:07.517  4367  4367 I GDH.NotificationReceiver: Ignoring notification out of interval - diff: 139 < 250
06-24 16:28:07.518  4367  4367 I GDH.NotificationReceiver: New IOB notification from com.medtronic.diabetes.minimedmobile.eu - posted: 16:28:07 (1750778887293) - when 16:28:07 (1750778887291)
06-24 16:28:07.519  4367  4367 I GDH.NotificationReceiver: using IOB regex (\d*\.?\d+) U
06-24 16:28:07.519  4367  4367 I GDH.NotificationReceiver: extracted title `` and text ``
06-24 16:28:07.539  4367  4367 I GDH.NotificationReceiver: Found value: 1.3 using regex in android.widget.TextView{2733155 V.ED..... ......ID 0,0-0,0 #7f0902c0 app:id/message_active_insulin_value}
06-24 16:28:07.539  4367  4367 I GDH.NotificationReceiver: Extracted iob value: 1.3 from time: 16:28:07
06-24 16:28:07.539  4367  4367 I GDH.SourceStateData: Set state NONE for source NOTIFICATION: 
06-24 16:28:07.808  4367  4367 I GDH.GlucoDataServiceMobile: onConfigurationChanged called: {1.0 214mcc22mnc [es_ES] ldltr sw360dp w705dp h325dp 320dpi nrml long land finger -keyb/v/h -nav/h winConfig={ mBounds=Rect(0, 0 - 1560, 720) mAppBounds=Rect(53, 0 - 1464, 720) mWindowingMode=fullscreen mDisplayWindowingMode=fullscreen mActivityType=undefined mAlwaysOnTop=undefined mRotation=ROTATION_90} s.1894}
06-24 16:28:07.808  4367  4367 I GDH.PermanentNotification: Recreate bitmap
06-24 16:28:07.808  4367  4367 I GDH.InternalNotifier: rem notifier de.michelinside.glucodatahandler.common.chart.ChartBitmapCreator@8d6edde
06-24 16:28:07.810  4367  4367 I GDH.Chart.BitmapCreator.1: using circle radius: 2.8
06-24 16:28:07.810  4367  4367 I GDH.Chart.Creator.1: updateGraphStartTime: reset graph start time - current: 0
06-24 16:28:07.839  4367  4367 I GDH.GlucoDataServiceMobile: onConfigurationChanged called: {1.0 214mcc22mnc [es_ES] ldltr sw360dp w360dp h697dp 320dpi nrml long port finger -keyb/v/h -nav/h winConfig={ mBounds=Rect(0, 0 - 720, 1560) mAppBounds=Rect(0, 53 - 720, 1464) mWindowingMode=fullscreen mDisplayWindowingMode=fullscreen mActivityType=undefined mAlwaysOnTop=undefined mRotation=ROTATION_0} s.1932}
06-24 16:28:07.840  4367  4367 I GDH.PermanentNotification: Recreate bitmap
06-24 16:28:07.840  4367  4367 I GDH.Chart.Bitmap.1: stop bitmap creation
06-24 16:28:07.849  4367 13537 I GDH.Chart.Bitmap.1: bitmap created for chart de.michelinside.glucodatahandler.common.chart.ChartBitmapCreator@d2176a
06-24 16:28:07.849  4367  4367 I GDH.InternalNotifier: rem notifier de.michelinside.glucodatahandler.common.chart.ChartBitmapCreator@d2176a
06-24 16:28:07.850  4367  4367 I GDH.Chart.BitmapCreator.1: using circle radius: 2.8
06-24 16:28:07.851  4367  4367 I GDH.Chart.Creator.1: updateGraphStartTime: reset graph start time - current: 0
06-24 16:28:07.859  4367  4367 I GDH.InternalNotifier: rem notifier ExportImportSettingsFragment{7972d76} (d457f42e-d895-458f-99a3-884267ae10ff id=0x1020002)
06-24 16:28:07.886  4367 13538 I GDH.Chart.Bitmap.1: bitmap created for chart de.michelinside.glucodatahandler.common.chart.ChartBitmapCreator@3828dd1
06-24 16:28:07.923  4367  4389 W System  : A resource failed to call release. 
06-24 16:28:07.923  4367  4389 I chatty  : uid=10193(de.michelinside.glucodatahandler) FinalizerDaemon identical 3 lines
06-24 16:28:07.923  4367  4389 W System  : A resource failed to call release. 
06-24 16:28:07.928  4367  4367 I GDH.InternalNotifier: add notifier ExportImportSettingsFragment{625d964} (d457f42e-d895-458f-99a3-884267ae10ff id=0x1020002) - filter: [CAPILITY_INFO] - timechanged: false
06-24 16:28:07.930  4367  4389 W System  : A resource failed to call release. 
06-24 16:28:07.933  4367  4389 W System  : A resource failed to call release. 
06-24 16:28:07.933  4367  4389 W System  : A resource failed to call release. 
06-24 16:28:07.933  4367  4389 W System  : A resource failed to call release. 
06-24 16:28:07.954  4367 12927 D MediaScannerConnection: Scanned /storage/emulated/0/Download to content://media/external_primary/file/11
06-24 16:28:08.588  4367  4367 I GDH.NotificationReceiver: New notification from com.medtronic.diabetes.minimedmobile.eu - ongoing: true (flags: 98, prio: 0) - posted: 16:28:08 (1750778888363) - when 16:28:08 (1750778888361) - diff notify: 1, diff recv value: 140
06-24 16:28:08.588  4367  4367 I GDH.NotificationReceiver: Check for new value for 1s update
06-24 16:28:08.590  4367  4367 I GDH.NotificationReceiver: using regex (?:^|\s)(\d*\.?\d+)(?=\s|$)
06-24 16:28:08.591  4367  4367 I GDH.NotificationReceiver: extracted title `` and text ``
06-24 16:28:08.616  4367  4367 I GDH.NotificationReceiver: Found value: 300.0 using regex in android.widget.TextView{dfa9c9a V.ED..... ......ID 0,0-0,0 #7f090405 app:id/sg_value}
06-24 16:28:08.617  4367  4367 I GDH.NotificationReceiver: Extracted glucose value: 300.0 from time: 16:28:08
06-24 16:28:08.617  4367  4367 I GDH.NotificationReceiver: Ignoring value notification with same value: 300.0
06-24 16:28:08.617  4367  4367 E GDH.SourceStateData: Error state for source NOTIFICATION: Invalid glucose value: 300.0 - info: 
06-24 16:28:08.617  4367  4367 I GDH.NotificationReceiver: New IOB notification from com.medtronic.diabetes.minimedmobile.eu - posted: 16:28:08 (1750778888363) - when 16:28:08 (1750778888361)
06-24 16:28:08.618  4367  4367 I GDH.NotificationReceiver: using IOB regex (\d*\.?\d+) U
06-24 16:28:08.618  4367  4367 I GDH.NotificationReceiver: extracted title `` and text ``
06-24 16:28:08.628  4367  4367 I GDH.NotificationReceiver: Found value: 1.3 using regex in android.widget.TextView{54faea2 V.ED..... ......ID 0,0-0,0 #7f0902c0 app:id/message_active_insulin_value}
06-24 16:28:08.628  4367  4367 I GDH.NotificationReceiver: Extracted iob value: 1.3 from time: 16:28:08
06-24 16:28:08.629  4367  4367 I GDH.SourceStateData: Set state NONE for source NOTIFICATION: 

06-24 16:28:22.569  4367  4367 I GDH.NotificationReceiver: New notification from com.medtronic.diabetes.minimedmobile.eu - ongoing: true (flags: 98, prio: 0) - posted: 16:28:22 (1750778902352) - when 16:28:22 (1750778902351) - diff notify: 13, diff recv value: 154
06-24 16:28:22.569  4367  4367 I GDH.NotificationReceiver: Check for changed value or wait for multi value package with 0s interval
06-24 16:28:22.569  4367  4367 I GDH.NotificationReceiver: Ignoring notification out of interval - diff: 154 < 250
06-24 16:28:22.570  4367  4367 I GDH.NotificationReceiver: New IOB notification from com.medtronic.diabetes.minimedmobile.eu - posted: 16:28:22 (1750778902352) - when 16:28:22 (1750778902351)
06-24 16:28:22.571  4367  4367 I GDH.NotificationReceiver: using IOB regex (\d*\.?\d+) U
06-24 16:28:22.571  4367  4367 I GDH.NotificationReceiver: extracted title `` and text ``
06-24 16:28:22.598  4367  4367 I GDH.NotificationReceiver: Found value: 1.3 using regex in android.widget.TextView{2c6aa93 V.ED..... ......ID 0,0-0,0 #7f0902c0 app:id/message_active_insulin_value}
06-24 16:28:22.599  4367  4367 I GDH.NotificationReceiver: Extracted iob value: 1.3 from time: 16:28:22
06-24 16:28:22.599  4367  4367 I GDH.ReceiveData: Only IOB/COB changed: 1.3/NaN - at 16:28:22
06-24 16:28:22.618  4367  4367 I GDH.widget.GlucoseBaseWidget: Trigger update of 1 widget(s) with type CHART_GLUCOSE_TREND_DELTA_TIME_IOB_COB
06-24 16:28:22.619  4367  4367 I GDH.SourceStateData: Set state NONE for source NOTIFICATION: 
06-24 16:28:23.209  4367  4367 I GDH.GlucoDataServiceMobile: onConfigurationChanged called: {1.0 214mcc22mnc [es_ES] ldltr sw360dp w705dp h325dp 320dpi nrml long land finger -keyb/v/h -nav/h winConfig={ mBounds=Rect(0, 0 - 1560, 720) mAppBounds=Rect(96, 0 - 1507, 720) mWindowingMode=fullscreen mDisplayWindowingMode=fullscreen mActivityType=undefined mAlwaysOnTop=undefined mRotation=ROTATION_270} s.2040}
06-24 16:28:23.209  4367  4367 I GDH.PermanentNotification: Recreate bitmap
06-24 16:28:23.209  4367  4367 I GDH.InternalNotifier: rem notifier de.michelinside.glucodatahandler.common.chart.ChartBitmapCreator@5fcee77
06-24 16:28:23.211  4367  4367 I GDH.Chart.BitmapCreator.1: using circle radius: 2.8
06-24 16:28:23.212  4367  4367 I GDH.Chart.Creator.1: updateGraphStartTime: reset graph start time - current: 0
06-24 16:28:23.244  4367  4367 I GDH.GlucoDataServiceMobile: onConfigurationChanged called: {1.0 214mcc22mnc [es_ES] ldltr sw360dp w360dp h697dp 320dpi nrml long port finger -keyb/v/h -nav/h winConfig={ mBounds=Rect(0, 0 - 720, 1560) mAppBounds=Rect(0, 53 - 720, 1464) mWindowingMode=fullscreen mDisplayWindowingMode=fullscreen mActivityType=undefined mAlwaysOnTop=undefined mRotation=ROTATION_0} s.2080}
06-24 16:28:23.244  4367  4367 I GDH.PermanentNotification: Recreate bitmap
06-24 16:28:23.244  4367  4367 I GDH.Chart.Bitmap.1: stop bitmap creation
06-24 16:28:23.253  4367 13568 I GDH.Chart.Bitmap.1: bitmap created for chart de.michelinside.glucodatahandler.common.chart.ChartBitmapCreator@c85b5ce
06-24 16:28:23.254  4367  4367 I GDH.InternalNotifier: rem notifier de.michelinside.glucodatahandler.common.chart.ChartBitmapCreator@c85b5ce
06-24 16:28:23.255  4367  4367 I GDH.Chart.BitmapCreator.1: using circle radius: 2.8
06-24 16:28:23.256  4367  4367 I GDH.Chart.Creator.1: updateGraphStartTime: reset graph start time - current: 0
06-24 16:28:23.260  4367  4367 I GDH.InternalNotifier: rem notifier ExportImportSettingsFragment{4f10a1a} (d457f42e-d895-458f-99a3-884267ae10ff id=0x1020002)
06-24 16:28:23.280  4367 13569 I GDH.Chart.Bitmap.1: bitmap created for chart de.michelinside.glucodatahandler.common.chart.ChartBitmapCreator@8a6fa85
06-24 16:28:23.317  4367  4367 I GDH.InternalNotifier: add notifier ExportImportSettingsFragment{a3dc8a8} (d457f42e-d895-458f-99a3-884267ae10ff id=0x1020002) - filter: [CAPILITY_INFO] - timechanged: false
06-24 16:28:23.351  4367 12927 D MediaScannerConnection: Scanned /storage/emulated/0/Download to content://media/external_primary/file/11
06-24 16:28:23.473  4367  4389 W System  : A resource failed to call release. 
06-24 16:28:23.479  4367  4389 W System  : A resource failed to call release. 
06-24 16:28:24.006  4367  4367 I GDH.NotificationReceiver: New notification from com.medtronic.diabetes.minimedmobile.eu - ongoing: true (flags: 98, prio: 0) - posted: 16:28:23 (1750778903780) - when 16:28:23 (1750778903778) - diff notify: 1, diff recv value: 155
06-24 16:28:24.006  4367  4367 I GDH.NotificationReceiver: Check for new value for 1s update
06-24 16:28:24.009  4367  4367 I GDH.NotificationReceiver: using regex (?:^|\s)(\d*\.?\d+)(?=\s|$)
06-24 16:28:24.009  4367  4367 I GDH.NotificationReceiver: extracted title `` and text ``
06-24 16:28:24.042  4367  4367 I GDH.NotificationReceiver: Found value: 300.0 using regex in android.widget.TextView{6c0e64f V.ED..... ......ID 0,0-0,0 #7f090405 app:id/sg_value}
06-24 16:28:24.043  4367  4367 I GDH.NotificationReceiver: Extracted glucose value: 300.0 from time: 16:28:23
06-24 16:28:24.043  4367  4367 I GDH.NotificationReceiver: Ignoring value notification with same value: 300.0
06-24 16:28:24.043  4367  4367 E GDH.SourceStateData: Error state for source NOTIFICATION: Invalid glucose value: 300.0 - info: 
06-24 16:28:24.043  4367  4367 I GDH.NotificationReceiver: New IOB notification from com.medtronic.diabetes.minimedmobile.eu - posted: 16:28:23 (1750778903780) - when 16:28:23 (1750778903778)
06-24 16:28:24.043  4367  4367 I GDH.NotificationReceiver: using IOB regex (\d*\.?\d+) U
06-24 16:28:24.044  4367  4367 I GDH.NotificationReceiver: extracted title `` and text ``
06-24 16:28:24.050  4367  4367 I GDH.NotificationReceiver: Found value: 1.3 using regex in android.widget.TextView{d696ea4 V.ED..... ......ID 0,0-0,0 #7f0902c0 app:id/message_active_insulin_value}
06-24 16:28:24.050  4367  4367 I GDH.NotificationReceiver: Extracted iob value: 1.3 from time: 16:28:23
06-24 16:28:24.050  4367  4367 I GDH.SourceStateData: Set state NONE for source NOTIFICATION: 
06-24 16:28:31.251  4367  4367 I GDH.BatteryReceiver: Received batter level: 39% - enabled: true
06-24 16:28:31.251  4367  4367 I GDH.Task.Source.TaskService: Not active for elapsed time 2
06-24 16:28:39.205  4367  4367 I GDH.GlucoDataServiceMobile: onConfigurationChanged called: {1.0 214mcc22mnc [es_ES] ldltr sw360dp w312dp h697dp 320dpi nrml long port finger -keyb/v/h -nav/h winConfig={ mBounds=Rect(0, 0 - 720, 1560) mAppBounds=Rect(0, 53 - 720, 1464) mWindowingMode=fullscreen mDisplayWindowingMode=fullscreen mActivityType=undefined mAlwaysOnTop=undefined mRotation=ROTATION_0} s.2113}
06-24 16:28:39.205  4367  4367 I GDH.PermanentNotification: Recreate bitmap
06-24 16:28:39.205  4367  4367 I GDH.InternalNotifier: rem notifier de.michelinside.glucodatahandler.common.chart.ChartBitmapCreator@8a6fa85
06-24 16:28:39.207  4367  4367 I GDH.Chart.BitmapCreator.1: using circle radius: 2.8
06-24 16:28:39.208  4367  4367 I GDH.Chart.Creator.1: updateGraphStartTime: reset graph start time - current: 0
06-24 16:28:39.260  4367  4367 I GDH.GlucoDataServiceMobile: onConfigurationChanged called: {1.0 214mcc22mnc [es_ES] ldltr sw360dp w705dp h332dp 320dpi nrml long land finger -keyb/v/h -nav/h winConfig={ mBounds=Rect(0, 0 - 1560, 720) mAppBounds=Rect(96, 0 - 1507, 720) mWindowingMode=fullscreen mDisplayWindowingMode=fullscreen mActivityType=undefined mAlwaysOnTop=undefined mRotation=ROTATION_270} s.2153}
06-24 16:28:39.260  4367  4367 I GDH.PermanentNotification: Recreate bitmap
06-24 16:28:39.260  4367  4367 I GDH.Chart.Bitmap.1: stop bitmap creation
06-24 16:28:39.272  4367 13585 I GDH.Chart.Bitmap.1: bitmap created for chart de.michelinside.glucodatahandler.common.chart.ChartBitmapCreator@c72440d
06-24 16:28:39.272  4367  4367 I GDH.InternalNotifier: rem notifier de.michelinside.glucodatahandler.common.chart.ChartBitmapCreator@c72440d
06-24 16:28:39.273  4367  4367 I GDH.Chart.BitmapCreator.1: using circle radius: 2.8
06-24 16:28:39.274  4367  4367 I GDH.Chart.Creator.1: updateGraphStartTime: reset graph start time - current: 0
06-24 16:28:39.278  4367  4367 I GDH.InternalNotifier: rem notifier ExportImportSettingsFragment{a3dc8a8} (d457f42e-d895-458f-99a3-884267ae10ff id=0x1020002)
06-24 16:28:39.299  4367 13586 I GDH.Chart.Bitmap.1: bitmap created for chart de.michelinside.glucodatahandler.common.chart.ChartBitmapCreator@358e7c5
06-24 16:28:39.348  4367  4367 I GDH.InternalNotifier: add notifier ExportImportSettingsFragment{c55f39} (d457f42e-d895-458f-99a3-884267ae10ff id=0x1020002) - filter: [CAPILITY_INFO] - timechanged: false
06-24 16:28:39.384  4367 12927 D MediaScannerConnection: Scanned /storage/emulated/0/Download to content://media/external_primary/file/11
06-24 16:28:39.855  4367  4367 I GDH.GlucoDataServiceMobile: onConfigurationChanged called: {1.0 214mcc22mnc [es_ES] ldltr sw360dp w705dp h325dp 320dpi nrml long land finger -keyb/v/h -nav/h winConfig={ mBounds=Rect(0, 0 - 1560, 720) mAppBounds=Rect(96, 0 - 1507, 720) mWindowingMode=fullscreen mDisplayWindowingMode=fullscreen mActivityType=undefined mAlwaysOnTop=undefined mRotation=ROTATION_270} s.2186}
06-24 16:28:39.855  4367  4367 I GDH.PermanentNotification: Recreate bitmap
06-24 16:28:39.855  4367  4367 I GDH.InternalNotifier: rem notifier de.michelinside.glucodatahandler.common.chart.ChartBitmapCreator@358e7c5
06-24 16:28:39.856  4367  4367 I GDH.Chart.BitmapCreator.1: using circle radius: 2.8
06-24 16:28:39.857  4367  4367 I GDH.Chart.Creator.1: updateGraphStartTime: reset graph start time - current: 0
06-24 16:28:39.885  4367  4367 I GDH.GlucoDataServiceMobile: onConfigurationChanged called: {1.0 214mcc22mnc [es_ES] ldltr sw360dp w360dp h697dp 320dpi nrml long port finger -keyb/v/h -nav/h winConfig={ mBounds=Rect(0, 0 - 720, 1560) mAppBounds=Rect(0, 53 - 720, 1464) mWindowingMode=fullscreen mDisplayWindowingMode=fullscreen mActivityType=undefined mAlwaysOnTop=undefined mRotation=ROTATION_0} s.2226}
06-24 16:28:39.885  4367  4367 I GDH.PermanentNotification: Recreate bitmap
06-24 16:28:39.885  4367  4367 I GDH.Chart.Bitmap.1: stop bitmap creation
06-24 16:28:39.886  4367  4367 I GDH.InternalNotifier: rem notifier de.michelinside.glucodatahandler.common.chart.ChartBitmapCreator@f48c8bf
06-24 16:28:39.886  4367  4367 I GDH.Chart.BitmapCreator.1: using circle radius: 2.8
06-24 16:28:39.887  4367  4367 I GDH.Chart.Creator.1: updateGraphStartTime: reset graph start time - current: 0
06-24 16:28:39.894  4367  4367 I GDH.InternalNotifier: rem notifier ExportImportSettingsFragment{c55f39} (d457f42e-d895-458f-99a3-884267ae10ff id=0x1020002)
06-24 16:28:39.926  4367 13592 I GDH.Chart.Bitmap.1: bitmap created for chart de.michelinside.glucodatahandler.common.chart.ChartBitmapCreator@1e1db8c
06-24 16:28:39.975  4367  4367 I GDH.InternalNotifier: add notifier ExportImportSettingsFragment{86d8e76} (d457f42e-d895-458f-99a3-884267ae10ff id=0x1020002) - filter: [CAPILITY_INFO] - timechanged: false
06-24 16:28:39.983  4367 12927 D MediaScannerConnection: Scanned /storage/emulated/0/Download to content://media/external_primary/file/11
06-24 16:28:40.056  4367  4367 I GDH.NotificationReceiver: New notification from com.medtronic.diabetes.minimedmobile.eu - ongoing: true (flags: 98, prio: 0) - posted: 16:28:39 (1750778919773) - when 16:28:39 (1750778919772) - diff notify: 15, diff recv value: 171
06-24 16:28:40.056  4367  4367 I GDH.NotificationReceiver: Check for changed value or wait for multi value package with 0s interval
06-24 16:28:40.056  4367  4367 I GDH.NotificationReceiver: Ignoring notification out of interval - diff: 171 < 250
06-24 16:28:40.056  4367  4367 I GDH.NotificationReceiver: New IOB notification from com.medtronic.diabetes.minimedmobile.eu - posted: 16:28:39 (1750778919773) - when 16:28:39 (1750778919772)
06-24 16:28:40.057  4367  4367 I GDH.NotificationReceiver: using IOB regex (\d*\.?\d+) U
06-24 16:28:40.057  4367  4367 I GDH.NotificationReceiver: extracted title `` and text ``
06-24 16:28:40.065  4367  4367 I GDH.NotificationReceiver: Found value: 1.3 using regex in android.widget.TextView{d644837 V.ED..... ......ID 0,0-0,0 #7f0902c0 app:id/message_active_insulin_value}
06-24 16:28:40.066  4367  4367 I GDH.NotificationReceiver: Extracted iob value: 1.3 from time: 16:28:39
06-24 16:28:40.066  4367  4367 I GDH.SourceStateData: Set state NONE for source NOTIFICATION: 
06-24 16:28:40.491  4367  4367 I GDH.GlucoDataServiceMobile: onConfigurationChanged called: {1.0 214mcc22mnc [es_ES] ldltr sw360dp w312dp h697dp 320dpi nrml long port finger -keyb/v/h -nav/h winConfig={ mBounds=Rect(0, 0 - 720, 1560) mAppBounds=Rect(0, 53 - 720, 1464) mWindowingMode=fullscreen mDisplayWindowingMode=fullscreen mActivityType=undefined mAlwaysOnTop=undefined mRotation=ROTATION_0} s.2259}
06-24 16:28:40.491  4367  4367 I GDH.PermanentNotification: Recreate bitmap
06-24 16:28:40.491  4367  4367 I GDH.InternalNotifier: rem notifier de.michelinside.glucodatahandler.common.chart.ChartBitmapCreator@1e1db8c
06-24 16:28:40.492  4367  4367 I GDH.Chart.BitmapCreator.1: using circle radius: 2.8
06-24 16:28:40.493  4367  4367 I GDH.Chart.Creator.1: updateGraphStartTime: reset graph start time - current: 0
06-24 16:28:40.520  4367  4367 I GDH.GlucoDataServiceMobile: onConfigurationChanged called: {1.0 214mcc22mnc [es_ES] ldltr sw360dp w705dp h332dp 320dpi nrml long land finger -keyb/v/h -nav/h winConfig={ mBounds=Rect(0, 0 - 1560, 720) mAppBounds=Rect(96, 0 - 1507, 720) mWindowingMode=fullscreen mDisplayWindowingMode=fullscreen mActivityType=undefined mAlwaysOnTop=undefined mRotation=ROTATION_270} s.2299}
06-24 16:28:40.520  4367  4367 I GDH.PermanentNotification: Recreate bitmap
06-24 16:28:40.520  4367  4367 I GDH.Chart.Bitmap.1: stop bitmap creation
06-24 16:28:40.522  4367  4367 I GDH.InternalNotifier: rem notifier de.michelinside.glucodatahandler.common.chart.ChartBitmapCreator@33db1a4
06-24 16:28:40.523  4367  4367 I GDH.Chart.BitmapCreator.1: using circle radius: 2.8
06-24 16:28:40.524  4367  4367 I GDH.Chart.Creator.1: updateGraphStartTime: reset graph start time - current: 0
06-24 16:28:40.530  4367  4367 I GDH.InternalNotifier: rem notifier ExportImportSettingsFragment{86d8e76} (d457f42e-d895-458f-99a3-884267ae10ff id=0x1020002)
06-24 16:28:40.573  4367 13598 I GDH.Chart.Bitmap.1: bitmap created for chart de.michelinside.glucodatahandler.common.chart.ChartBitmapCreator@63ccb0d
06-24 16:28:40.598  4367  4367 I GDH.InternalNotifier: add notifier ExportImportSettingsFragment{59680d0} (d457f42e-d895-458f-99a3-884267ae10ff id=0x1020002) - filter: [CAPILITY_INFO] - timechanged: false
06-24 16:28:40.607  4367 12927 D MediaScannerConnection: Scanned /storage/emulated/0/Download to content://media/external_primary/file/11
06-24 16:28:40.673  4367  4367 I GDH.NotificationReceiver: New notification from com.medtronic.diabetes.minimedmobile.eu - ongoing: true (flags: 98, prio: 0) - posted: 16:28:40 (1750778920419) - when 16:28:40 (1750778920417) - diff notify: 0, diff recv value: 172
06-24 16:28:40.673  4367  4367 I GDH.NotificationReceiver: Check for new value for 0s update
06-24 16:28:40.674  4367  4367 I GDH.NotificationReceiver: using regex (?:^|\s)(\d*\.?\d+)(?=\s|$)
06-24 16:28:40.674  4367  4367 I GDH.NotificationReceiver: extracted title `` and text ``
06-24 16:28:40.682  4367  4367 I GDH.NotificationReceiver: Found value: 300.0 using regex in android.widget.TextView{211f9d5 V.ED..... ......ID 0,0-0,0 #7f090405 app:id/sg_value}
06-24 16:28:40.683  4367  4367 I GDH.NotificationReceiver: Extracted glucose value: 300.0 from time: 16:28:40
06-24 16:28:40.683  4367  4367 I GDH.NotificationReceiver: Ignoring value notification with same value: 300.0
06-24 16:28:40.683  4367  4367 E GDH.SourceStateData: Error state for source NOTIFICATION: Invalid glucose value: 300.0 - info: 
06-24 16:28:40.683  4367  4367 I GDH.NotificationReceiver: New IOB notification from com.medtronic.diabetes.minimedmobile.eu - posted: 16:28:40 (1750778920419) - when 16:28:40 (1750778920417)
06-24 16:28:40.684  4367  4367 I GDH.NotificationReceiver: using IOB regex (\d*\.?\d+) U
06-24 16:28:40.684  4367  4367 I GDH.NotificationReceiver: extracted title `` and text ``
06-24 16:28:40.690  4367  4367 I GDH.NotificationReceiver: Found value: 1.3 using regex in android.widget.TextView{66f34fd V.ED..... ......ID 0,0-0,0 #7f0902c0 app:id/message_active_insulin_value}
06-24 16:28:40.690  4367  4367 I GDH.NotificationReceiver: Extracted iob value: 1.3 from time: 16:28:40
06-24 16:28:40.690  4367  4367 I GDH.SourceStateData: Set state NONE for source NOTIFICATION: 
06-24 16:28:41.262  4367  4367 I GDH.NotificationReceiver: New notification from com.medtronic.diabetes.minimedmobile.eu - ongoing: true (flags: 98, prio: 0) - posted: 16:28:41 (1750778921046) - when 16:28:41 (1750778921046) - diff notify: 0, diff recv value: 173
06-24 16:28:41.262  4367  4367 I GDH.NotificationReceiver: Check for new value for 0s update
06-24 16:28:41.262  4367  4367 I GDH.NotificationReceiver: using regex (?:^|\s)(\d*\.?\d+)(?=\s|$)
06-24 16:28:41.263  4367  4367 I GDH.NotificationReceiver: extracted title `` and text ``
06-24 16:28:41.277  4367  4367 I GDH.NotificationReceiver: Found value: 300.0 using regex in android.widget.TextView{bf3fd69 V.ED..... ......ID 0,0-0,0 #7f090405 app:id/sg_value}
06-24 16:28:41.277  4367  4367 I GDH.NotificationReceiver: Extracted glucose value: 300.0 from time: 16:28:41
06-24 16:28:41.277  4367  4367 I GDH.NotificationReceiver: Ignoring value notification with same value: 300.0
06-24 16:28:41.277  4367  4367 E GDH.SourceStateData: Error state for source NOTIFICATION: Invalid glucose value: 300.0 - info: 
06-24 16:28:41.278  4367  4367 I GDH.NotificationReceiver: New IOB notification from com.medtronic.diabetes.minimedmobile.eu - posted: 16:28:41 (1750778921046) - when 16:28:41 (1750778921046)
06-24 16:28:41.279  4367  4367 I GDH.NotificationReceiver: using IOB regex (\d*\.?\d+) U
06-24 16:28:41.279  4367  4367 I GDH.NotificationReceiver: extracted title `` and text ``
06-24 16:28:41.291  4367  4367 I GDH.NotificationReceiver: Found value: 1.3 using regex in android.widget.TextView{86a4411 V.ED..... ......ID 0,0-0,0 #7f0902c0 app:id/message_active_insulin_value}
06-24 16:28:41.292  4367  4367 I GDH.NotificationReceiver: Extracted iob value: 1.3 from time: 16:28:41
06-24 16:28:41.292  4367  4367 I GDH.SourceStateData: Set state NONE for source NOTIFICATION: 
06-24 16:28:41.444  4367  4367 I GDH.GlucoDataServiceMobile: onConfigurationChanged called: {1.0 214mcc22mnc [es_ES] ldltr sw360dp w705dp h325dp 320dpi nrml long land finger -keyb/v/h -nav/h winConfig={ mBounds=Rect(0, 0 - 1560, 720) mAppBounds=Rect(96, 0 - 1507, 720) mWindowingMode=fullscreen mDisplayWindowingMode=fullscreen mActivityType=undefined mAlwaysOnTop=undefined mRotation=ROTATION_270} s.2332}
06-24 16:28:41.444  4367  4367 I GDH.PermanentNotification: Recreate bitmap
06-24 16:28:41.444  4367  4367 I GDH.InternalNotifier: rem notifier de.michelinside.glucodatahandler.common.chart.ChartBitmapCreator@63ccb0d
06-24 16:28:41.445  4367  4367 I GDH.Chart.BitmapCreator.1: using circle radius: 2.8
06-24 16:28:41.446  4367  4367 I GDH.Chart.Creator.1: updateGraphStartTime: reset graph start time - current: 0
06-24 16:28:41.468  4367  4367 I GDH.GlucoDataServiceMobile: onConfigurationChanged called: {1.0 214mcc22mnc [es_ES] ldltr sw360dp w360dp h697dp 320dpi nrml long port finger -keyb/v/h -nav/h winConfig={ mBounds=Rect(0, 0 - 720, 1560) mAppBounds=Rect(0, 53 - 720, 1464) mWindowingMode=fullscreen mDisplayWindowingMode=fullscreen mActivityType=undefined mAlwaysOnTop=undefined mRotation=ROTATION_0} s.2371}
06-24 16:28:41.468  4367  4367 I GDH.PermanentNotification: Recreate bitmap
06-24 16:28:41.468  4367  4367 I GDH.Chart.Bitmap.1: stop bitmap creation
06-24 16:28:41.481  4367  4367 I GDH.InternalNotifier: rem notifier de.michelinside.glucodatahandler.common.chart.ChartBitmapCreator@c225976
06-24 16:28:41.482  4367  4367 I GDH.Chart.BitmapCreator.1: using circle radius: 2.8
06-24 16:28:41.482  4367  4367 I GDH.Chart.Creator.1: updateGraphStartTime: reset graph start time - current: 0
06-24 16:28:41.491  4367  4367 I GDH.InternalNotifier: rem notifier ExportImportSettingsFragment{59680d0} (d457f42e-d895-458f-99a3-884267ae10ff id=0x1020002)
06-24 16:28:41.520  4367 13605 I GDH.Chart.Bitmap.1: bitmap created for chart de.michelinside.glucodatahandler.common.chart.ChartBitmapCreator@9263b77
06-24 16:28:41.570  4367  4367 I GDH.InternalNotifier: add notifier ExportImportSettingsFragment{f815c2} (d457f42e-d895-458f-99a3-884267ae10ff id=0x1020002) - filter: [CAPILITY_INFO] - timechanged: false
06-24 16:28:41.583  4367 12927 D MediaScannerConnection: Scanned /storage/emulated/0/Download to content://media/external_primary/file/11
06-24 16:28:42.227  4367  4367 I GDH.NotificationReceiver: New notification from com.medtronic.diabetes.minimedmobile.eu - ongoing: true (flags: 98, prio: 0) - posted: 16:28:41 (1750778921997) - when 16:28:41 (1750778921995) - diff notify: 0, diff recv value: 173
06-24 16:28:42.227  4367  4367 I GDH.NotificationReceiver: Check for new value for 0s update
06-24 16:28:42.230  4367  4367 I GDH.NotificationReceiver: using regex (?:^|\s)(\d*\.?\d+)(?=\s|$)
06-24 16:28:42.230  4367  4367 I GDH.NotificationReceiver: extracted title `` and text ``
06-24 16:28:42.255  4367  4367 I GDH.NotificationReceiver: Found value: 300.0 using regex in android.widget.TextView{1af2f7 V.ED..... ......ID 0,0-0,0 #7f090405 app:id/sg_value}
06-24 16:28:42.256  4367  4367 I GDH.NotificationReceiver: Extracted glucose value: 300.0 from time: 16:28:41
06-24 16:28:42.256  4367  4367 I GDH.NotificationReceiver: Ignoring value notification with same value: 300.0
06-24 16:28:42.257  4367  4367 E GDH.SourceStateData: Error state for source NOTIFICATION: Invalid glucose value: 300.0 - info: 
06-24 16:28:42.258  4367  4367 I GDH.NotificationReceiver: New IOB notification from com.medtronic.diabetes.minimedmobile.eu - posted: 16:28:41 (1750778921997) - when 16:28:41 (1750778921995)
06-24 16:28:42.259  4367  4367 I GDH.NotificationReceiver: using IOB regex (\d*\.?\d+) U
06-24 16:28:42.259  4367  4367 I GDH.NotificationReceiver: extracted title `` and text ``
06-24 16:28:42.276  4367  4367 I GDH.NotificationReceiver: Found value: 1.3 using regex in android.widget.TextView{a348cdf V.ED..... ......ID 0,0-0,0 #7f0902c0 app:id/message_active_insulin_value}
06-24 16:28:42.276  4367  4367 I GDH.NotificationReceiver: Extracted iob value: 1.3 from time: 16:28:41
06-24 16:28:42.277  4367  4367 I GDH.SourceStateData: Set state NONE for source NOTIFICATION: 
06-24 16:28:51.013  4367  4367 I GDH.Task.Time.TaskService: Set next alarm after 4 minute(s) at 16:29:51 (received at 16:25:48) with a delay of 3s
06-24 16:28:51.016  4367 13614 I GDH.Task.Time.TaskService: execute after 3 min: ElapsedTimeTask
06-24 16:29:04.341  4367  4367 I GDH.GlucoDataServiceMobile: onConfigurationChanged called: {1.0 214mcc22mnc [es_ES] ldltr sw360dp w312dp h697dp 320dpi nrml long port finger -keyb/v/h -nav/h winConfig={ mBounds=Rect(0, 0 - 720, 1560) mAppBounds=Rect(0, 53 - 720, 1464) mWindowingMode=fullscreen mDisplayWindowingMode=fullscreen mActivityType=undefined mAlwaysOnTop=undefined mRotation=ROTATION_0} s.2405}
06-24 16:29:04.341  4367  4367 I GDH.PermanentNotification: Recreate bitmap
06-24 16:29:04.342  4367  4367 I GDH.InternalNotifier: rem notifier de.michelinside.glucodatahandler.common.chart.ChartBitmapCreator@9263b77
06-24 16:29:04.345  4367  4367 I GDH.Chart.BitmapCreator.1: using circle radius: 2.8
06-24 16:29:04.345  4367  4367 I GDH.Chart.Creator.1: updateGraphStartTime: reset graph start time - current: 0
06-24 16:29:04.369  4367  4367 I GDH.GlucoDataServiceMobile: onConfigurationChanged called: {1.0 214mcc22mnc [es_ES] ldltr sw360dp w705dp h332dp 320dpi nrml long land finger -keyb/v/h -nav/h winConfig={ mBounds=Rect(0, 0 - 1560, 720) mAppBounds=Rect(96, 0 - 1507, 720) mWindowingMode=fullscreen mDisplayWindowingMode=fullscreen mActivityType=undefined mAlwaysOnTop=undefined mRotation=ROTATION_270} s.2443}
06-24 16:29:04.370  4367  4367 I GDH.PermanentNotification: Recreate bitmap
06-24 16:29:04.370  4367  4367 I GDH.Chart.Bitmap.1: stop bitmap creation
06-24 16:29:04.397  4367 13622 I GDH.Chart.Bitmap.1: bitmap created for chart de.michelinside.glucodatahandler.common.chart.ChartBitmapCreator@a8b7056
06-24 16:29:04.397  4367  4367 I GDH.InternalNotifier: rem notifier de.michelinside.glucodatahandler.common.chart.ChartBitmapCreator@a8b7056
06-24 16:29:04.398  4367  4367 I GDH.Chart.BitmapCreator.1: using circle radius: 2.8
06-24 16:29:04.399  4367  4367 I GDH.Chart.Creator.1: updateGraphStartTime: reset graph start time - current: 0
06-24 16:29:04.403  4367  4367 I GDH.InternalNotifier: rem notifier ExportImportSettingsFragment{f815c2} (d457f42e-d895-458f-99a3-884267ae10ff id=0x1020002)
06-24 16:29:04.441  4367 13623 I GDH.Chart.Bitmap.1: bitmap created for chart de.michelinside.glucodatahandler.common.chart.ChartBitmapCreator@c17bcad
06-24 16:29:04.505  4367  4367 I GDH.InternalNotifier: add notifier ExportImportSettingsFragment{f47f6f0} (d457f42e-d895-458f-99a3-884267ae10ff id=0x1020002) - filter: [CAPILITY_INFO] - timechanged: false
06-24 16:29:04.509  4367  4389 W System  : A resource failed to call release. 
06-24 16:29:04.509  4367  4389 I chatty  : uid=10193(de.michelinside.glucodatahandler) FinalizerDaemon identical 2 lines
06-24 16:29:04.509  4367  4389 W System  : A resource failed to call release. 
06-24 16:29:04.512  4367  4389 W System  : A resource failed to call release. 
06-24 16:29:04.512  4367  4389 W System  : A resource failed to call release. 
06-24 16:29:04.513  4367  4389 W System  : A resource failed to call release. 
06-24 16:29:04.520  4367  4389 W System  : A resource failed to call release. 
06-24 16:29:04.521  4367  4389 W System  : A resource failed to call release. 
06-24 16:29:04.532  4367 12927 D MediaScannerConnection: Scanned /storage/emulated/0/Download to content://media/external_primary/file/11
06-24 16:29:05.111  4367  4367 I GDH.NotificationReceiver: New notification from com.medtronic.diabetes.minimedmobile.eu - ongoing: true (flags: 98, prio: 0) - posted: 16:29:04 (1750778944902) - when 16:29:04 (1750778944900) - diff notify: 22, diff recv value: 196
06-24 16:29:05.111  4367  4367 I GDH.NotificationReceiver: Check for changed value or wait for multi value package with 0s interval
06-24 16:29:05.111  4367  4367 I GDH.NotificationReceiver: Ignoring notification out of interval - diff: 196 < 250
06-24 16:29:05.111  4367  4367 I GDH.NotificationReceiver: New IOB notification from com.medtronic.diabetes.minimedmobile.eu - posted: 16:29:04 (1750778944902) - when 16:29:04 (1750778944900)
06-24 16:29:05.112  4367  4367 I GDH.NotificationReceiver: using IOB regex (\d*\.?\d+) U
06-24 16:29:05.112  4367  4367 I GDH.NotificationReceiver: extracted title `` and text ``
06-24 16:29:05.118  4367  4367 I GDH.NotificationReceiver: Found value: 1.3 using regex in android.widget.TextView{3df0e9d V.ED..... ......ID 0,0-0,0 #7f0902c0 app:id/message_active_insulin_value}
06-24 16:29:05.119  4367  4367 I GDH.NotificationReceiver: Extracted iob value: 1.3 from time: 16:29:04
06-24 16:29:05.119  4367  4367 I GDH.ReceiveData: Only IOB/COB changed: 1.3/NaN - at 16:29:04
06-24 16:29:05.132  4367  4367 I GDH.widget.GlucoseBaseWidget: Trigger update of 1 widget(s) with type CHART_GLUCOSE_TREND_DELTA_TIME_IOB_COB
06-24 16:29:05.134  4367  4367 I GDH.SourceStateData: Set state NONE for source NOTIFICATION: 
06-24 16:29:05.156  4367  4367 I GDH.GlucoDataServiceMobile: onConfigurationChanged called: {1.0 214mcc22mnc [es_ES] ldltr sw360dp w705dp h325dp 320dpi nrml long land finger -keyb/v/h -nav/h winConfig={ mBounds=Rect(0, 0 - 1560, 720) mAppBounds=Rect(96, 0 - 1507, 720) mWindowingMode=fullscreen mDisplayWindowingMode=fullscreen mActivityType=undefined mAlwaysOnTop=undefined mRotation=ROTATION_270} s.2478}
06-24 16:29:05.156  4367  4367 I GDH.PermanentNotification: Recreate bitmap
06-24 16:29:05.156  4367  4367 I GDH.InternalNotifier: rem notifier de.michelinside.glucodatahandler.common.chart.ChartBitmapCreator@c17bcad
06-24 16:29:05.158  4367  4367 I GDH.Chart.BitmapCreator.1: using circle radius: 2.8
06-24 16:29:05.159  4367  4367 I GDH.Chart.Creator.1: updateGraphStartTime: reset graph start time - current: 0
06-24 16:29:05.180  4367 13630 I GDH.Chart.Bitmap.1: bitmap created for chart de.michelinside.glucodatahandler.common.chart.ChartBitmapCreator@51dc8e0
06-24 16:29:05.261  4367  4367 I GDH.GlucoDataServiceMobile: onConfigurationChanged called: {1.0 214mcc22mnc [es_ES] ldltr sw360dp w360dp h697dp 320dpi nrml long port finger -keyb/v/h -nav/h winConfig={ mBounds=Rect(0, 0 - 720, 1560) mAppBounds=Rect(0, 53 - 720, 1464) mWindowingMode=fullscreen mDisplayWindowingMode=fullscreen mActivityType=undefined mAlwaysOnTop=undefined mRotation=ROTATION_0} s.2516}
06-24 16:29:05.261  4367  4367 I GDH.PermanentNotification: Recreate bitmap
06-24 16:29:05.261  4367  4367 I GDH.InternalNotifier: rem notifier de.michelinside.glucodatahandler.common.chart.ChartBitmapCreator@51dc8e0
06-24 16:29:05.262  4367  4367 I GDH.Chart.BitmapCreator.1: using circle radius: 2.8
06-24 16:29:05.262  4367  4367 I GDH.Chart.Creator.1: updateGraphStartTime: reset graph start time - current: 0
06-24 16:29:05.266  4367  4367 I GDH.InternalNotifier: rem notifier ExportImportSettingsFragment{f47f6f0} (d457f42e-d895-458f-99a3-884267ae10ff id=0x1020002)
06-24 16:29:05.289  4367 13631 I GDH.Chart.Bitmap.1: bitmap created for chart de.michelinside.glucodatahandler.common.chart.ChartBitmapCreator@9f7ae3f
06-24 16:29:05.322  4367  4367 I GDH.InternalNotifier: add notifier ExportImportSettingsFragment{e9b66d0} (d457f42e-d895-458f-99a3-884267ae10ff id=0x1020002) - filter: [CAPILITY_INFO] - timechanged: false
06-24 16:29:05.336  4367 12927 D MediaScannerConnection: Scanned /storage/emulated/0/Download to content://media/external_primary/file/11
06-24 16:29:05.994  4367  4367 I GDH.NotificationReceiver: New notification from com.medtronic.diabetes.minimedmobile.eu - ongoing: true (flags: 98, prio: 0) - posted: 16:29:05 (1750778945762) - when 16:29:05 (1750778945760) - diff notify: 0, diff recv value: 197
06-24 16:29:05.994  4367  4367 I GDH.NotificationReceiver: Check for new value for 0s update
06-24 16:29:05.995  4367  4367 I GDH.NotificationReceiver: using regex (?:^|\s)(\d*\.?\d+)(?=\s|$)
06-24 16:29:05.996  4367  4367 I GDH.NotificationReceiver: extracted title `` and text ``
06-24 16:29:06.014  4367  4367 I GDH.NotificationReceiver: Found value: 300.0 using regex in android.widget.TextView{f759c8d V.ED..... ......ID 0,0-0,0 #7f090405 app:id/sg_value}
06-24 16:29:06.015  4367  4367 I GDH.NotificationReceiver: Extracted glucose value: 300.0 from time: 16:29:05
06-24 16:29:06.016  4367  4367 I GDH.NotificationReceiver: Ignoring value notification with same value: 300.0
06-24 16:29:06.016  4367  4367 E GDH.SourceStateData: Error state for source NOTIFICATION: Invalid glucose value: 300.0 - info: 
06-24 16:29:06.017  4367  4367 I GDH.NotificationReceiver: New IOB notification from com.medtronic.diabetes.minimedmobile.eu - posted: 16:29:05 (1750778945762) - when 16:29:05 (1750778945760)
06-24 16:29:06.017  4367  4367 I GDH.NotificationReceiver: using IOB regex (\d*\.?\d+) U
06-24 16:29:06.018  4367  4367 I GDH.NotificationReceiver: extracted title `` and text ``
06-24 16:29:06.032  4367  4367 I GDH.NotificationReceiver: Found value: 1.3 using regex in android.widget.TextView{42d54b5 V.ED..... ......ID 0,0-0,0 #7f0902c0 app:id/message_active_insulin_value}
06-24 16:29:06.032  4367  4367 I GDH.NotificationReceiver: Extracted iob value: 1.3 from time: 16:29:05
06-24 16:29:06.032  4367  4367 I GDH.SourceStateData: Set state NONE for source NOTIFICATION: 

06-24 16:29:41.193  4367  4367 I GDH.NotificationReceiver: New notification from com.medtronic.diabetes.minimedmobile.eu - ongoing: true (flags: 98, prio: 0) - posted: 16:29:40 (1750778980846) - when 16:29:40 (1750778980844) - diff notify: 35, diff recv value: 232
06-24 16:29:41.193  4367  4367 I GDH.NotificationReceiver: Check for changed value or wait for multi value package with 0s interval
06-24 16:29:41.193  4367  4367 I GDH.NotificationReceiver: Ignoring notification out of interval - diff: 232 < 250
06-24 16:29:41.193  4367  4367 I GDH.NotificationReceiver: New IOB notification from com.medtronic.diabetes.minimedmobile.eu - posted: 16:29:40 (1750778980846) - when 16:29:40 (1750778980844)
06-24 16:29:41.194  4367  4367 I GDH.NotificationReceiver: using IOB regex (\d*\.?\d+) U
06-24 16:29:41.194  4367  4367 I GDH.NotificationReceiver: extracted title `` and text ``
06-24 16:29:41.213  4367  4367 I GDH.NotificationReceiver: Found value: 1.3 using regex in android.widget.TextView{663105 V.ED..... ......ID 0,0-0,0 #7f0902c0 app:id/message_active_insulin_value}
06-24 16:29:41.214  4367  4367 I GDH.NotificationReceiver: Extracted iob value: 1.3 from time: 16:29:40
06-24 16:29:41.214  4367  4367 I GDH.ReceiveData: Only IOB/COB changed: 1.3/NaN - at 16:29:40
06-24 16:29:41.227  4367  4367 I GDH.widget.GlucoseBaseWidget: Trigger update of 1 widget(s) with type CHART_GLUCOSE_TREND_DELTA_TIME_IOB_COB
06-24 16:29:41.228  4367  4367 I GDH.SourceStateData: Set state NONE for source NOTIFICATION: 
06-24 16:29:41.623  4367  4367 I GDH.GlucoDataServiceMobile: onConfigurationChanged called: {1.0 214mcc22mnc [es_ES] ldltr sw360dp w312dp h697dp 320dpi nrml long port finger -keyb/v/h -nav/h winConfig={ mBounds=Rect(0, 0 - 720, 1560) mAppBounds=Rect(0, 53 - 720, 1464) mWindowingMode=fullscreen mDisplayWindowingMode=fullscreen mActivityType=undefined mAlwaysOnTop=undefined mRotation=ROTATION_0} s.2695}
06-24 16:29:41.623  4367  4367 I GDH.PermanentNotification: Recreate bitmap
06-24 16:29:41.623  4367  4367 I GDH.InternalNotifier: rem notifier de.michelinside.glucodatahandler.common.chart.ChartBitmapCreator@c944158
06-24 16:29:41.625  4367  4367 I GDH.Chart.BitmapCreator.1: using circle radius: 2.8
06-24 16:29:41.625  4367  4367 I GDH.Chart.Creator.1: updateGraphStartTime: reset graph start time - current: 0
06-24 16:29:41.652  4367  4367 I GDH.GlucoDataServiceMobile: onConfigurationChanged called: {1.0 214mcc22mnc [es_ES] ldltr sw360dp w705dp h332dp 320dpi nrml long land finger -keyb/v/h -nav/h winConfig={ mBounds=Rect(0, 0 - 1560, 720) mAppBounds=Rect(96, 0 - 1507, 720) mWindowingMode=fullscreen mDisplayWindowingMode=fullscreen mActivityType=undefined mAlwaysOnTop=undefined mRotation=ROTATION_270} s.2735}
06-24 16:29:41.653  4367  4367 I GDH.PermanentNotification: Recreate bitmap
06-24 16:29:41.653  4367  4367 I GDH.Chart.Bitmap.1: stop bitmap creation
06-24 16:29:41.656  4367  4367 I GDH.InternalNotifier: rem notifier de.michelinside.glucodatahandler.common.chart.ChartBitmapCreator@ab57c68
06-24 16:29:41.657  4367  4367 I GDH.Chart.BitmapCreator.1: using circle radius: 2.8
06-24 16:29:41.658  4367  4367 I GDH.Chart.Creator.1: updateGraphStartTime: reset graph start time - current: 0
06-24 16:29:41.664  4367  4367 I GDH.InternalNotifier: rem notifier ExportImportSettingsFragment{63a4df4} (d457f42e-d895-458f-99a3-884267ae10ff id=0x1020002)
06-24 16:29:41.690  4367 13681 I GDH.Chart.Bitmap.1: bitmap created for chart de.michelinside.glucodatahandler.common.chart.ChartBitmapCreator@b9dd881
06-24 16:29:41.734  4367  4367 I GDH.InternalNotifier: add notifier ExportImportSettingsFragment{e7e70c3} (d457f42e-d895-458f-99a3-884267ae10ff id=0x1020002) - filter: [CAPILITY_INFO] - timechanged: false
06-24 16:29:41.767  4367 12927 D MediaScannerConnection: Scanned /storage/emulated/0/Download to content://media/external_primary/file/11
06-24 16:29:41.804  4367  4367 I GDH.NotificationReceiver: New notification from com.medtronic.diabetes.minimedmobile.eu - ongoing: true (flags: 98, prio: 0) - posted: 16:29:41 (1750778981516) - when 16:29:41 (1750778981514) - diff notify: 0, diff recv value: 233
06-24 16:29:41.804  4367  4367 I GDH.NotificationReceiver: Check for new value for 0s update
06-24 16:29:41.805  4367  4367 I GDH.NotificationReceiver: using regex (?:^|\s)(\d*\.?\d+)(?=\s|$)
06-24 16:29:41.805  4367  4367 I GDH.NotificationReceiver: extracted title `` and text ``
06-24 16:29:41.813  4367  4367 I GDH.NotificationReceiver: Found value: 300.0 using regex in android.widget.TextView{b565fc V.ED..... ......ID 0,0-0,0 #7f090405 app:id/sg_value}
06-24 16:29:41.813  4367  4367 I GDH.NotificationReceiver: Extracted glucose value: 300.0 from time: 16:29:41
06-24 16:29:41.813  4367  4367 I GDH.NotificationReceiver: Ignoring value notification with same value: 300.0
