06-24 16:29:41.813  4367  4367 E GDH.SourceStateData: Error state for source NOTIFICATION: Invalid glucose value: 300.0 - info: 
06-24 16:29:41.814  4367  4367 I GDH.NotificationReceiver: New IOB notification from com.medtronic.diabetes.minimedmobile.eu - posted: 16:29:41 (1750778981516) - when 16:29:41 (1750778981514)
06-24 16:29:41.814  4367  4367 I GDH.NotificationReceiver: using IOB regex (\d*\.?\d+) U
06-24 16:29:41.814  4367  4367 I GDH.NotificationReceiver: extracted title `` and text ``
06-24 16:29:41.820  4367  4367 I GDH.NotificationReceiver: Found value: 1.3 using regex in android.widget.TextView{4df2ec4 V.ED..... ......ID 0,0-0,0 #7f0902c0 app:id/message_active_insulin_value}
06-24 16:29:41.821  4367  4367 I GDH.NotificationReceiver: Extracted iob value: 1.3 from time: 16:29:41
06-24 16:29:41.821  4367  4367 I GDH.SourceStateData: Set state NONE for source NOTIFICATION: 
06-24 16:29:42.421  4367  4367 I GDH.NotificationReceiver: New notification from com.medtronic.diabetes.minimedmobile.eu - ongoing: true (flags: 98, prio: 0) - posted: 16:29:42 (1750778982194) - when 16:29:42 (1750778982192) - diff notify: 0, diff recv value: 234
06-24 16:29:42.421  4367  4367 I GDH.NotificationReceiver: Check for new value for 0s update
06-24 16:29:42.423  4367  4367 I GDH.NotificationReceiver: using regex (?:^|\s)(\d*\.?\d+)(?=\s|$)
06-24 16:29:42.424  4367  4367 I GDH.NotificationReceiver: extracted title `` and text ``
06-24 16:29:42.446  4367  4367 I GDH.NotificationReceiver: Found value: 300.0 using regex in android.widget.TextView{7f10860 V.ED..... ......ID 0,0-0,0 #7f090405 app:id/sg_value}
06-24 16:29:42.447  4367  4367 I GDH.NotificationReceiver: Extracted glucose value: 300.0 from time: 16:29:42
06-24 16:29:42.447  4367  4367 I GDH.NotificationReceiver: Ignoring value notification with same value: 300.0
06-24 16:29:42.447  4367  4367 E GDH.SourceStateData: Error state for source NOTIFICATION: Invalid glucose value: 300.0 - info: 
06-24 16:29:42.448  4367  4367 I GDH.NotificationReceiver: New IOB notification from com.medtronic.diabetes.minimedmobile.eu - posted: 16:29:42 (1750778982194) - when 16:29:42 (1750778982192)
06-24 16:29:42.449  4367  4367 I GDH.NotificationReceiver: using IOB regex (\d*\.?\d+) U
06-24 16:29:42.449  4367  4367 I GDH.NotificationReceiver: extracted title `` and text ``
06-24 16:29:42.469  4367  4367 I GDH.NotificationReceiver: Found value: 1.3 using regex in android.widget.TextView{372baa8 V.ED..... ......ID 0,0-0,0 #7f0902c0 app:id/message_active_insulin_value}
06-24 16:29:42.470  4367  4367 I GDH.NotificationReceiver: Extracted iob value: 1.3 from time: 16:29:42
06-24 16:29:42.470  4367  4367 I GDH.SourceStateData: Set state NONE for source NOTIFICATION: 
06-24 16:29:46.621  4367  4367 I GDH.GlucoDataServiceMobile: onConfigurationChanged called: {1.0 214mcc22mnc [es_ES] ldltr sw360dp w705dp h325dp 320dpi nrml long land finger -keyb/v/h -nav/h winConfig={ mBounds=Rect(0, 0 - 1560, 720) mAppBounds=Rect(96, 0 - 1507, 720) mWindowingMode=fullscreen mDisplayWindowingMode=fullscreen mActivityType=undefined mAlwaysOnTop=undefined mRotation=ROTATION_270} s.2767}
06-24 16:29:46.621  4367  4367 I GDH.PermanentNotification: Recreate bitmap
06-24 16:29:46.621  4367  4367 I GDH.InternalNotifier: rem notifier de.michelinside.glucodatahandler.common.chart.ChartBitmapCreator@b9dd881
06-24 16:29:46.623  4367  4367 I GDH.Chart.BitmapCreator.1: using circle radius: 2.8
06-24 16:29:46.623  4367  4367 I GDH.Chart.Creator.1: updateGraphStartTime: reset graph start time - current: 0
06-24 16:29:46.647  4367  4367 I GDH.GlucoDataServiceMobile: onConfigurationChanged called: {1.0 214mcc22mnc [es_ES] ldltr sw360dp w360dp h697dp 320dpi nrml long port finger -keyb/v/h -nav/h winConfig={ mBounds=Rect(0, 0 - 720, 1560) mAppBounds=Rect(0, 53 - 720, 1464) mWindowingMode=fullscreen mDisplayWindowingMode=fullscreen mActivityType=undefined mAlwaysOnTop=undefined mRotation=ROTATION_0} s.2807}
06-24 16:29:46.647  4367  4367 I GDH.PermanentNotification: Recreate bitmap
06-24 16:29:46.647  4367  4367 I GDH.Chart.Bitmap.1: stop bitmap creation
06-24 16:29:46.664  4367 13686 I GDH.Chart.Bitmap.1: bitmap created for chart de.michelinside.glucodatahandler.common.chart.ChartBitmapCreator@2a8d9c1
06-24 16:29:46.665  4367  4367 I GDH.InternalNotifier: rem notifier de.michelinside.glucodatahandler.common.chart.ChartBitmapCreator@2a8d9c1
06-24 16:29:46.666  4367  4367 I GDH.Chart.BitmapCreator.1: using circle radius: 2.8
06-24 16:29:46.667  4367  4367 I GDH.Chart.Creator.1: updateGraphStartTime: reset graph start time - current: 0
06-24 16:29:46.670  4367  4367 I GDH.InternalNotifier: rem notifier ExportImportSettingsFragment{e7e70c3} (d457f42e-d895-458f-99a3-884267ae10ff id=0x1020002)
06-24 16:29:46.689  4367 13687 I GDH.Chart.Bitmap.1: bitmap created for chart de.michelinside.glucodatahandler.common.chart.ChartBitmapCreator@b8cd954
06-24 16:29:46.727  4367  4367 I GDH.InternalNotifier: add notifier ExportImportSettingsFragment{e08a803} (d457f42e-d895-458f-99a3-884267ae10ff id=0x1020002) - filter: [CAPILITY_INFO] - timechanged: false
06-24 16:29:46.745  4367 12927 D MediaScannerConnection: Scanned /storage/emulated/0/Download to content://media/external_primary/file/11
06-24 16:29:47.393  4367  4367 I GDH.NotificationReceiver: New notification from com.medtronic.diabetes.minimedmobile.eu - ongoing: true (flags: 98, prio: 0) - posted: 16:29:47 (1750778987168) - when 16:29:47 (1750778987167) - diff notify: 4, diff recv value: 239
06-24 16:29:47.394  4367  4367 I GDH.NotificationReceiver: Check for changed value or wait for multi value package with 0s interval
06-24 16:29:47.394  4367  4367 I GDH.NotificationReceiver: Ignoring notification out of interval - diff: 239 < 250
06-24 16:29:47.395  4367  4367 I GDH.NotificationReceiver: New IOB notification from com.medtronic.diabetes.minimedmobile.eu - posted: 16:29:47 (1750778987168) - when 16:29:47 (1750778987167)
06-24 16:29:47.395  4367  4367 I GDH.NotificationReceiver: using IOB regex (\d*\.?\d+) U
06-24 16:29:47.396  4367  4367 I GDH.NotificationReceiver: extracted title `` and text ``
06-24 16:29:47.409  4367  4367 I GDH.NotificationReceiver: Found value: 1.3 using regex in android.widget.TextView{8f65f72 V.ED..... ......ID 0,0-0,0 #7f0902c0 app:id/message_active_insulin_value}
06-24 16:29:47.410  4367  4367 I GDH.NotificationReceiver: Extracted iob value: 1.3 from time: 16:29:47
06-24 16:29:47.410  4367  4367 I GDH.SourceStateData: Set state NONE for source NOTIFICATION: 
06-24 16:29:51.019  4367  4367 I GDH.Task.Time.TaskService: Set next alarm after 5 minute(s) at 16:30:51 (received at 16:25:48) with a delay of 3s
06-24 16:29:51.025  4367 13693 I GDH.Task.Time.TaskService: execute after 4 min: ElapsedTimeTask
06-24 16:29:51.395  4367  4367 I GDH.NotificationReceiver: New notification from com.medtronic.diabetes.minimedmobile.eu - ongoing: true (flags: 98, prio: 0) - posted: 16:29:51 (1750778991168) - when 16:29:51 (1750778991166) - diff notify: 4, diff recv value: 243
06-24 16:29:51.395  4367  4367 I GDH.NotificationReceiver: Check for changed value or wait for multi value package with 0s interval
06-24 16:29:51.395  4367  4367 I GDH.NotificationReceiver: Ignoring notification out of interval - diff: 243 < 250
06-24 16:29:51.396  4367  4367 I GDH.NotificationReceiver: New IOB notification from com.medtronic.diabetes.minimedmobile.eu - posted: 16:29:51 (1750778991168) - when 16:29:51 (1750778991166)
06-24 16:29:51.396  4367  4367 I GDH.NotificationReceiver: using IOB regex (\d*\.?\d+) U
06-24 16:29:51.397  4367  4367 I GDH.NotificationReceiver: extracted title `` and text ``
06-24 16:29:51.414  4367  4367 I GDH.NotificationReceiver: Found value: 1.275 using regex in android.widget.TextView{4f75334 V.ED..... ......ID 0,0-0,0 #7f0902c0 app:id/message_active_insulin_value}
06-24 16:29:51.415  4367  4367 I GDH.NotificationReceiver: Extracted iob value: 1.275 from time: 16:29:51
06-24 16:29:51.415  4367  4367 I GDH.SourceStateData: Set state NONE for source NOTIFICATION: 

06-24 16:30:42.118  4367  4367 I GDH.NotificationReceiver: New notification from com.medtronic.diabetes.minimedmobile.eu - ongoing: true (flags: 98, prio: 0) - posted: 16:30:41 (1750779041888) - when 16:30:41 (1750779041882) - diff notify: 50, diff recv value: 293
06-24 16:30:42.118  4367  4367 I GDH.NotificationReceiver: Check for changed value or wait for multi value package with 0s interval
06-24 16:30:42.119  4367  4367 I GDH.NotificationReceiver: using regex (?:^|\s)(\d*\.?\d+)(?=\s|$)
06-24 16:30:42.119  4367  4367 I GDH.NotificationReceiver: extracted title `` and text ``
06-24 16:30:42.146  4367  4367 I GDH.NotificationReceiver: Found value: 300.0 using regex in android.widget.TextView{1b5cd1 V.ED..... ......ID 0,0-0,0 #7f090405 app:id/sg_value}
06-24 16:30:42.147  4367  4367 I GDH.NotificationReceiver: Extracted glucose value: 300.0 from time: 16:30:41
06-24 16:30:42.147  4367  4367 I GDH.NotificationReceiver: Ignoring value notification with same value: 300.0
06-24 16:30:42.147  4367  4367 E GDH.SourceStateData: Error state for source NOTIFICATION: Invalid glucose value: 300.0 - info: 
06-24 16:30:42.147  4367  4367 I GDH.NotificationReceiver: New IOB notification from com.medtronic.diabetes.minimedmobile.eu - posted: 16:30:41 (1750779041888) - when 16:30:41 (1750779041882)
06-24 16:30:42.148  4367  4367 I GDH.NotificationReceiver: using IOB regex (\d*\.?\d+) U
06-24 16:30:42.148  4367  4367 I GDH.NotificationReceiver: extracted title `` and text ``
06-24 16:30:42.157  4367  4367 I GDH.NotificationReceiver: Found value: 1.275 using regex in android.widget.TextView{ca9ebbe V.ED..... ......ID 0,0-0,0 #7f0902c0 app:id/message_active_insulin_value}
06-24 16:30:42.157  4367  4367 I GDH.NotificationReceiver: Extracted iob value: 1.275 from time: 16:30:41
06-24 16:30:42.157  4367  4367 I GDH.ReceiveData: Only IOB/COB changed: 1.275/NaN - at 16:30:41
06-24 16:30:42.168  4367  4367 I GDH.widget.GlucoseBaseWidget: Trigger update of 1 widget(s) with type CHART_GLUCOSE_TREND_DELTA_TIME_IOB_COB
06-24 16:30:42.169  4367  4367 I GDH.SourceStateData: Set state NONE for source NOTIFICATION: 
06-24 16:30:42.932  4367  4367 I GDH.GlucoDataServiceMobile: onConfigurationChanged called: {1.0 214mcc22mnc [es_ES] ldltr sw360dp w705dp h325dp 320dpi nrml long land finger -keyb/v/h -nav/h winConfig={ mBounds=Rect(0, 0 - 1560, 720) mAppBounds=Rect(96, 0 - 1507, 720) mWindowingMode=fullscreen mDisplayWindowingMode=fullscreen mActivityType=undefined mAlwaysOnTop=undefined mRotation=ROTATION_270} s.2911}
06-24 16:30:42.932  4367  4367 I GDH.PermanentNotification: Recreate bitmap
06-24 16:30:42.932  4367  4367 I GDH.InternalNotifier: rem notifier de.michelinside.glucodatahandler.common.chart.ChartBitmapCreator@d4a9b7e
06-24 16:30:42.934  4367  4367 I GDH.Chart.BitmapCreator.1: using circle radius: 2.8
06-24 16:30:42.935  4367  4367 I GDH.Chart.Creator.1: updateGraphStartTime: reset graph start time - current: 0
06-24 16:30:42.961  4367  4367 I GDH.GlucoDataServiceMobile: onConfigurationChanged called: {1.0 214mcc22mnc [es_ES] ldltr sw360dp w360dp h697dp 320dpi nrml long port finger -keyb/v/h -nav/h winConfig={ mBounds=Rect(0, 0 - 720, 1560) mAppBounds=Rect(0, 53 - 720, 1464) mWindowingMode=fullscreen mDisplayWindowingMode=fullscreen mActivityType=undefined mAlwaysOnTop=undefined mRotation=ROTATION_0} s.2951}
06-24 16:30:42.961  4367  4367 I GDH.PermanentNotification: Recreate bitmap
06-24 16:30:42.961  4367  4367 I GDH.Chart.Bitmap.1: stop bitmap creation
06-24 16:30:42.980  4367 13741 I GDH.Chart.Bitmap.1: bitmap created for chart de.michelinside.glucodatahandler.common.chart.ChartBitmapCreator@d5d35
06-24 16:30:42.980  4367  4367 I GDH.InternalNotifier: rem notifier de.michelinside.glucodatahandler.common.chart.ChartBitmapCreator@d5d35
06-24 16:30:42.981  4367  4367 I GDH.Chart.BitmapCreator.1: using circle radius: 2.8
06-24 16:30:42.981  4367  4367 I GDH.Chart.Creator.1: updateGraphStartTime: reset graph start time - current: 0
06-24 16:30:42.985  4367  4367 I GDH.InternalNotifier: rem notifier ExportImportSettingsFragment{e0f0d87} (d457f42e-d895-458f-99a3-884267ae10ff id=0x1020002)
06-24 16:30:43.008  4367 13742 I GDH.Chart.Bitmap.1: bitmap created for chart de.michelinside.glucodatahandler.common.chart.ChartBitmapCreator@3cafa58
06-24 16:30:43.057  4367  4367 I GDH.InternalNotifier: add notifier ExportImportSettingsFragment{4a822e2} (d457f42e-d895-458f-99a3-884267ae10ff id=0x1020002) - filter: [CAPILITY_INFO] - timechanged: false
06-24 16:30:43.075  4367 12927 D MediaScannerConnection: Scanned /storage/emulated/0/Download to content://media/external_primary/file/11
06-24 16:30:43.731  4367  4367 I GDH.NotificationReceiver: New notification from com.medtronic.diabetes.minimedmobile.eu - ongoing: true (flags: 98, prio: 0) - posted: 16:30:43 (1750779043500) - when 16:30:43 (1750779043498) - diff notify: 1, diff recv value: 295
06-24 16:30:43.731  4367  4367 I GDH.NotificationReceiver: Check for new value for 1s update
06-24 16:30:43.734  4367  4367 I GDH.NotificationReceiver: using regex (?:^|\s)(\d*\.?\d+)(?=\s|$)
06-24 16:30:43.735  4367  4367 I GDH.NotificationReceiver: extracted title `` and text ``
06-24 16:30:43.756  4367  4367 I GDH.NotificationReceiver: Found value: 300.0 using regex in android.widget.TextView{39e331 V.ED..... ......ID 0,0-0,0 #7f090405 app:id/sg_value}
06-24 16:30:43.756  4367  4367 I GDH.NotificationReceiver: Extracted glucose value: 300.0 from time: 16:30:43
06-24 16:30:43.761  4367  4367 I GDH.ReceiveData: Glucodata received from NOTIFICATION: Bundle[{glucodata.Minute.Alarm=0, glucodata.Minute.Rate=NaN, glucodata.Minute.Time=1750779043500, glucodata.Minute.mgdl=300}] - timestamp: 24 jun. 2025 16:30:43
06-24 16:30:43.767  4367  4367 I GDH.Task.Time.TaskService: Set next alarm after 1 minute(s) at 16:31:46 (received at 16:30:43) with a delay of 3s
06-24 16:30:43.779  4367  4367 I GDH.SourceStateData: Set state NONE for source NOTIFICATION: 
06-24 16:30:43.780  4367  4367 I GDH.NotificationReceiver: New IOB notification from com.medtronic.diabetes.minimedmobile.eu - posted: 16:30:43 (1750779043500) - when 16:30:43 (1750779043498)
06-24 16:30:43.781  4367  4367 I GDH.NotificationReceiver: using IOB regex (\d*\.?\d+) U
06-24 16:30:43.781  4367  4367 I GDH.NotificationReceiver: extracted title `` and text ``
06-24 16:30:43.794  4367  4367 I GDH.NotificationReceiver: Found value: 1.275 using regex in android.widget.TextView{e55cd9 V.ED..... ......ID 0,0-0,0 #7f0902c0 app:id/message_active_insulin_value}
06-24 16:30:43.796  4367  4367 I GDH.NotificationReceiver: Extracted iob value: 1.275 from time: 16:30:43
06-24 16:30:43.796  4367  4367 I GDH.SourceStateData: Set state NONE for source NOTIFICATION: 
06-24 16:30:44.787  4367  4367 I GDH.InternalNotifier: rem notifier de.michelinside.glucodatahandler.common.chart.ChartBitmapCreator@3cafa58
06-24 16:30:44.790  4367  4367 I GDH.Chart.BitmapCreator.1: using circle radius: 2.8
06-24 16:30:44.791  4367  4367 I GDH.Chart.Creator.1: updateGraphStartTime: reset graph start time - current: 0
06-24 16:30:44.809  4367  4367 I GDH.InternalNotifier: rem notifier de.michelinside.glucodatahandler.common.chart.ChartBitmapCreator@4427ed2
06-24 16:30:44.811  4367  4367 I GDH.Chart.BitmapCreator.2: using circle radius: 2.8
06-24 16:30:44.812  4367  4367 I GDH.Chart.Creator.2: updateGraphStartTime: reset graph start time - current: 0
06-24 16:30:44.825  4367 13747 I GDH.Chart.Bitmap.1: bitmap created for chart de.michelinside.glucodatahandler.common.chart.ChartBitmapCreator@9402a9b
06-24 16:30:44.838  4367 13748 I GDH.Chart.Bitmap.2: bitmap created for chart de.michelinside.glucodatahandler.common.chart.ChartBitmapCreator@c2f8e38
06-24 16:30:44.852  4367  4367 I GDH.widget.GlucoseBaseWidget: Trigger update of 1 widget(s) with type CHART_GLUCOSE_TREND_DELTA_TIME_IOB_COB
06-24 16:30:52.116  4367  4367 I GDH.NotificationReceiver: New notification from com.medtronic.diabetes.minimedmobile.eu - ongoing: true (flags: 98, prio: 0) - posted: 16:30:51 (1750779051894) - when 16:30:51 (1750779051888) - diff notify: 8, diff recv value: 8
06-24 16:30:52.116  4367  4367 I GDH.NotificationReceiver: Check for changed value or wait for multi value package with 0s interval
06-24 16:30:52.116  4367  4367 I GDH.NotificationReceiver: Ignoring notification out of interval - diff: 8 < 250
06-24 16:30:52.116  4367  4367 I GDH.NotificationReceiver: New IOB notification from com.medtronic.diabetes.minimedmobile.eu - posted: 16:30:51 (1750779051894) - when 16:30:51 (1750779051888)
06-24 16:30:52.118  4367  4367 I GDH.NotificationReceiver: using IOB regex (\d*\.?\d+) U
06-24 16:30:52.118  4367  4367 I GDH.NotificationReceiver: extracted title `` and text ``
06-24 16:30:52.136  4367  4367 I GDH.NotificationReceiver: Found value: 1.275 using regex in android.widget.TextView{163da0a V.ED..... ......ID 0,0-0,0 #7f0902c0 app:id/message_active_insulin_value}
06-24 16:30:52.137  4367  4367 I GDH.NotificationReceiver: Extracted iob value: 1.275 from time: 16:30:51
06-24 16:30:52.137  4367  4367 I GDH.SourceStateData: Set state NONE for source NOTIFICATION: 
06-24 16:30:54.872  4367  4367 I GDH.NotificationReceiver: New notification from com.medtronic.diabetes.minimedmobile.eu - ongoing: true (flags: 98, prio: 0) - posted: 16:30:54 (1750779054640) - when 16:30:54 (1750779054635) - diff notify: 2, diff recv value: 11
06-24 16:30:54.872  4367  4367 I GDH.NotificationReceiver: Check for changed value or wait for multi value package with 0s interval
06-24 16:30:54.873  4367  4367 I GDH.NotificationReceiver: Ignoring notification out of interval - diff: 11 < 250
06-24 16:30:54.875  4367  4367 I GDH.NotificationReceiver: New IOB notification from com.medtronic.diabetes.minimedmobile.eu - posted: 16:30:54 (1750779054640) - when 16:30:54 (1750779054635)
06-24 16:30:54.878  4367  4367 I GDH.NotificationReceiver: using IOB regex (\d*\.?\d+) U
06-24 16:30:54.879  4367  4367 I GDH.NotificationReceiver: extracted title `` and text ``
06-24 16:30:54.903  4367  4367 I GDH.NotificationReceiver: Found value: 1.375 using regex in android.widget.TextView{4e2e612 V.ED..... ......ID 0,0-0,0 #7f0902c0 app:id/message_active_insulin_value}
06-24 16:30:54.904  4367  4367 I GDH.NotificationReceiver: Extracted iob value: 1.375 from time: 16:30:54
06-24 16:30:54.904  4367  4367 I GDH.SourceStateData: Set state NONE for source NOTIFICATION: 

06-24 16:31:51.887  4367  4367 I GDH.NotificationReceiver: New notification from com.medtronic.diabetes.minimedmobile.eu - ongoing: true (flags: 98, prio: 0) - posted: 16:31:51 (1750779111656) - when 16:31:51 (1750779111654) - diff notify: 57, diff recv value: 68
06-24 16:31:51.887  4367  4367 I GDH.NotificationReceiver: Check for changed value or wait for multi value package with 0s interval
06-24 16:31:51.888  4367  4367 I GDH.NotificationReceiver: Ignoring notification out of interval - diff: 68 < 250
06-24 16:31:51.889  4367  4367 I GDH.NotificationReceiver: New IOB notification from com.medtronic.diabetes.minimedmobile.eu - posted: 16:31:51 (1750779111656) - when 16:31:51 (1750779111654)
06-24 16:31:51.892  4367  4367 I GDH.NotificationReceiver: using IOB regex (\d*\.?\d+) U
06-24 16:31:51.892  4367  4367 I GDH.NotificationReceiver: extracted title `` and text ``
06-24 16:31:51.938  4367  4367 I GDH.NotificationReceiver: Found value: 1.35 using regex in android.widget.TextView{aada1e7 V.ED..... ......ID 0,0-0,0 #7f0902c0 app:id/message_active_insulin_value}
06-24 16:31:51.938  4367  4367 I GDH.NotificationReceiver: Extracted iob value: 1.35 from time: 16:31:51
06-24 16:31:51.938  4367  4367 I GDH.ReceiveData: Only IOB/COB changed: 1.35/NaN - at 16:31:51

06-24 16:32:51.139  4367  4367 I GDH.NotificationReceiver: New notification from com.medtronic.diabetes.minimedmobile.eu - ongoing: true (flags: 98, prio: 0) - posted: 16:32:50 (1750779170907) - when 16:32:50 (1750779170899) - diff notify: 59, diff recv value: 127
06-24 16:32:51.139  4367  4367 I GDH.NotificationReceiver: Check for changed value or wait for multi value package with 0s interval
06-24 16:32:51.139  4367  4367 I GDH.NotificationReceiver: Ignoring notification out of interval - diff: 127 < 250
06-24 16:32:51.140  4367  4367 I GDH.NotificationReceiver: New IOB notification from com.medtronic.diabetes.minimedmobile.eu - posted: 16:32:50 (1750779170907) - when 16:32:50 (1750779170899)
06-24 16:32:51.141  4367  4367 I GDH.NotificationReceiver: using IOB regex (\d*\.?\d+) U
06-24 16:32:51.142  4367  4367 I GDH.NotificationReceiver: extracted title `` and text ``
06-24 16:32:51.161  4367  4367 I GDH.NotificationReceiver: Found value: 1.325 using regex in android.widget.TextView{78925fd V.ED..... ......ID 0,0-0,0 #7f0902c0 app:id/message_active_insulin_value}
06-24 16:32:51.162  4367  4367 I GDH.NotificationReceiver: Extracted iob value: 1.325 from time: 16:32:50
06-24 16:32:51.162  4367  4367 I GDH.ReceiveData: Only IOB/COB changed: 1.325/NaN - at 16:32:50
06-24 16:32:51.181  4367  4367 I GDH.widget.GlucoseBaseWidget: Trigger update of 1 widget(s) with type CHART_GLUCOSE_TREND_DELTA_TIME_IOB_COB
06-24 16:32:51.182  4367  4367 I GDH.SourceStateData: Set state NONE for source NOTIFICATION: 
06-24 16:33:22.789  4367  4367 I GDH.NotificationReceiver: New notification from com.medtronic.diabetes.minimedmobile.eu - ongoing: true (flags: 98, prio: 0) - posted: 16:33:22 (1750779202577) - when 16:33:22 (1750779202573) - diff notify: 31, diff recv value: 159
06-24 16:33:22.789  4367  4367 I GDH.NotificationReceiver: Check for changed value or wait for multi value package with 0s interval
06-24 16:33:22.789  4367  4367 I GDH.NotificationReceiver: Ignoring notification out of interval - diff: 159 < 250
06-24 16:33:22.790  4367  4367 I GDH.NotificationReceiver: New IOB notification from com.medtronic.diabetes.minimedmobile.eu - posted: 16:33:22 (1750779202577) - when 16:33:22 (1750779202573)
06-24 16:33:22.791  4367  4367 I GDH.NotificationReceiver: using IOB regex (\d*\.?\d+) U
06-24 16:33:22.791  4367  4367 I GDH.NotificationReceiver: extracted title `` and text ``
06-24 16:33:22.819  4367  4367 I GDH.NotificationReceiver: Found value: 1.325 using regex in android.widget.TextView{c5da608 V.ED..... ......ID 0,0-0,0 #7f0902c0 app:id/message_active_insulin_value}
06-24 16:33:22.819  4367  4367 I GDH.NotificationReceiver: Extracted iob value: 1.325 from time: 16:33:22
06-24 16:33:22.820  4367  4367 I GDH.ReceiveData: Only IOB/COB changed: 1.325/NaN - at 16:33:22
06-24 16:33:22.844  4367  4367 I GDH.widget.GlucoseBaseWidget: Trigger update of 1 widget(s) with type CHART_GLUCOSE_TREND_DELTA_TIME_IOB_COB
06-24 16:33:22.845  4367  4367 I GDH.SourceStateData: Set state NONE for source NOTIFICATION: 
06-24 16:33:46.019  4367  4367 I GDH.Task.Time.TaskService: Set next alarm after 4 minute(s) at 16:34:46 (received at 16:30:43) with a delay of 3s
06-24 16:33:46.034  4367 13853 I GDH.Task.Time.TaskService: execute after 3 min: ElapsedTimeTask
06-24 16:33:50.876  4367  4367 I GDH.NotificationReceiver: New notification from com.medtronic.diabetes.minimedmobile.eu - ongoing: true (flags: 98, prio: 0) - posted: 16:33:50 (1750779230644) - when 16:33:50 (1750779230638) - diff notify: 28, diff recv value: 187
06-24 16:33:50.876  4367  4367 I GDH.NotificationReceiver: Check for changed value or wait for multi value package with 0s interval
06-24 16:33:50.876  4367  4367 I GDH.NotificationReceiver: Ignoring notification out of interval - diff: 187 < 250
06-24 16:33:50.876  4367  4367 I GDH.NotificationReceiver: New IOB notification from com.medtronic.diabetes.minimedmobile.eu - posted: 16:33:50 (1750779230644) - when 16:33:50 (1750779230638)
06-24 16:33:50.877  4367  4367 I GDH.NotificationReceiver: using IOB regex (\d*\.?\d+) U
06-24 16:33:50.877  4367  4367 I GDH.NotificationReceiver: extracted title `` and text ``
06-24 16:33:50.895  4367  4367 I GDH.NotificationReceiver: Found value: 1.3 using regex in android.widget.TextView{dc4c868 V.ED..... ......ID 0,0-0,0 #7f0902c0 app:id/message_active_insulin_value}
06-24 16:33:50.896  4367  4367 I GDH.NotificationReceiver: Extracted iob value: 1.3 from time: 16:33:50
06-24 16:33:50.896  4367  4367 I GDH.SourceStateData: Set state NONE for source NOTIFICATION: 
06-24 16:33:51.355  4367  4367 I GDH.BatteryReceiver: Received batter level: 39% - enabled: true
06-24 16:33:51.444  4367  4367 I GDH.InternalNotifier: rem notifier ExportImportSettingsFragment{4a822e2} (d457f42e-d895-458f-99a3-884267ae10ff id=0x1020002)
06-24 16:33:52.506  4367  4367 I GDH.NotificationReceiver: New notification from com.medtronic.diabetes.minimedmobile.eu - ongoing: true (flags: 98, prio: 0) - posted: 16:33:52 (1750779232296) - when 16:33:52 (1750779232295) - diff notify: 1, diff recv value: 189
06-24 16:33:52.506  4367  4367 I GDH.NotificationReceiver: Check for new value for 1s update
06-24 16:33:52.507  4367  4367 I GDH.NotificationReceiver: using regex (?:^|\s)(\d*\.?\d+)(?=\s|$)
06-24 16:33:52.507  4367  4367 I GDH.NotificationReceiver: extracted title `` and text ``
06-24 16:33:52.520  4367  4367 I GDH.NotificationReceiver: Found value: 300.0 using regex in android.widget.TextView{eac9ac8 V.ED..... ......ID 0,0-0,0 #7f090405 app:id/sg_value}
06-24 16:33:52.521  4367  4367 I GDH.NotificationReceiver: Extracted glucose value: 300.0 from time: 16:33:52
06-24 16:33:52.521  4367  4367 I GDH.NotificationReceiver: Ignoring value notification with same value: 300.0
06-24 16:33:52.521  4367  4367 E GDH.SourceStateData: Error state for source NOTIFICATION: Invalid glucose value: 300.0 - info: 
06-24 16:33:52.521  4367  4367 I GDH.NotificationReceiver: New IOB notification from com.medtronic.diabetes.minimedmobile.eu - posted: 16:33:52 (1750779232296) - when 16:33:52 (1750779232295)
06-24 16:33:52.522  4367  4367 I GDH.NotificationReceiver: using IOB regex (\d*\.?\d+) U
06-24 16:33:52.522  4367  4367 I GDH.NotificationReceiver: extracted title `` and text ``
06-24 16:33:52.536  4367  4367 I GDH.NotificationReceiver: Found value: 1.3 using regex in android.widget.TextView{d51dc10 V.ED..... ......ID 0,0-0,0 #7f0902c0 app:id/message_active_insulin_value}
06-24 16:33:52.537  4367  4367 I GDH.NotificationReceiver: Extracted iob value: 1.3 from time: 16:33:52
06-24 16:33:52.537  4367  4367 I GDH.SourceStateData: Set state NONE for source NOTIFICATION: 

06-24 16:34:02.160  4367  4367 I GDH.NotificationReceiver: New notification from com.medtronic.diabetes.minimedmobile.eu - ongoing: true (flags: 98, prio: 0) - posted: 16:34:01 (1750779241947) - when 16:34:01 (1750779241944) - diff notify: 9, diff recv value: 198
06-24 16:34:02.160  4367  4367 I GDH.NotificationReceiver: Check for changed value or wait for multi value package with 0s interval
06-24 16:34:02.160  4367  4367 I GDH.NotificationReceiver: Ignoring notification out of interval - diff: 198 < 250
06-24 16:34:02.160  4367  4367 I GDH.NotificationReceiver: New IOB notification from com.medtronic.diabetes.minimedmobile.eu - posted: 16:34:01 (1750779241947) - when 16:34:01 (1750779241944)
06-24 16:34:02.161  4367  4367 I GDH.NotificationReceiver: using IOB regex (\d*\.?\d+) U
06-24 16:34:02.161  4367  4367 I GDH.NotificationReceiver: extracted title `` and text ``
06-24 16:34:02.173  4367  4367 I GDH.NotificationReceiver: Found value: 1.3 using regex in android.widget.TextView{a340d52 V.ED..... ......ID 0,0-0,0 #7f0902c0 app:id/message_active_insulin_value}
06-24 16:34:02.174  4367  4367 I GDH.NotificationReceiver: Extracted iob value: 1.3 from time: 16:34:01
06-24 16:34:02.174  4367  4367 I GDH.ReceiveData: Only IOB/COB changed: 1.3/NaN - at 16:34:01
06-24 16:34:02.191  4367  4367 I GDH.widget.GlucoseBaseWidget: Trigger update of 1 widget(s) with type CHART_GLUCOSE_TREND_DELTA_TIME_IOB_COB
06-24 16:34:02.192  4367  4367 I GDH.SourceStateData: Set state NONE for source NOTIFICATION: 
06-24 16:34:02.823  4367  4367 I GDH.GlucoDataServiceMobile: onConfigurationChanged called: {1.0 214mcc22mnc [es_ES] ldltr sw360dp w705dp h325dp 320dpi nrml long land finger -keyb/v/h -nav/h winConfig={ mBounds=Rect(0, 0 - 1560, 720) mAppBounds=Rect(96, 0 - 1507, 720) mWindowingMode=fullscreen mDisplayWindowingMode=fullscreen mActivityType=undefined mAlwaysOnTop=undefined mRotation=ROTATION_270} s.3052}
06-24 16:34:02.823  4367  4367 I GDH.PermanentNotification: Recreate bitmap
06-24 16:34:02.823  4367  4367 I GDH.InternalNotifier: rem notifier de.michelinside.glucodatahandler.common.chart.ChartBitmapCreator@8cd2b7a
06-24 16:34:02.825  4367  4367 I GDH.Chart.BitmapCreator.1: using circle radius: 2.8
06-24 16:34:02.826  4367  4367 I GDH.Chart.Creator.1: updateGraphStartTime: reset graph start time - current: 0
06-24 16:34:02.856  4367  4367 I GDH.GlucoDataServiceMobile: onConfigurationChanged called: {1.0 214mcc22mnc [es_ES] ldltr sw360dp w360dp h697dp 320dpi nrml long port finger -keyb/v/h -nav/h winConfig={ mBounds=Rect(0, 0 - 720, 1560) mAppBounds=Rect(0, 53 - 720, 1464) mWindowingMode=fullscreen mDisplayWindowingMode=fullscreen mActivityType=undefined mAlwaysOnTop=undefined mRotation=ROTATION_0} s.3092}
06-24 16:34:02.856  4367  4367 I GDH.PermanentNotification: Recreate bitmap
06-24 16:34:02.856  4367  4367 I GDH.Chart.Bitmap.1: stop bitmap creation
06-24 16:34:02.863  4367 13937 I GDH.Chart.Bitmap.1: bitmap created for chart de.michelinside.glucodatahandler.common.chart.ChartBitmapCreator@8a3cad9
06-24 16:34:02.873  4367  4367 I GDH.InternalNotifier: rem notifier de.michelinside.glucodatahandler.common.chart.ChartBitmapCreator@8a3cad9
06-24 16:34:02.875  4367  4367 I GDH.Chart.BitmapCreator.1: using circle radius: 2.8
06-24 16:34:02.876  4367  4367 I GDH.Chart.Creator.1: updateGraphStartTime: reset graph start time - current: 0
06-24 16:34:02.881  4367  4367 I GDH.InternalNotifier: rem notifier ExportImportSettingsFragment{ef7cfbf} (d457f42e-d895-458f-99a3-884267ae10ff id=0x1020002)
06-24 16:34:02.897  4367 13938 I GDH.Chart.Bitmap.1: bitmap created for chart de.michelinside.glucodatahandler.common.chart.ChartBitmapCreator@7beef4c
06-24 16:34:02.942  4367  4367 I GDH.InternalNotifier: add notifier ExportImportSettingsFragment{1aace2f} (d457f42e-d895-458f-99a3-884267ae10ff id=0x1020002) - filter: [CAPILITY_INFO] - timechanged: false
06-24 16:34:02.983  4367 12927 D MediaScannerConnection: Scanned /storage/emulated/0/Download to content://media/external_primary/file/11
06-24 16:34:03.607  4367  4367 I GDH.NotificationReceiver: New notification from com.medtronic.diabetes.minimedmobile.eu - ongoing: true (flags: 98, prio: 0) - posted: 16:34:03 (1750779243377) - when 16:34:03 (1750779243375) - diff notify: 1, diff recv value: 200
06-24 16:34:03.607  4367  4367 I GDH.NotificationReceiver: Check for new value for 1s update
06-24 16:34:03.610  4367  4367 I GDH.NotificationReceiver: using regex (?:^|\s)(\d*\.?\d+)(?=\s|$)
06-24 16:34:03.611  4367  4367 I GDH.NotificationReceiver: extracted title `` and text ``
06-24 16:34:03.631  4367  4367 I GDH.NotificationReceiver: Found value: 300.0 using regex in android.widget.TextView{290c9da V.ED..... ......ID 0,0-0,0 #7f090405 app:id/sg_value}
06-24 16:34:03.631  4367  4367 I GDH.NotificationReceiver: Extracted glucose value: 300.0 from time: 16:34:03
06-24 16:34:03.631  4367  4367 I GDH.NotificationReceiver: Ignoring value notification with same value: 300.0
06-24 16:34:03.632  4367  4367 E GDH.SourceStateData: Error state for source NOTIFICATION: Invalid glucose value: 300.0 - info: 
06-24 16:34:03.632  4367  4367 I GDH.NotificationReceiver: New IOB notification from com.medtronic.diabetes.minimedmobile.eu - posted: 16:34:03 (1750779243377) - when 16:34:03 (1750779243375)
06-24 16:34:03.633  4367  4367 I GDH.NotificationReceiver: using IOB regex (\d*\.?\d+) U
06-24 16:34:03.633  4367  4367 I GDH.NotificationReceiver: extracted title `` and text ``
06-24 16:34:03.647  4367  4367 I GDH.NotificationReceiver: Found value: 1.3 using regex in android.widget.TextView{8c613e2 V.ED..... ......ID 0,0-0,0 #7f0902c0 app:id/message_active_insulin_value}
06-24 16:34:03.648  4367  4367 I GDH.NotificationReceiver: Extracted iob value: 1.3 from time: 16:34:03
06-24 16:34:03.648  4367  4367 I GDH.SourceStateData: Set state NONE for source NOTIFICATION: 

06-24 16:35:15.956  4367  4367 I GDH.NotificationReceiver: New notification from com.medtronic.diabetes.minimedmobile.eu - ongoing: true (flags: 98, prio: 0) - posted: 16:35:15 (1750779315730) - when 16:35:15 (1750779315728) - diff notify: 72, diff recv value: 272
06-24 16:35:15.956  4367  4367 I GDH.NotificationReceiver: Check for changed value or wait for multi value package with 0s interval
06-24 16:35:15.957  4367  4367 I GDH.NotificationReceiver: using regex (?:^|\s)(\d*\.?\d+)(?=\s|$)
06-24 16:35:15.957  4367  4367 I GDH.NotificationReceiver: extracted title `` and text ``
06-24 16:35:15.978  4367  4367 I GDH.NotificationReceiver: Found value: 300.0 using regex in android.widget.TextView{31aa831 V.ED..... ......ID 0,0-0,0 #7f090405 app:id/sg_value}
06-24 16:35:15.979  4367  4367 I GDH.NotificationReceiver: Extracted glucose value: 300.0 from time: 16:35:15
06-24 16:35:15.979  4367  4367 I GDH.NotificationReceiver: Ignoring value notification with same value: 300.0
06-24 16:35:15.979  4367  4367 E GDH.SourceStateData: Error state for source NOTIFICATION: Invalid glucose value: 300.0 - info: 
06-24 16:35:15.980  4367  4367 I GDH.NotificationReceiver: New IOB notification from com.medtronic.diabetes.minimedmobile.eu - posted: 16:35:15 (1750779315730) - when 16:35:15 (1750779315728)
06-24 16:35:15.981  4367  4367 I GDH.NotificationReceiver: using IOB regex (\d*\.?\d+) U
06-24 16:35:15.981  4367  4367 I GDH.NotificationReceiver: extracted title `` and text ``
06-24 16:35:15.997  4367  4367 I GDH.NotificationReceiver: Found value: 1.3 using regex in android.widget.TextView{dd01d9 V.ED..... ......ID 0,0-0,0 #7f0902c0 app:id/message_active_insulin_value}
06-24 16:35:15.997  4367  4367 I GDH.NotificationReceiver: Extracted iob value: 1.3 from time: 16:35:15
06-24 16:35:15.998  4367  4367 I GDH.ReceiveData: Only IOB/COB changed: 1.3/NaN - at 16:35:15
06-24 16:35:16.010  4367  4367 I GDH.widget.GlucoseBaseWidget: Trigger update of 1 widget(s) with type CHART_GLUCOSE_TREND_DELTA_TIME_IOB_COB
06-24 16:35:16.011  4367  4367 I GDH.SourceStateData: Set state NONE for source NOTIFICATION: 
06-24 16:35:39.418  4367  4367 I GDH.GlucoDataServiceMobile: onConfigurationChanged called: {1.0 214mcc22mnc [es_ES] ldltr sw360dp w333dp h697dp 320dpi nrml long port finger -keyb/v/h -nav/h winConfig={ mBounds=Rect(0, 0 - 720, 1560) mAppBounds=Rect(0, 53 - 720, 1464) mWindowingMode=fullscreen mDisplayWindowingMode=fullscreen mActivityType=undefined mAlwaysOnTop=undefined mRotation=ROTATION_0} s.3121}
06-24 16:35:39.418  4367  4367 I GDH.PermanentNotification: Recreate bitmap
06-24 16:35:39.418  4367  4367 I GDH.InternalNotifier: rem notifier de.michelinside.glucodatahandler.common.chart.ChartBitmapCreator@2123d3a
06-24 16:35:39.419  4367  4367 I GDH.Chart.BitmapCreator.1: using circle radius: 2.8
06-24 16:35:39.420  4367  4367 I GDH.Chart.Creator.1: updateGraphStartTime: reset graph start time - current: 0
06-24 16:35:39.449  4367  4367 I GDH.GlucoDataServiceMobile: onConfigurationChanged called: {1.0 214mcc22mnc [es_ES] ldltr sw360dp w705dp h332dp 320dpi nrml long land finger -keyb/v/h -nav/h winConfig={ mBounds=Rect(0, 0 - 1560, 720) mAppBounds=Rect(53, 0 - 1464, 720) mWindowingMode=fullscreen mDisplayWindowingMode=fullscreen mActivityType=undefined mAlwaysOnTop=undefined mRotation=ROTATION_90} s.3158}
06-24 16:35:39.449  4367  4367 I GDH.PermanentNotification: Recreate bitmap
06-24 16:35:39.449  4367  4367 I GDH.Chart.Bitmap.1: stop bitmap creation
06-24 16:35:39.468  4367 14019 I GDH.Chart.Bitmap.1: bitmap created for chart de.michelinside.glucodatahandler.common.chart.ChartBitmapCreator@212e295
06-24 16:35:39.469  4367  4367 I GDH.InternalNotifier: rem notifier de.michelinside.glucodatahandler.common.chart.ChartBitmapCreator@212e295
06-24 16:35:39.470  4367  4367 I GDH.Chart.BitmapCreator.1: using circle radius: 2.8
06-24 16:35:39.471  4367  4367 I GDH.Chart.Creator.1: updateGraphStartTime: reset graph start time - current: 0
06-24 16:35:39.476  4367  4367 I GDH.InternalNotifier: rem notifier ExportImportSettingsFragment{1aace2f} (d457f42e-d895-458f-99a3-884267ae10ff id=0x1020002)
06-24 16:35:39.493  4367 14021 I GDH.Chart.Bitmap.1: bitmap created for chart de.michelinside.glucodatahandler.common.chart.ChartBitmapCreator@f84c738
06-24 16:35:39.556  4367  4367 I GDH.InternalNotifier: add notifier ExportImportSettingsFragment{4c0c210} (d457f42e-d895-458f-99a3-884267ae10ff id=0x1020002) - filter: [CAPILITY_INFO] - timechanged: false
06-24 16:35:39.583  4367 12927 D MediaScannerConnection: Scanned /storage/emulated/0/Download to content://media/external_primary/file/11
06-24 16:35:39.693  4367  4389 W System  : A resource failed to call release. 
06-24 16:35:39.693  4367  4389 I chatty  : uid=10193(de.michelinside.glucodatahandler) FinalizerDaemon identical 5 lines
06-24 16:35:39.693  4367  4389 W System  : A resource failed to call release. 
06-24 16:35:39.697  4367  4389 W System  : A resource failed to call release. 
06-24 16:35:39.700  4367  4389 W System  : A resource failed to call release. 
06-24 16:35:40.098  4367  4367 I GDH.GlucoDataServiceMobile: onConfigurationChanged called: {1.0 214mcc22mnc [es_ES] ldltr sw360dp w705dp h325dp 320dpi nrml long land finger -keyb/v/h -nav/h winConfig={ mBounds=Rect(0, 0 - 1560, 720) mAppBounds=Rect(53, 0 - 1464, 720) mWindowingMode=fullscreen mDisplayWindowingMode=fullscreen mActivityType=undefined mAlwaysOnTop=undefined mRotation=ROTATION_90} s.3189}
06-24 16:35:40.098  4367  4367 I GDH.PermanentNotification: Recreate bitmap
06-24 16:35:40.099  4367  4367 I GDH.InternalNotifier: rem notifier de.michelinside.glucodatahandler.common.chart.ChartBitmapCreator@f84c738
06-24 16:35:40.100  4367  4367 I GDH.Chart.BitmapCreator.1: using circle radius: 2.8
06-24 16:35:40.101  4367  4367 I GDH.Chart.Creator.1: updateGraphStartTime: reset graph start time - current: 0
06-24 16:35:40.131  4367 14028 I GDH.Chart.Bitmap.1: bitmap created for chart de.michelinside.glucodatahandler.common.chart.ChartBitmapCreator@b4d6c6e
06-24 16:35:40.146  4367  4367 I GDH.GlucoDataServiceMobile: onConfigurationChanged called: {1.0 214mcc22mnc [es_ES] ldltr sw360dp w360dp h697dp 320dpi nrml long port finger -keyb/v/h -nav/h winConfig={ mBounds=Rect(0, 0 - 720, 1560) mAppBounds=Rect(0, 53 - 720, 1464) mWindowingMode=fullscreen mDisplayWindowingMode=fullscreen mActivityType=undefined mAlwaysOnTop=undefined mRotation=ROTATION_0} s.3226}
06-24 16:35:40.146  4367  4367 I GDH.PermanentNotification: Recreate bitmap
06-24 16:35:40.146  4367  4367 I GDH.InternalNotifier: rem notifier de.michelinside.glucodatahandler.common.chart.ChartBitmapCreator@b4d6c6e
06-24 16:35:40.147  4367  4367 I GDH.Chart.BitmapCreator.1: using circle radius: 2.8
06-24 16:35:40.148  4367  4367 I GDH.Chart.Creator.1: updateGraphStartTime: reset graph start time - current: 0
06-24 16:35:40.154  4367  4367 I GDH.InternalNotifier: rem notifier ExportImportSettingsFragment{4c0c210} (d457f42e-d895-458f-99a3-884267ae10ff id=0x1020002)
06-24 16:35:40.178  4367 14029 I GDH.Chart.Bitmap.1: bitmap created for chart de.michelinside.glucodatahandler.common.chart.ChartBitmapCreator@21899a5
06-24 16:35:40.220  4367  4367 I GDH.InternalNotifier: add notifier ExportImportSettingsFragment{231f4b6} (d457f42e-d895-458f-99a3-884267ae10ff id=0x1020002) - filter: [CAPILITY_INFO] - timechanged: false
06-24 16:35:40.300  4367  4367 I GDH.NotificationReceiver: New notification from com.medtronic.diabetes.minimedmobile.eu - ongoing: true (flags: 98, prio: 0) - posted: 16:35:39 (1750779339989) - when 16:35:39 (1750779339988) - diff notify: 24, diff recv value: 296
06-24 16:35:40.300  4367  4367 I GDH.NotificationReceiver: Check for changed value or wait for multi value package with 0s interval
06-24 16:35:40.301  4367  4367 I GDH.NotificationReceiver: using regex (?:^|\s)(\d*\.?\d+)(?=\s|$)
06-24 16:35:40.301  4367  4367 I GDH.NotificationReceiver: extracted title `` and text ``
06-24 16:35:40.307  4367 12927 D MediaScannerConnection: Scanned /storage/emulated/0/Download to content://media/external_primary/file/11
06-24 16:35:40.318  4367  4367 I GDH.NotificationReceiver: Found value: 300.0 using regex in android.widget.TextView{9c16203 V.ED..... ......ID 0,0-0,0 #7f090405 app:id/sg_value}
06-24 16:35:40.318  4367  4367 I GDH.NotificationReceiver: Extracted glucose value: 300.0 from time: 16:35:39
06-24 16:35:40.319  4367  4367 I GDH.NotificationReceiver: Ignoring value notification with same value: 300.0
06-24 16:35:40.319  4367  4367 E GDH.SourceStateData: Error state for source NOTIFICATION: Invalid glucose value: 300.0 - info: 
06-24 16:35:40.319  4367  4367 I GDH.NotificationReceiver: New IOB notification from com.medtronic.diabetes.minimedmobile.eu - posted: 16:35:39 (1750779339989) - when 16:35:39 (1750779339988)
06-24 16:35:40.319  4367  4367 I GDH.NotificationReceiver: using IOB regex (\d*\.?\d+) U
06-24 16:35:40.319  4367  4367 I GDH.NotificationReceiver: extracted title `` and text ``
06-24 16:35:40.325  4367  4367 I GDH.NotificationReceiver: Found value: 1.3 using regex in android.widget.TextView{af693c8 V.ED..... ......ID 0,0-0,0 #7f0902c0 app:id/message_active_insulin_value}
06-24 16:35:40.326  4367  4367 I GDH.NotificationReceiver: Extracted iob value: 1.3 from time: 16:35:39
06-24 16:35:40.326  4367  4367 I GDH.SourceStateData: Set state NONE for source NOTIFICATION: 
06-24 16:35:40.902  4367  4367 I GDH.NotificationReceiver: New notification from com.medtronic.diabetes.minimedmobile.eu - ongoing: true (flags: 98, prio: 0) - posted: 16:35:40 (1750779340674) - when 16:35:40 (1750779340672) - diff notify: 0, diff recv value: 297
06-24 16:35:40.902  4367  4367 I GDH.NotificationReceiver: Check for new value for 0s update
06-24 16:35:40.903  4367  4367 I GDH.NotificationReceiver: using regex (?:^|\s)(\d*\.?\d+)(?=\s|$)
06-24 16:35:40.904  4367  4367 I GDH.NotificationReceiver: extracted title `` and text ``
06-24 16:35:40.920  4367  4367 I GDH.NotificationReceiver: Found value: 300.0 using regex in android.widget.TextView{e3492a4 V.ED..... ......ID 0,0-0,0 #7f090405 app:id/sg_value}
06-24 16:35:40.921  4367  4367 I GDH.NotificationReceiver: Extracted glucose value: 300.0 from time: 16:35:40
06-24 16:35:40.927  4367  4367 I GDH.ReceiveData: Glucodata received from NOTIFICATION: Bundle[{glucodata.Minute.Alarm=0, glucodata.Minute.Rate=NaN, glucodata.Minute.Time=1750779340674, glucodata.Minute.mgdl=300}] - timestamp: 24 jun. 2025 16:35:40
06-24 16:35:40.933  4367  4367 I GDH.Task.Time.TaskService: Set next alarm after 1 minute(s) at 16:36:43 (received at 16:35:40) with a delay of 3s
06-24 16:35:40.952  4367  4367 I GDH.SourceStateData: Set state NONE for source NOTIFICATION: 
06-24 16:35:40.952  4367  4367 I GDH.NotificationReceiver: New IOB notification from com.medtronic.diabetes.minimedmobile.eu - posted: 16:35:40 (1750779340674) - when 16:35:40 (1750779340672)
06-24 16:35:40.953  4367  4367 I GDH.NotificationReceiver: using IOB regex (\d*\.?\d+) U
06-24 16:35:40.953  4367  4367 I GDH.NotificationReceiver: extracted title `` and text ``
06-24 16:35:40.960  4367  4367 I GDH.NotificationReceiver: Found value: 1.3 using regex in android.widget.TextView{f20026c V.ED..... ......ID 0,0-0,0 #7f0902c0 app:id/message_active_insulin_value}
06-24 16:35:40.960  4367  4367 I GDH.NotificationReceiver: Extracted iob value: 1.3 from time: 16:35:40
06-24 16:35:40.960  4367  4367 I GDH.SourceStateData: Set state NONE for source NOTIFICATION: 
06-24 16:35:41.959  4367  4367 I GDH.InternalNotifier: rem notifier de.michelinside.glucodatahandler.common.chart.ChartBitmapCreator@21899a5
06-24 16:35:41.964  4367  4367 I GDH.Chart.BitmapCreator.1: using circle radius: 2.8
06-24 16:35:41.966  4367  4367 I GDH.Chart.Creator.1: updateGraphStartTime: reset graph start time - current: 0
06-24 16:35:41.987  4367  4367 I GDH.InternalNotifier: rem notifier de.michelinside.glucodatahandler.common.chart.ChartBitmapCreator@6c80c65
06-24 16:35:41.992  4367  4367 I GDH.Chart.BitmapCreator.2: using circle radius: 2.8
06-24 16:35:41.993  4367  4367 I GDH.Chart.Creator.2: updateGraphStartTime: reset graph start time - current: 0
06-24 16:35:42.020  4367 14036 I GDH.Chart.Bitmap.1: bitmap created for chart de.michelinside.glucodatahandler.common.chart.ChartBitmapCreator@1e42b96
06-24 16:35:42.026  4367 14037 I GDH.Chart.Bitmap.2: bitmap created for chart de.michelinside.glucodatahandler.common.chart.ChartBitmapCreator@f727317
06-24 16:35:42.050  4367  4367 I GDH.widget.GlucoseBaseWidget: Trigger update of 1 widget(s) with type CHART_GLUCOSE_TREND_DELTA_TIME_IOB_COB
06-24 16:35:51.498  4367  4367 I GDH.NotificationReceiver: New notification from com.medtronic.diabetes.minimedmobile.eu - ongoing: true (flags: 98, prio: 0) - posted: 16:35:51 (1750779351270) - when 16:35:51 (1750779351263) - diff notify: 10, diff recv value: 11
06-24 16:35:51.499  4367  4367 I GDH.NotificationReceiver: Check for changed value or wait for multi value package with 0s interval
06-24 16:35:51.499  4367  4367 I GDH.NotificationReceiver: Ignoring notification out of interval - diff: 11 < 250
06-24 16:35:51.500  4367  4367 I GDH.NotificationReceiver: New IOB notification from com.medtronic.diabetes.minimedmobile.eu - posted: 16:35:51 (1750779351270) - when 16:35:51 (1750779351263)
06-24 16:35:51.501  4367  4367 I GDH.NotificationReceiver: using IOB regex (\d*\.?\d+) U
06-24 16:35:51.501  4367  4367 I GDH.NotificationReceiver: extracted title `` and text ``
06-24 16:35:51.523  4367  4367 I GDH.NotificationReceiver: Found value: 1.3 using regex in android.widget.TextView{aa3e3b8 V.ED..... ......ID 0,0-0,0 #7f0902c0 app:id/message_active_insulin_value}
06-24 16:35:51.524  4367  4367 I GDH.NotificationReceiver: Extracted iob value: 1.3 from time: 16:35:51
06-24 16:35:51.525  4367  4367 I GDH.ReceiveData: Only IOB/COB changed: 1.3/NaN - at 16:35:51
06-24 16:35:51.558  4367  4367 I GDH.widget.GlucoseBaseWidget: Trigger update of 1 widget(s) with type CHART_GLUCOSE_TREND_DELTA_TIME_IOB_COB
06-24 16:35:51.559  4367  4367 I GDH.SourceStateData: Set state NONE for source NOTIFICATION: 
06-24 16:35:54.343  4367  4367 I GDH.NotificationReceiver: New notification from com.medtronic.diabetes.minimedmobile.eu - ongoing: true (flags: 98, prio: 0) - posted: 16:35:54 (1750779354127) - when 16:35:54 (1750779354125) - diff notify: 2, diff recv value: 14
06-24 16:35:54.344  4367  4367 I GDH.NotificationReceiver: Check for changed value or wait for multi value package with 0s interval
06-24 16:35:54.344  4367  4367 I GDH.NotificationReceiver: Ignoring notification out of interval - diff: 14 < 250
06-24 16:35:54.345  4367  4367 I GDH.NotificationReceiver: New IOB notification from com.medtronic.diabetes.minimedmobile.eu - posted: 16:35:54 (1750779354127) - when 16:35:54 (1750779354125)
06-24 16:35:54.346  4367  4367 I GDH.NotificationReceiver: using IOB regex (\d*\.?\d+) U
06-24 16:35:54.347  4367  4367 I GDH.NotificationReceiver: extracted title `` and text ``
06-24 16:35:54.370  4367  4367 I GDH.NotificationReceiver: Found value: 1.275 using regex in android.widget.TextView{4221d7e V.ED..... ......ID 0,0-0,0 #7f0902c0 app:id/message_active_insulin_value}
06-24 16:35:54.371  4367  4367 I GDH.NotificationReceiver: Extracted iob value: 1.275 from time: 16:35:54
06-24 16:35:54.371  4367  4367 I GDH.SourceStateData: Set state NONE for source NOTIFICATION: 
06-24 16:35:54.371  4367  4367 I GDH.SourceStateData: Set state NONE for source NOTIFICATION: 