06-24 16:19:51.971  4367  4367 I GDH.NotificationReceiver: New notification from com.medtronic.diabetes.minimedmobile.eu - ongoing: true (flags: 98, prio: 0) - posted: 16:19:51 (1750778391739) - when 16:19:51 (1750778391732) - diff notify: 120, diff recv value: 120
06-24 16:19:51.971  4367  4367 I GDH.NotificationReceiver: Check for changed value or wait for multi value package with 0s interval
06-24 16:19:51.971  4367  4367 I GDH.NotificationReceiver: Ignoring notification out of interval - diff: 120 < 250
06-24 16:19:51.971  4367  4367 I GDH.NotificationReceiver: New IOB notification from com.medtronic.diabetes.minimedmobile.eu - posted: 16:19:51 (1750778391739) - when 16:19:51 (1750778391732)
06-24 16:19:51.972  4367  4367 I GDH.NotificationReceiver: using IOB regex (\d*\.?\d+) U
06-24 16:19:51.972  4367  4367 I GDH.NotificationReceiver: extracted title `` and text ``
06-24 16:19:51.981  4367  4367 I GDH.NotificationReceiver: Found value: 1.275 using regex in android.widget.TextView{1798d63 V.ED..... ......ID 0,0-0,0 #7f0902c0 app:id/message_active_insulin_value}
06-24 16:19:51.981  4367  4367 I GDH.NotificationReceiver: Extracted iob value: 1.275 from time: 16:19:51
06-24 16:19:51.981  4367  4367 I GDH.ReceiveData: Only IOB/COB changed: 1.275/NaN - at 16:19:51
06-24 16:19:51.997  4367  4367 I GDH.widget.GlucoseBaseWidget: Trigger update of 1 widget(s) with type CHART_GLUCOSE_TREND_DELTA_TIME_IOB_COB
06-24 16:19:51.998  4367  4367 I GDH.SourceStateData: Set state NONE for source NOTIFICATION: 
06-24 16:19:54.018  4367  4367 I GDH.Task.Time.TaskService: Set next alarm after 3 minute(s) at 16:20:54 (received at 16:17:51) with a delay of 3s
06-24 16:19:54.023  4367 12781 I GDH.Task.Time.TaskService: execute after 2 min: ElapsedTimeTask
06-24 16:19:55.032  4367  4367 I GDH.InternalNotifier: rem notifier de.michelinside.glucodatahandler.common.chart.ChartBitmapCreator@f907de7
06-24 16:19:55.041  4367  4367 I GDH.Chart.BitmapCreator.1: using circle radius: 2.8
06-24 16:19:55.042  4367  4367 I GDH.Chart.Creator.1: updateGraphStartTime: reset graph start time - current: 0
06-24 16:19:55.057  4367  4367 I GDH.InternalNotifier: rem notifier de.michelinside.glucodatahandler.common.chart.ChartBitmapCreator@e8c2d94
06-24 16:19:55.063  4367  4367 I GDH.Chart.BitmapCreator.2: using circle radius: 2.8
06-24 16:19:55.067  4367  4367 I GDH.Chart.Creator.2: updateGraphStartTime: reset graph start time - current: 0
06-24 16:19:55.095  4367 12784 I GDH.Chart.Bitmap.1: bitmap created for chart de.michelinside.glucodatahandler.common.chart.ChartBitmapCreator@17da878
06-24 16:19:55.111  4367 12785 I GDH.Chart.Bitmap.2: bitmap created for chart de.michelinside.glucodatahandler.common.chart.ChartBitmapCreator@a57b51
06-24 16:19:55.113  4367  4367 I GDH.widget.GlucoseBaseWidget: Trigger update of 1 widget(s) with type CHART_GLUCOSE_TREND_DELTA_TIME_IOB_COB
06-24 16:20:03.720  4367  4367 I GDH.BatteryReceiver: Received batter level: 41% - enabled: true
06-24 16:20:04.475  4367  4367 I GDH.BatteryReceiver: Received batter level: 41% - enabled: true
06-24 16:20:05.037  4367  4367 I GDH.NotificationReceiver: New notification from com.medtronic.diabetes.minimedmobile.eu - ongoing: true (flags: 98, prio: 0) - posted: 16:20:04 (1750778404822) - when 16:20:04 (1750778404821) - diff notify: 13, diff recv value: 133
06-24 16:20:05.037  4367  4367 I GDH.NotificationReceiver: Check for changed value or wait for multi value package with 0s interval
06-24 16:20:05.037  4367  4367 I GDH.NotificationReceiver: Ignoring notification out of interval - diff: 133 < 250
06-24 16:20:05.037  4367  4367 I GDH.NotificationReceiver: New IOB notification from com.medtronic.diabetes.minimedmobile.eu - posted: 16:20:04 (1750778404822) - when 16:20:04 (1750778404821)
06-24 16:20:05.038  4367  4367 I GDH.NotificationReceiver: using IOB regex (\d*\.?\d+) U
06-24 16:20:05.038  4367  4367 I GDH.NotificationReceiver: extracted title `` and text ``
06-24 16:20:05.050  4367  4367 I GDH.NotificationReceiver: Found value: 1.275 using regex in android.widget.TextView{406cdbb V.ED..... ......ID 0,0-0,0 #7f0902c0 app:id/message_active_insulin_value}
06-24 16:20:05.050  4367  4367 I GDH.NotificationReceiver: Extracted iob value: 1.275 from time: 16:20:04
06-24 16:20:05.051  4367  4367 I GDH.SourceStateData: Set state NONE for source NOTIFICATION: 
06-24 16:20:08.656  4367  4367 I GDH.Task.Source.TaskService: Not active for elapsed time 2
06-24 16:20:08.693  4367  4367 I GDH.InternalNotifier: add notifier de.michelinside.glucodatahandler.MainChartCreator@5ee82f4 - filter: [TIME_VALUE, DAY_CHANGED] - timechanged: true
06-24 16:20:08.693  4367  4367 I GDH.InternalNotifier: add notifier de.michelinside.glucodatahandler.MainActivity@c9037be - filter: [BROADCAST, IOB_COB_CHANGE, IOB_COB_TIME, MESSAGECLIENT, CAPILITY_INFO, NODE_BATTERY_LEVEL, SETTINGS, CAR_CONNECTION, TIME_VALUE, ALARM_STATE_CHANGED, SOURCE_STATE_CHANGE] - timechanged: true
06-24 16:20:08.694  4367  4367 I GDH.Main: Check uncaught exception exists: false - last occured at 1 ene. 1970 0:00:00
06-24 16:20:10.992  4367  4367 I GDH.InternalNotifier: rem notifier de.michelinside.glucodatahandler.MainActivity@c9037be
06-24 16:20:10.992  4367  4367 I GDH.InternalNotifier: rem notifier de.michelinside.glucodatahandler.MainChartCreator@5ee82f4
06-24 16:20:11.779  4367  4367 I GDH.InternalNotifier: rem notifier de.michelinside.glucodatahandler.MainChartCreator@5ee82f4
06-24 16:20:47.976  4367  4367 I GDH.NotificationReceiver: New notification from com.medtronic.diabetes.minimedmobile.eu - ongoing: false (flags: 1, prio: 0) - posted: 16:20:47 (1750778447703) - when 16:20:47 (1750778447697) - diff notify: 42, diff recv value: 176
06-24 16:20:47.978  4367  4367 I GDH.NotificationReceiver: New IOB notification from com.medtronic.diabetes.minimedmobile.eu - posted: 16:20:47 (1750778447703) - when 16:20:47 (1750778447697)
06-24 16:20:47.978  4367  4367 I GDH.NotificationReceiver: using IOB regex (\d*\.?\d+) U
06-24 16:20:47.979  4367  4367 I GDH.NotificationReceiver: extracted title `Alerta en límite alto 305 mg/dL` and text `La glucosa del sensor está alta. Medir GS.
06-24 16:20:47.979  4367  4367 I GDH.NotificationReceiver: 
06-24 16:20:47.979  4367  4367 I GDH.NotificationReceiver: Compruebe la bomba.`
06-24 16:20:48.000  4367  4367 E GDH.SourceStateData: Error state for source NOTIFICATION: Could not parse IOB from [Alerta en límite alto 305 mg/dL, La glucosa del sensor está alta. Medir GS.
06-24 16:20:48.000  4367  4367 E GDH.SourceStateData: 
06-24 16:20:48.000  4367  4367 E GDH.SourceStateData: Compruebe la bomba., Alerta en límite alto 305 mg/dL. La glucosa del sensor está alta. Medir GS.] - info: 
06-24 16:20:50.717  4367  4367 I GDH.BatteryReceiver: Received batter level: 40% - enabled: true
06-24 16:20:50.717  4367  4367 I GDH.Task.Source.TaskService: Not active for elapsed time 2
06-24 16:20:52.448  4367  4367 I GDH.NotificationReceiver: New notification from com.medtronic.diabetes.minimedmobile.eu - ongoing: true (flags: 98, prio: 0) - posted: 16:20:52 (1750778452235) - when 16:20:52 (1750778452234) - diff notify: 47, diff recv value: 181
06-24 16:20:52.448  4367  4367 I GDH.NotificationReceiver: Check for changed value or wait for multi value package with 0s interval
06-24 16:20:52.448  4367  4367 I GDH.NotificationReceiver: Ignoring notification out of interval - diff: 181 < 250
06-24 16:20:52.449  4367  4367 I GDH.NotificationReceiver: New IOB notification from com.medtronic.diabetes.minimedmobile.eu - posted: 16:20:52 (1750778452235) - when 16:20:52 (1750778452234)
06-24 16:20:52.451  4367  4367 I GDH.NotificationReceiver: using IOB regex (\d*\.?\d+) U
06-24 16:20:52.451  4367  4367 I GDH.NotificationReceiver: extracted title `` and text ``
06-24 16:20:52.470  4367  4367 I GDH.NotificationReceiver: Found value: 1.275 using regex in android.widget.TextView{2d757ae V.ED..... ......ID 0,0-0,0 #7f0902c0 app:id/message_active_insulin_value}
06-24 16:20:52.471  4367  4367 I GDH.NotificationReceiver: Extracted iob value: 1.275 from time: 16:20:52
06-24 16:20:52.471  4367  4367 I GDH.ReceiveData: Only IOB/COB changed: 1.275/NaN - at 16:20:52
06-24 16:20:52.484  4367  4367 I GDH.widget.GlucoseBaseWidget: Trigger update of 1 widget(s) with type CHART_GLUCOSE_TREND_DELTA_TIME_IOB_COB
06-24 16:20:52.485  4367  4367 I GDH.SourceStateData: Set state NONE for source NOTIFICATION: 
06-24 16:20:54.017  4367  4367 I GDH.Task.Time.TaskService: Set next alarm after 4 minute(s) at 16:21:54 (received at 16:17:51) with a delay of 3s
06-24 16:20:54.027  4367 12889 I GDH.Task.Time.TaskService: execute after 3 min: ElapsedTimeTask
06-24 16:20:54.867  4367  4367 I GDH.InternalNotifier: add notifier de.michelinside.glucodatahandler.MainChartCreator@e0047ed - filter: [TIME_VALUE, DAY_CHANGED] - timechanged: true
06-24 16:20:54.868  4367  4367 I GDH.Chart.Creator.2131361943: updateGraphStartTime: 22 jun. 2025 16:20:54
06-24 16:20:54.870  4367  5004 I GDH.Utils.Packages: 24 packages found
06-24 16:20:54.876  4367  4367 I GDH.Task.Source.TaskService: Not active for elapsed time 3
06-24 16:20:54.888  4367  4367 I GDH.InternalNotifier: add notifier de.michelinside.glucodatahandler.MainChartCreator@e0047ed - filter: [TIME_VALUE, DAY_CHANGED] - timechanged: false
06-24 16:20:54.888  4367  4367 I GDH.InternalNotifier: add notifier de.michelinside.glucodatahandler.MainActivity@8cf4c6a - filter: [BROADCAST, IOB_COB_CHANGE, IOB_COB_TIME, MESSAGECLIENT, CAPILITY_INFO, NODE_BATTERY_LEVEL, SETTINGS, CAR_CONNECTION, TIME_VALUE, ALARM_STATE_CHANGED, SOURCE_STATE_CHANGE] - timechanged: true
06-24 16:20:54.889  4367  4367 I GDH.Main: Check uncaught exception exists: false - last occured at 1 ene. 1970 0:00:00
06-24 16:20:54.964  4367  4367 I GDH.NotificationReceiver: New notification from com.medtronic.diabetes.minimedmobile.eu - ongoing: true (flags: 98, prio: 0) - posted: 16:20:54 (1750778454696) - when 16:20:54 (1750778454695) - diff notify: 2, diff recv value: 183
06-24 16:20:54.964  4367  4367 I GDH.NotificationReceiver: Check for changed value or wait for multi value package with 0s interval
06-24 16:20:54.964  4367  4367 I GDH.NotificationReceiver: Ignoring notification out of interval - diff: 183 < 250
06-24 16:20:54.965  4367  4367 I GDH.NotificationReceiver: New IOB notification from com.medtronic.diabetes.minimedmobile.eu - posted: 16:20:54 (1750778454696) - when 16:20:54 (1750778454695)
06-24 16:20:54.965  4367  4367 I GDH.NotificationReceiver: using IOB regex (\d*\.?\d+) U
06-24 16:20:54.965  4367  4367 I GDH.NotificationReceiver: extracted title `` and text ``
06-24 16:20:54.975  4367  4367 I GDH.NotificationReceiver: Found value: 1.25 using regex in android.widget.TextView{bd86b0b V.ED..... ......ID 0,0-0,0 #7f0902c0 app:id/message_active_insulin_value}
06-24 16:20:54.975  4367  4367 I GDH.NotificationReceiver: Extracted iob value: 1.25 from time: 16:20:54
06-24 16:20:54.975  4367  4367 I GDH.SourceStateData: Set state NONE for source NOTIFICATION: 
06-24 16:20:55.917  4367  4367 I GDH.NotificationReceiver: New notification from com.medtronic.diabetes.minimedmobile.eu - ongoing: true (flags: 98, prio: 0) - posted: 16:20:55 (1750778455709) - when 16:20:55 (1750778455708) - diff notify: 1, diff recv value: 184
06-24 16:20:55.917  4367  4367 I GDH.NotificationReceiver: Check for new value for 1s update
06-24 16:20:55.918  4367  4367 I GDH.NotificationReceiver: using regex (?:^|\s)(\d*\.?\d+)(?=\s|$)
06-24 16:20:55.918  4367  4367 I GDH.NotificationReceiver: extracted title `` and text ``
06-24 16:20:55.926  4367  4367 I GDH.NotificationReceiver: Found value: 305.0 using regex in android.widget.TextView{a9ce6c4 V.ED..... ......ID 0,0-0,0 #7f090405 app:id/sg_value}
06-24 16:20:55.926  4367  4367 I GDH.NotificationReceiver: Extracted glucose value: 305.0 from time: 16:20:55
06-24 16:20:55.928  4367  4367 I GDH.ReceiveData: Glucodata received from NOTIFICATION: Bundle[{glucodata.Minute.Alarm=0, glucodata.Minute.Rate=NaN, glucodata.Minute.Time=1750778455709, glucodata.Minute.mgdl=305}] - timestamp: 24 jun. 2025 16:20:55
06-24 16:20:55.931  4367  4367 I GDH.Task.Time.TaskService: Set next alarm after 1 minute(s) at 16:21:58 (received at 16:20:55) with a delay of 3s
06-24 16:20:55.955  4367  4367 I GDH.SourceStateData: Set state NONE for source NOTIFICATION: 
06-24 16:20:55.956  4367  4367 I GDH.NotificationReceiver: New IOB notification from com.medtronic.diabetes.minimedmobile.eu - posted: 16:20:55 (1750778455709) - when 16:20:55 (1750778455708)
06-24 16:20:55.956  4367  4367 I GDH.NotificationReceiver: using IOB regex (\d*\.?\d+) U
06-24 16:20:55.956  4367  4367 I GDH.NotificationReceiver: extracted title `` and text ``
06-24 16:20:55.965  4367  4367 I GDH.NotificationReceiver: Found value: 1.25 using regex in android.widget.TextView{484edd5 V.ED..... ......ID 0,0-0,0 #7f0902c0 app:id/message_active_insulin_value}
06-24 16:20:55.966  4367  4367 I GDH.NotificationReceiver: Extracted iob value: 1.25 from time: 16:20:55
06-24 16:20:55.966  4367  4367 I GDH.SourceStateData: Set state NONE for source NOTIFICATION: 
06-24 16:21:13.829  4367  4367 I GDH.NotificationReceiver: New notification from com.medtronic.diabetes.minimedmobile.eu - ongoing: true (flags: 98, prio: 0) - posted: 16:21:13 (1750778473598) - when 16:21:13 (1750778473596) - diff notify: 17, diff recv value: 18
06-24 16:21:13.829  4367  4367 I GDH.NotificationReceiver: Check for changed value or wait for multi value package with 0s interval
06-24 16:21:13.829  4367  4367 I GDH.NotificationReceiver: Ignoring notification out of interval - diff: 18 < 250
06-24 16:21:13.830  4367  4367 I GDH.NotificationReceiver: New IOB notification from com.medtronic.diabetes.minimedmobile.eu - posted: 16:21:13 (1750778473598) - when 16:21:13 (1750778473596)
06-24 16:21:13.833  4367  4367 I GDH.NotificationReceiver: using IOB regex (\d*\.?\d+) U
06-24 16:21:13.833  4367  4367 I GDH.NotificationReceiver: extracted title `` and text ``
06-24 16:21:13.886  4367  4367 I GDH.NotificationReceiver: Found value: 1.25 using regex in android.widget.TextView{548fc22 V.ED..... ......ID 0,0-0,0 #7f0902c0 app:id/message_active_insulin_value}
06-24 16:21:13.887  4367  4367 I GDH.NotificationReceiver: Extracted iob value: 1.25 from time: 16:21:13
06-24 16:21:13.887  4367  4367 I GDH.SourceStateData: Set state NONE for source NOTIFICATION: 
06-24 16:21:16.448  4367  4367 I GDH.GlucoDataServiceMobile: onConfigurationChanged called: {1.0 214mcc22mnc [es_ES] ldltr sw360dp w705dp h325dp 320dpi nrml long land finger -keyb/v/h -nav/h winConfig={ mBounds=Rect(0, 0 - 1560, 720) mAppBounds=Rect(96, 0 - 1507, 720) mWindowingMode=fullscreen mDisplayWindowingMode=fullscreen mActivityType=undefined mAlwaysOnTop=undefined mRotation=ROTATION_270} s.273}
06-24 16:21:16.448  4367  4367 I GDH.PermanentNotification: Recreate bitmap
06-24 16:21:16.448  4367  4367 I GDH.InternalNotifier: rem notifier de.michelinside.glucodatahandler.common.chart.ChartBitmapCreator@12bb742
06-24 16:21:16.449  4367  4367 I GDH.Chart.BitmapCreator.1: using circle radius: 2.8
06-24 16:21:16.450  4367  4367 I GDH.Chart.Creator.1: updateGraphStartTime: reset graph start time - current: 0
06-24 16:21:16.483  4367  4367 I GDH.GlucoDataServiceMobile: onConfigurationChanged called: {1.0 214mcc22mnc [es_ES] ldltr sw360dp w360dp h697dp 320dpi nrml long port finger -keyb/v/h -nav/h winConfig={ mBounds=Rect(0, 0 - 720, 1560) mAppBounds=Rect(0, 53 - 720, 1464) mWindowingMode=fullscreen mDisplayWindowingMode=fullscreen mActivityType=undefined mAlwaysOnTop=undefined mRotation=ROTATION_0} s.315}
06-24 16:21:16.483  4367  4367 I GDH.PermanentNotification: Recreate bitmap
06-24 16:21:16.484  4367  4367 I GDH.Chart.Bitmap.1: stop bitmap creation
06-24 16:21:16.493  4367 13125 I GDH.Chart.Bitmap.1: bitmap created for chart de.michelinside.glucodatahandler.common.chart.ChartBitmapCreator@131e6b3
06-24 16:21:16.494  4367  4367 I GDH.InternalNotifier: rem notifier de.michelinside.glucodatahandler.common.chart.ChartBitmapCreator@131e6b3
06-24 16:21:16.495  4367  4367 I GDH.Chart.BitmapCreator.1: using circle radius: 2.8
06-24 16:21:16.496  4367  4367 I GDH.Chart.Creator.1: updateGraphStartTime: reset graph start time - current: 0
06-24 16:21:16.499  4367  4367 I GDH.InternalNotifier: rem notifier ExportImportSettingsFragment{c9dc35a} (d457f42e-d895-458f-99a3-884267ae10ff id=0x1020002)
06-24 16:21:16.523  4367 13126 I GDH.Chart.Bitmap.1: bitmap created for chart de.michelinside.glucodatahandler.common.chart.ChartBitmapCreator@a1eb86e
06-24 16:21:16.572  4367  4367 I GDH.InternalNotifier: add notifier ExportImportSettingsFragment{4318092} (d457f42e-d895-458f-99a3-884267ae10ff id=0x1020002) - filter: [CAPILITY_INFO] - timechanged: false
06-24 16:21:16.588  4367 12927 D MediaScannerConnection: Scanned /storage/emulated/0/Download to content://media/external_primary/file/11
06-24 16:21:17.250  4367  4367 I GDH.NotificationReceiver: New notification from com.medtronic.diabetes.minimedmobile.eu - ongoing: true (flags: 98, prio: 0) - posted: 16:21:17 (1750778477017) - when 16:21:17 (1750778477014) - diff notify: 3, diff recv value: 22
06-24 16:21:17.250  4367  4367 I GDH.NotificationReceiver: Check for changed value or wait for multi value package with 0s interval
06-24 16:21:17.250  4367  4367 I GDH.NotificationReceiver: Ignoring notification out of interval - diff: 22 < 250
06-24 16:21:17.251  4367  4367 I GDH.NotificationReceiver: New IOB notification from com.medtronic.diabetes.minimedmobile.eu - posted: 16:21:17 (1750778477017) - when 16:21:17 (1750778477014)
06-24 16:21:17.253  4367  4367 I GDH.NotificationReceiver: using IOB regex (\d*\.?\d+) U
06-24 16:21:17.254  4367  4367 I GDH.NotificationReceiver: extracted title `` and text ``
06-24 16:21:17.270  4367  4367 I GDH.NotificationReceiver: Found value: 1.25 using regex in android.widget.TextView{7230f52 V.ED..... ......ID 0,0-0,0 #7f0902c0 app:id/message_active_insulin_value}
06-24 16:21:17.270  4367  4367 I GDH.NotificationReceiver: Extracted iob value: 1.25 from time: 16:21:17
06-24 16:21:17.270  4367  4367 I GDH.SourceStateData: Set state NONE for source NOTIFICATION: 
06-24 16:21:23.819  4367  4367 I GDH.NotificationReceiver: New notification from com.medtronic.diabetes.minimedmobile.eu - ongoing: true (flags: 98, prio: 0) - posted: 16:21:23 (1750778483583) - when 16:21:23 (1750778483582) - diff notify: 6, diff recv value: 28
06-24 16:21:23.819  4367  4367 I GDH.NotificationReceiver: Check for changed value or wait for multi value package with 0s interval
06-24 16:21:23.819  4367  4367 I GDH.NotificationReceiver: Ignoring notification out of interval - diff: 28 < 250
06-24 16:21:23.819  4367  4367 I GDH.NotificationReceiver: New IOB notification from com.medtronic.diabetes.minimedmobile.eu - posted: 16:21:23 (1750778483583) - when 16:21:23 (1750778483582)
06-24 16:21:23.820  4367  4367 I GDH.NotificationReceiver: using IOB regex (\d*\.?\d+) U
06-24 16:21:23.820  4367  4367 I GDH.NotificationReceiver: extracted title `` and text ``
06-24 16:21:23.835  4367  4367 I GDH.NotificationReceiver: Found value: 1.25 using regex in android.widget.TextView{1f09e5a V.ED..... ......ID 0,0-0,0 #7f0902c0 app:id/message_active_insulin_value}
06-24 16:21:23.835  4367  4367 I GDH.NotificationReceiver: Extracted iob value: 1.25 from time: 16:21:23
06-24 16:21:23.836  4367  4367 I GDH.ReceiveData: Only IOB/COB changed: 1.25/NaN - at 16:21:23
06-24 16:21:23.861  4367  4367 I GDH.widget.GlucoseBaseWidget: Trigger update of 1 widget(s) with type CHART_GLUCOSE_TREND_DELTA_TIME_IOB_COB
06-24 16:21:23.862  4367  4367 I GDH.SourceStateData: Set state NONE for source NOTIFICATION: 
06-24 16:21:24.398  4367  4367 I GDH.NotificationReceiver: New notification from com.medtronic.diabetes.minimedmobile.eu - ongoing: true (flags: 98, prio: 0) - posted: 16:21:24 (1750778484175) - when 16:21:24 (1750778484172) - diff notify: 0, diff recv value: 29
06-24 16:21:24.398  4367  4367 I GDH.NotificationReceiver: Check for new value for 0s update
06-24 16:21:24.398  4367  4367 I GDH.NotificationReceiver: Ignoring notification out of interval - diff: 29 < 50
06-24 16:21:24.399  4367  4367 I GDH.NotificationReceiver: New IOB notification from com.medtronic.diabetes.minimedmobile.eu - posted: 16:21:24 (1750778484175) - when 16:21:24 (1750778484172)
06-24 16:21:24.400  4367  4367 I GDH.NotificationReceiver: using IOB regex (\d*\.?\d+) U
06-24 16:21:24.401  4367  4367 I GDH.NotificationReceiver: extracted title `` and text ``
06-24 16:21:24.423  4367  4367 I GDH.NotificationReceiver: Found value: 1.4 using regex in android.widget.TextView{30ab0 V.ED..... ......ID 0,0-0,0 #7f0902c0 app:id/message_active_insulin_value}
06-24 16:21:24.424  4367  4367 I GDH.NotificationReceiver: Extracted iob value: 1.4 from time: 16:21:24
06-24 16:21:24.424  4367  4367 I GDH.SourceStateData: Set state NONE for source NOTIFICATION: 
06-24 16:21:27.906  4367  4367 I GDH.NotificationReceiver: New notification from com.medtronic.diabetes.minimedmobile.eu - ongoing: true (flags: 98, prio: 0) - posted: 16:21:27 (1750778487677) - when 16:21:27 (1750778487671) - diff notify: 3, diff recv value: 32
06-24 16:21:27.907  4367  4367 I GDH.NotificationReceiver: Check for changed value or wait for multi value package with 0s interval
06-24 16:21:27.907  4367  4367 I GDH.NotificationReceiver: Ignoring notification out of interval - diff: 32 < 250
06-24 16:21:27.908  4367  4367 I GDH.NotificationReceiver: New IOB notification from com.medtronic.diabetes.minimedmobile.eu - posted: 16:21:27 (1750778487677) - when 16:21:27 (1750778487671)
06-24 16:21:27.911  4367  4367 I GDH.NotificationReceiver: using IOB regex (\d*\.?\d+) U
06-24 16:21:27.912  4367  4367 I GDH.NotificationReceiver: extracted title `` and text ``
06-24 16:21:27.929  4367  4367 I GDH.NotificationReceiver: Found value: 1.425 using regex in android.widget.TextView{4b86af8 V.ED..... ......ID 0,0-0,0 #7f0902c0 app:id/message_active_insulin_value}
06-24 16:21:27.930  4367  4367 I GDH.NotificationReceiver: Extracted iob value: 1.425 from time: 16:21:27
06-24 16:21:27.930  4367  4367 I GDH.SourceStateData: Set state NONE for source NOTIFICATION: 
06-24 16:21:29.937  4367  4367 I GDH.NotificationReceiver: New notification from com.medtronic.diabetes.minimedmobile.eu - ongoing: true (flags: 98, prio: 0) - posted: 16:21:29 (1750778489701) - when 16:21:29 (1750778489696) - diff notify: 2, diff recv value: 34
06-24 16:21:29.937  4367  4367 I GDH.NotificationReceiver: Check for changed value or wait for multi value package with 0s interval
06-24 16:21:29.937  4367  4367 I GDH.NotificationReceiver: Ignoring notification out of interval - diff: 34 < 250
06-24 16:21:29.938  4367  4367 I GDH.NotificationReceiver: New IOB notification from com.medtronic.diabetes.minimedmobile.eu - posted: 16:21:29 (1750778489701) - when 16:21:29 (1750778489696)
06-24 16:21:29.938  4367  4367 I GDH.NotificationReceiver: using IOB regex (\d*\.?\d+) U
06-24 16:21:29.939  4367  4367 I GDH.NotificationReceiver: extracted title `` and text ``
06-24 16:21:29.953  4367  4367 I GDH.NotificationReceiver: Found value: 1.425 using regex in android.widget.TextView{caf6e40 V.ED..... ......ID 0,0-0,0 #7f0902c0 app:id/message_active_insulin_value}
06-24 16:21:29.954  4367  4367 I GDH.NotificationReceiver: Extracted iob value: 1.425 from time: 16:21:29
06-24 16:21:29.954  4367  4367 I GDH.SourceStateData: Set state NONE for source NOTIFICATION: 
06-24 16:21:34.828  4367  4367 I GDH.GlucoDataServiceMobile: onConfigurationChanged called: {1.0 214mcc22mnc [es_ES] ldltr sw360dp w333dp h697dp 320dpi nrml long port finger -keyb/v/h -nav/h winConfig={ mBounds=Rect(0, 0 - 720, 1560) mAppBounds=Rect(0, 53 - 720, 1464) mWindowingMode=fullscreen mDisplayWindowingMode=fullscreen mActivityType=undefined mAlwaysOnTop=undefined mRotation=ROTATION_0} s.347}
06-24 16:21:34.828  4367  4367 I GDH.PermanentNotification: Recreate bitmap
06-24 16:21:34.828  4367  4367 I GDH.InternalNotifier: rem notifier de.michelinside.glucodatahandler.common.chart.ChartBitmapCreator@a1eb86e
06-24 16:21:34.830  4367  4367 I GDH.Chart.BitmapCreator.1: using circle radius: 2.8
06-24 16:21:34.831  4367  4367 I GDH.Chart.Creator.1: updateGraphStartTime: reset graph start time - current: 0
06-24 16:21:34.862  4367  4367 I GDH.GlucoDataServiceMobile: onConfigurationChanged called: {1.0 214mcc22mnc [es_ES] ldltr sw360dp w705dp h332dp 320dpi nrml long land finger -keyb/v/h -nav/h winConfig={ mBounds=Rect(0, 0 - 1560, 720) mAppBounds=Rect(53, 0 - 1464, 720) mWindowingMode=fullscreen mDisplayWindowingMode=fullscreen mActivityType=undefined mAlwaysOnTop=undefined mRotation=ROTATION_90} s.385}
06-24 16:21:34.863  4367  4367 I GDH.PermanentNotification: Recreate bitmap
06-24 16:21:34.863  4367  4367 I GDH.Chart.Bitmap.1: stop bitmap creation
06-24 16:21:34.865  4367  4367 I GDH.InternalNotifier: rem notifier de.michelinside.glucodatahandler.common.chart.ChartBitmapCreator@fc9a179
06-24 16:21:34.866  4367  4367 I GDH.Chart.BitmapCreator.1: using circle radius: 2.8
06-24 16:21:34.866  4367  4367 I GDH.Chart.Creator.1: updateGraphStartTime: reset graph start time - current: 0
06-24 16:21:34.873  4367  4367 I GDH.InternalNotifier: rem notifier ExportImportSettingsFragment{4318092} (d457f42e-d895-458f-99a3-884267ae10ff id=0x1020002)
06-24 16:21:34.898  4367 13136 I GDH.Chart.Bitmap.1: bitmap created for chart de.michelinside.glucodatahandler.common.chart.ChartBitmapCreator@4a2cebe
06-24 16:21:34.951  4367  4367 I GDH.InternalNotifier: add notifier ExportImportSettingsFragment{5fa2a56} (d457f42e-d895-458f-99a3-884267ae10ff id=0x1020002) - filter: [CAPILITY_INFO] - timechanged: false
06-24 16:21:34.963  4367 12927 D MediaScannerConnection: Scanned /storage/emulated/0/Download to content://media/external_primary/file/11
06-24 16:21:35.620  4367  4367 I GDH.NotificationReceiver: New notification from com.medtronic.diabetes.minimedmobile.eu - ongoing: true (flags: 98, prio: 0) - posted: 16:21:35 (1750778495391) - when 16:21:35 (1750778495389) - diff notify: 5, diff recv value: 40
06-24 16:21:35.621  4367  4367 I GDH.NotificationReceiver: Check for changed value or wait for multi value package with 0s interval
06-24 16:21:35.621  4367  4367 I GDH.NotificationReceiver: Ignoring notification out of interval - diff: 40 < 250
06-24 16:21:35.622  4367  4367 I GDH.NotificationReceiver: New IOB notification from com.medtronic.diabetes.minimedmobile.eu - posted: 16:21:35 (1750778495391) - when 16:21:35 (1750778495389)
06-24 16:21:35.624  4367  4367 I GDH.NotificationReceiver: using IOB regex (\d*\.?\d+) U
06-24 16:21:35.624  4367  4367 I GDH.NotificationReceiver: extracted title `` and text ``
06-24 16:21:35.641  4367  4367 I GDH.NotificationReceiver: Found value: 1.425 using regex in android.widget.TextView{286fb5 V.ED..... ......ID 0,0-0,0 #7f0902c0 app:id/message_active_insulin_value}
06-24 16:21:35.642  4367  4367 I GDH.NotificationReceiver: Extracted iob value: 1.425 from time: 16:21:35
06-24 16:21:35.642  4367  4367 I GDH.SourceStateData: Set state NONE for source NOTIFICATION: 
06-24 16:21:58.015  4367  4367 I GDH.Task.Time.TaskService: Set next alarm after 2 minute(s) at 16:22:58 (received at 16:20:55) with a delay of 3s
06-24 16:21:58.019  4367 13153 I GDH.Task.Time.TaskService: execute after 1 min: ElapsedTimeTask
06-24 16:21:58.107  4367  4389 W System  : A resource failed to call release. 
06-24 16:21:58.114  4367  4389 I chatty  : uid=10193(de.michelinside.glucodatahandler) FinalizerDaemon identical 7 lines
06-24 16:21:58.114  4367  4389 W System  : A resource failed to call release. 
06-24 16:22:08.723  4367  4367 I GDH.GlucoDataServiceMobile: onConfigurationChanged called: {1.0 214mcc22mnc [es_ES] ldltr sw360dp w705dp h325dp 320dpi nrml long land finger -keyb/v/h -nav/h winConfig={ mBounds=Rect(0, 0 - 1560, 720) mAppBounds=Rect(53, 0 - 1464, 720) mWindowingMode=fullscreen mDisplayWindowingMode=fullscreen mActivityType=undefined mAlwaysOnTop=undefined mRotation=ROTATION_90} s.423}
06-24 16:22:08.723  4367  4367 I GDH.PermanentNotification: Recreate bitmap
06-24 16:22:08.723  4367  4367 I GDH.InternalNotifier: rem notifier de.michelinside.glucodatahandler.common.chart.ChartBitmapCreator@4a2cebe
06-24 16:22:08.726  4367  4367 I GDH.Chart.BitmapCreator.1: using circle radius: 2.8
06-24 16:22:08.726  4367  4367 I GDH.Chart.Creator.1: updateGraphStartTime: reset graph start time - current: 0
06-24 16:22:08.752  4367  4367 I GDH.GlucoDataServiceMobile: onConfigurationChanged called: {1.0 214mcc22mnc [es_ES] ldltr sw360dp w360dp h697dp 320dpi nrml long port finger -keyb/v/h -nav/h winConfig={ mBounds=Rect(0, 0 - 720, 1560) mAppBounds=Rect(0, 53 - 720, 1464) mWindowingMode=fullscreen mDisplayWindowingMode=fullscreen mActivityType=undefined mAlwaysOnTop=undefined mRotation=ROTATION_0} s.461}
06-24 16:22:08.752  4367  4367 I GDH.PermanentNotification: Recreate bitmap
06-24 16:22:08.753  4367  4367 I GDH.Chart.Bitmap.1: stop bitmap creation
06-24 16:22:08.760  4367 13156 I GDH.Chart.Bitmap.1: bitmap created for chart de.michelinside.glucodatahandler.common.chart.ChartBitmapCreator@24eb533
06-24 16:22:08.760  4367  4367 I GDH.InternalNotifier: rem notifier de.michelinside.glucodatahandler.common.chart.ChartBitmapCreator@24eb533
06-24 16:22:08.762  4367  4367 I GDH.Chart.BitmapCreator.1: using circle radius: 2.8
06-24 16:22:08.762  4367  4367 I GDH.Chart.Creator.1: updateGraphStartTime: reset graph start time - current: 0
06-24 16:22:08.778  4367  4367 I GDH.InternalNotifier: rem notifier ExportImportSettingsFragment{5fa2a56} (d457f42e-d895-458f-99a3-884267ae10ff id=0x1020002)
06-24 16:22:08.812  4367 13157 I GDH.Chart.Bitmap.1: bitmap created for chart de.michelinside.glucodatahandler.common.chart.ChartBitmapCreator@fa2b8ee
06-24 16:22:08.841  4367  4367 I GDH.InternalNotifier: add notifier ExportImportSettingsFragment{3f4f136} (d457f42e-d895-458f-99a3-884267ae10ff id=0x1020002) - filter: [CAPILITY_INFO] - timechanged: false
06-24 16:22:08.851  4367 12927 D MediaScannerConnection: Scanned /storage/emulated/0/Download to content://media/external_primary/file/11
06-24 16:22:09.493  4367  4367 I GDH.NotificationReceiver: New notification from com.medtronic.diabetes.minimedmobile.eu - ongoing: true (flags: 98, prio: 0) - posted: 16:22:09 (1750778529281) - when 16:22:09 (1750778529280) - diff notify: 33, diff recv value: 74
06-24 16:22:09.493  4367  4367 I GDH.NotificationReceiver: Check for changed value or wait for multi value package with 0s interval
06-24 16:22:09.493  4367  4367 I GDH.NotificationReceiver: Ignoring notification out of interval - diff: 74 < 250
06-24 16:22:09.495  4367  4367 I GDH.NotificationReceiver: New IOB notification from com.medtronic.diabetes.minimedmobile.eu - posted: 16:22:09 (1750778529281) - when 16:22:09 (1750778529280)
06-24 16:22:09.496  4367  4367 I GDH.NotificationReceiver: using IOB regex (\d*\.?\d+) U
06-24 16:22:09.497  4367  4367 I GDH.NotificationReceiver: extracted title `` and text ``
06-24 16:22:09.537  4367  4367 I GDH.NotificationReceiver: Found value: 1.425 using regex in android.widget.TextView{b408a2c V.ED..... ......ID 0,0-0,0 #7f0902c0 app:id/message_active_insulin_value}
06-24 16:22:09.537  4367  4367 I GDH.NotificationReceiver: Extracted iob value: 1.425 from time: 16:22:09
06-24 16:22:09.537  4367  4367 I GDH.ReceiveData: Only IOB/COB changed: 1.425/NaN - at 16:22:09
06-24 16:22:09.558  4367  4367 I GDH.widget.GlucoseBaseWidget: Trigger update of 1 widget(s) with type CHART_GLUCOSE_TREND_DELTA_TIME_IOB_COB
06-24 16:22:09.559  4367  4367 I GDH.SourceStateData: Set state NONE for source NOTIFICATION: 

06-24 16:22:41.846  4367  4367 I GDH.NotificationReceiver: New notification from com.medtronic.diabetes.minimedmobile.eu - ongoing: true (flags: 98, prio: 0) - posted: 16:22:41 (1750778561625) - when 16:22:41 (1750778561623) - diff notify: 32, diff recv value: 106
06-24 16:22:41.846  4367  4367 I GDH.NotificationReceiver: Check for changed value or wait for multi value package with 0s interval
06-24 16:22:41.846  4367  4367 I GDH.NotificationReceiver: Ignoring notification out of interval - diff: 106 < 250
06-24 16:22:41.848  4367  4367 I GDH.NotificationReceiver: New IOB notification from com.medtronic.diabetes.minimedmobile.eu - posted: 16:22:41 (1750778561625) - when 16:22:41 (1750778561623)
06-24 16:22:41.849  4367  4367 I GDH.NotificationReceiver: using IOB regex (\d*\.?\d+) U
06-24 16:22:41.849  4367  4367 I GDH.NotificationReceiver: extracted title `` and text ``
06-24 16:22:41.872  4367  4367 I GDH.NotificationReceiver: Found value: 1.425 using regex in android.widget.TextView{7fbd793 V.ED..... ......ID 0,0-0,0 #7f0902c0 app:id/message_active_insulin_value}
06-24 16:22:41.872  4367  4367 I GDH.NotificationReceiver: Extracted iob value: 1.425 from time: 16:22:41
06-24 16:22:41.873  4367  4367 I GDH.ReceiveData: Only IOB/COB changed: 1.425/NaN - at 16:22:41
06-24 16:22:41.886  4367  4367 I GDH.widget.GlucoseBaseWidget: Trigger update of 1 widget(s) with type CHART_GLUCOSE_TREND_DELTA_TIME_IOB_COB
06-24 16:22:41.887  4367  4367 I GDH.SourceStateData: Set state NONE for source NOTIFICATION: 
06-24 16:22:47.400  4367  4367 I GDH.GlucoDataServiceMobile: onConfigurationChanged called: {1.0 214mcc22mnc [es_ES] ldltr sw360dp w705dp h325dp 320dpi nrml long land finger -keyb/v/h -nav/h winConfig={ mBounds=Rect(0, 0 - 1560, 720) mAppBounds=Rect(96, 0 - 1507, 720) mWindowingMode=fullscreen mDisplayWindowingMode=fullscreen mActivityType=undefined mAlwaysOnTop=undefined mRotation=ROTATION_270} s.571}
06-24 16:22:47.400  4367  4367 I GDH.PermanentNotification: Recreate bitmap
06-24 16:22:47.401  4367  4367 I GDH.InternalNotifier: rem notifier de.michelinside.glucodatahandler.common.chart.ChartBitmapCreator@2bb93e4
06-24 16:22:47.402  4367  4367 I GDH.Chart.BitmapCreator.1: using circle radius: 2.8
06-24 16:22:47.403  4367  4367 I GDH.Chart.Creator.1: updateGraphStartTime: reset graph start time - current: 0
06-24 16:22:47.449  4367  4367 I GDH.GlucoDataServiceMobile: onConfigurationChanged called: {1.0 214mcc22mnc [es_ES] ldltr sw360dp w360dp h697dp 320dpi nrml long port finger -keyb/v/h -nav/h winConfig={ mBounds=Rect(0, 0 - 720, 1560) mAppBounds=Rect(0, 53 - 720, 1464) mWindowingMode=fullscreen mDisplayWindowingMode=fullscreen mActivityType=undefined mAlwaysOnTop=undefined mRotation=ROTATION_0} s.611}
06-24 16:22:47.449  4367  4367 I GDH.PermanentNotification: Recreate bitmap
06-24 16:22:47.450  4367  4367 I GDH.Chart.Bitmap.1: stop bitmap creation
06-24 16:22:47.461  4367 13198 I GDH.Chart.Bitmap.1: bitmap created for chart de.michelinside.glucodatahandler.common.chart.ChartBitmapCreator@12a86ce
06-24 16:22:47.461  4367  4367 I GDH.InternalNotifier: rem notifier de.michelinside.glucodatahandler.common.chart.ChartBitmapCreator@12a86ce
06-24 16:22:47.462  4367  4367 I GDH.Chart.BitmapCreator.1: using circle radius: 2.8
06-24 16:22:47.463  4367  4367 I GDH.Chart.Creator.1: updateGraphStartTime: reset graph start time - current: 0
06-24 16:22:47.470  4367  4367 I GDH.InternalNotifier: rem notifier ExportImportSettingsFragment{3cf043c} (d457f42e-d895-458f-99a3-884267ae10ff id=0x1020002)
06-24 16:22:47.504  4367 13199 I GDH.Chart.Bitmap.1: bitmap created for chart de.michelinside.glucodatahandler.common.chart.ChartBitmapCreator@7aabf85
06-24 16:22:47.557  4367  4367 I GDH.InternalNotifier: add notifier ExportImportSettingsFragment{9ff0bfd} (d457f42e-d895-458f-99a3-884267ae10ff id=0x1020002) - filter: [CAPILITY_INFO] - timechanged: false
06-24 16:22:47.563  4367 12927 D MediaScannerConnection: Scanned /storage/emulated/0/Download to content://media/external_primary/file/11
06-24 16:22:47.577  4367  4389 W System  : A resource failed to call release. 
06-24 16:22:47.577  4367  4389 W System  : A resource failed to call release. 
06-24 16:22:48.189  4367  4367 I GDH.NotificationReceiver: New notification from com.medtronic.diabetes.minimedmobile.eu - ongoing: true (flags: 98, prio: 0) - posted: 16:22:47 (1750778567965) - when 16:22:47 (1750778567962) - diff notify: 6, diff recv value: 112
06-24 16:22:48.190  4367  4367 I GDH.NotificationReceiver: Check for changed value or wait for multi value package with 0s interval
06-24 16:22:48.190  4367  4367 I GDH.NotificationReceiver: Ignoring notification out of interval - diff: 112 < 250
06-24 16:22:48.191  4367  4367 I GDH.NotificationReceiver: New IOB notification from com.medtronic.diabetes.minimedmobile.eu - posted: 16:22:47 (1750778567965) - when 16:22:47 (1750778567962)
06-24 16:22:48.194  4367  4367 I GDH.NotificationReceiver: using IOB regex (\d*\.?\d+) U
06-24 16:22:48.194  4367  4367 I GDH.NotificationReceiver: extracted title `` and text ``
06-24 16:22:48.226  4367  4367 I GDH.NotificationReceiver: Found value: 1.425 using regex in android.widget.TextView{bbf8799 V.ED..... ......ID 0,0-0,0 #7f0902c0 app:id/message_active_insulin_value}
06-24 16:22:48.227  4367  4367 I GDH.NotificationReceiver: Extracted iob value: 1.425 from time: 16:22:47
06-24 16:22:48.227  4367  4367 I GDH.SourceStateData: Set state NONE for source NOTIFICATION: 
06-24 16:22:51.433  4367  4367 I GDH.NotificationReceiver: New notification from com.medtronic.diabetes.minimedmobile.eu - ongoing: true (flags: 98, prio: 0) - posted: 16:22:51 (1750778571204) - when 16:22:51 (1750778571197) - diff notify: 3, diff recv value: 116
06-24 16:22:51.433  4367  4367 I GDH.NotificationReceiver: Check for changed value or wait for multi value package with 0s interval
06-24 16:22:51.433  4367  4367 I GDH.NotificationReceiver: Ignoring notification out of interval - diff: 116 < 250
06-24 16:22:51.435  4367  4367 I GDH.NotificationReceiver: New IOB notification from com.medtronic.diabetes.minimedmobile.eu - posted: 16:22:51 (1750778571204) - when 16:22:51 (1750778571197)
06-24 16:22:51.436  4367  4367 I GDH.NotificationReceiver: using IOB regex (\d*\.?\d+) U
06-24 16:22:51.436  4367  4367 I GDH.NotificationReceiver: extracted title `` and text ``
06-24 16:22:51.454  4367  4367 I GDH.NotificationReceiver: Found value: 1.4 using regex in android.widget.TextView{7c729e6 V.ED..... ......ID 0,0-0,0 #7f0902c0 app:id/message_active_insulin_value}
06-24 16:22:51.455  4367  4367 I GDH.NotificationReceiver: Extracted iob value: 1.4 from time: 16:22:51
06-24 16:22:51.455  4367  4367 I GDH.SourceStateData: Set state NONE for source NOTIFICATION: 
06-24 16:22:58.011  4367  4367 I GDH.Task.Time.TaskService: Set next alarm after 3 minute(s) at 16:23:58 (received at 16:20:55) with a delay of 3s
06-24 16:22:58.015  4367 13209 I GDH.Task.Time.TaskService: execute after 2 min: ElapsedTimeTask
06-24 16:22:59.022  4367  4367 I GDH.InternalNotifier: rem notifier de.michelinside.glucodatahandler.common.chart.ChartBitmapCreator@7aabf85
06-24 16:22:59.033  4367  4367 I GDH.Chart.BitmapCreator.1: using circle radius: 2.8
06-24 16:22:59.037  4367  4367 I GDH.Chart.Creator.1: updateGraphStartTime: reset graph start time - current: 0
06-24 16:22:59.052  4367  4367 I GDH.InternalNotifier: rem notifier de.michelinside.glucodatahandler.common.chart.ChartBitmapCreator@8d8d6c6
06-24 16:22:59.058  4367  4367 I GDH.Chart.BitmapCreator.2: using circle radius: 2.8
06-24 16:22:59.061  4367  4367 I GDH.Chart.Creator.2: updateGraphStartTime: reset graph start time - current: 0
06-24 16:22:59.086  4367 13212 I GDH.Chart.Bitmap.1: bitmap created for chart de.michelinside.glucodatahandler.common.chart.ChartBitmapCreator@6c4c679
06-24 16:22:59.092  4367 13214 I GDH.Chart.Bitmap.2: bitmap created for chart de.michelinside.glucodatahandler.common.chart.ChartBitmapCreator@d78fbe
06-24 16:22:59.099  4367  4367 I GDH.widget.GlucoseBaseWidget: Trigger update of 1 widget(s) with type CHART_GLUCOSE_TREND_DELTA_TIME_IOB_COB
06-24 16:23:00.946  4367  4367 I GDH.GlucoDataServiceMobile: onConfigurationChanged called: {1.0 214mcc22mnc [es_ES] ldltr sw360dp w333dp h697dp 320dpi nrml long port finger -keyb/v/h -nav/h winConfig={ mBounds=Rect(0, 0 - 720, 1560) mAppBounds=Rect(0, 53 - 720, 1464) mWindowingMode=fullscreen mDisplayWindowingMode=fullscreen mActivityType=undefined mAlwaysOnTop=undefined mRotation=ROTATION_0} s.645}
06-24 16:23:00.946  4367  4367 I GDH.PermanentNotification: Recreate bitmap
06-24 16:23:00.946  4367  4367 I GDH.InternalNotifier: rem notifier de.michelinside.glucodatahandler.common.chart.ChartBitmapCreator@6c4c679
06-24 16:23:00.947  4367  4367 I GDH.Chart.BitmapCreator.1: using circle radius: 2.8
06-24 16:23:00.948  4367  4367 I GDH.Chart.Creator.1: updateGraphStartTime: reset graph start time - current: 0
06-24 16:23:01.002  4367 13218 I GDH.Chart.Bitmap.1: bitmap created for chart de.michelinside.glucodatahandler.common.chart.ChartBitmapCreator@6eb7e58
06-24 16:23:01.010  4367  4367 I GDH.GlucoDataServiceMobile: onConfigurationChanged called: {1.0 214mcc22mnc [es_ES] ldltr sw360dp w705dp h332dp 320dpi nrml long land finger -keyb/v/h -nav/h winConfig={ mBounds=Rect(0, 0 - 1560, 720) mAppBounds=Rect(53, 0 - 1464, 720) mWindowingMode=fullscreen mDisplayWindowingMode=fullscreen mActivityType=undefined mAlwaysOnTop=undefined mRotation=ROTATION_90} s.683}
06-24 16:23:01.010  4367  4367 I GDH.PermanentNotification: Recreate bitmap
06-24 16:23:01.010  4367  4367 I GDH.InternalNotifier: rem notifier de.michelinside.glucodatahandler.common.chart.ChartBitmapCreator@6eb7e58
06-24 16:23:01.011  4367  4367 I GDH.Chart.BitmapCreator.1: using circle radius: 2.8
06-24 16:23:01.012  4367  4367 I GDH.Chart.Creator.1: updateGraphStartTime: reset graph start time - current: 0
06-24 16:23:01.017  4367  4367 I GDH.InternalNotifier: rem notifier ExportImportSettingsFragment{9ff0bfd} (d457f42e-d895-458f-99a3-884267ae10ff id=0x1020002)
06-24 16:23:01.036  4367 13219 I GDH.Chart.Bitmap.1: bitmap created for chart de.michelinside.glucodatahandler.common.chart.ChartBitmapCreator@b7562b3
06-24 16:23:01.123  4367  4367 I GDH.InternalNotifier: add notifier ExportImportSettingsFragment{4644acf} (d457f42e-d895-458f-99a3-884267ae10ff id=0x1020002) - filter: [CAPILITY_INFO] - timechanged: false
06-24 16:23:01.149  4367 12927 D MediaScannerConnection: Scanned /storage/emulated/0/Download to content://media/external_primary/file/11
06-24 16:23:01.778  4367  4367 I GDH.NotificationReceiver: New notification from com.medtronic.diabetes.minimedmobile.eu - ongoing: true (flags: 98, prio: 0) - posted: 16:23:01 (1750778581559) - when 16:23:01 (1750778581558) - diff notify: 10, diff recv value: 126
06-24 16:23:01.778  4367  4367 I GDH.NotificationReceiver: Check for changed value or wait for multi value package with 0s interval
06-24 16:23:01.778  4367  4367 I GDH.NotificationReceiver: Ignoring notification out of interval - diff: 126 < 250
06-24 16:23:01.779  4367  4367 I GDH.NotificationReceiver: New IOB notification from com.medtronic.diabetes.minimedmobile.eu - posted: 16:23:01 (1750778581559) - when 16:23:01 (1750778581558)
06-24 16:23:01.780  4367  4367 I GDH.NotificationReceiver: using IOB regex (\d*\.?\d+) U
06-24 16:23:01.780  4367  4367 I GDH.NotificationReceiver: extracted title `` and text ``
06-24 16:23:01.800  4367  4367 I GDH.NotificationReceiver: Found value: 1.4 using regex in android.widget.TextView{d238984 V.ED..... ......ID 0,0-0,0 #7f0902c0 app:id/message_active_insulin_value}
06-24 16:23:01.800  4367  4367 I GDH.NotificationReceiver: Extracted iob value: 1.4 from time: 16:23:01
06-24 16:23:01.801  4367  4367 I GDH.SourceStateData: Set state NONE for source NOTIFICATION: 
06-24 16:23:27.311  4367  4367 I GDH.GlucoDataServiceMobile: onConfigurationChanged called: {1.0 214mcc22mnc [es_ES] ldltr sw360dp w705dp h325dp 320dpi nrml long land finger -keyb/v/h -nav/h winConfig={ mBounds=Rect(0, 0 - 1560, 720) mAppBounds=Rect(53, 0 - 1464, 720) mWindowingMode=fullscreen mDisplayWindowingMode=fullscreen mActivityType=undefined mAlwaysOnTop=undefined mRotation=ROTATION_90} s.721}
06-24 16:23:27.312  4367  4367 I GDH.PermanentNotification: Recreate bitmap
06-24 16:23:27.312  4367  4367 I GDH.InternalNotifier: rem notifier de.michelinside.glucodatahandler.common.chart.ChartBitmapCreator@b7562b3
06-24 16:23:27.314  4367  4367 I GDH.Chart.BitmapCreator.1: using circle radius: 2.8
06-24 16:23:27.314  4367  4367 I GDH.Chart.Creator.1: updateGraphStartTime: reset graph start time - current: 0
06-24 16:23:27.346  4367 13232 I GDH.Chart.Bitmap.1: bitmap created for chart de.michelinside.glucodatahandler.common.chart.ChartBitmapCreator@c1ff56d
06-24 16:23:27.361  4367  4367 I GDH.GlucoDataServiceMobile: onConfigurationChanged called: {1.0 214mcc22mnc [es_ES] ldltr sw360dp w360dp h697dp 320dpi nrml long port finger -keyb/v/h -nav/h winConfig={ mBounds=Rect(0, 0 - 720, 1560) mAppBounds=Rect(0, 53 - 720, 1464) mWindowingMode=fullscreen mDisplayWindowingMode=fullscreen mActivityType=undefined mAlwaysOnTop=undefined mRotation=ROTATION_0} s.759}
06-24 16:23:27.361  4367  4367 I GDH.PermanentNotification: Recreate bitmap
06-24 16:23:27.361  4367  4367 I GDH.InternalNotifier: rem notifier de.michelinside.glucodatahandler.common.chart.ChartBitmapCreator@c1ff56d
06-24 16:23:27.362  4367  4367 I GDH.Chart.BitmapCreator.1: using circle radius: 2.8
06-24 16:23:27.363  4367  4367 I GDH.Chart.Creator.1: updateGraphStartTime: reset graph start time - current: 0
06-24 16:23:27.367  4367  4367 I GDH.InternalNotifier: rem notifier ExportImportSettingsFragment{4644acf} (d457f42e-d895-458f-99a3-884267ae10ff id=0x1020002)
06-24 16:23:27.400  4367 13233 I GDH.Chart.Bitmap.1: bitmap created for chart de.michelinside.glucodatahandler.common.chart.ChartBitmapCreator@811b9f0
06-24 16:23:27.432  4367 12927 D MediaScannerConnection: Scanned /storage/emulated/0/Download to content://media/external_primary/file/11
06-24 16:23:27.444  4367  4367 I GDH.InternalNotifier: add notifier ExportImportSettingsFragment{c7324f} (d457f42e-d895-458f-99a3-884267ae10ff id=0x1020002) - filter: [CAPILITY_INFO] - timechanged: false
06-24 16:23:28.097  4367  4367 I GDH.NotificationReceiver: New notification from com.medtronic.diabetes.minimedmobile.eu - ongoing: true (flags: 98, prio: 0) - posted: 16:23:27 (1750778607871) - when 16:23:27 (1750778607869) - diff notify: 26, diff recv value: 152
06-24 16:23:28.097  4367  4367 I GDH.NotificationReceiver: Check for changed value or wait for multi value package with 0s interval
06-24 16:23:28.097  4367  4367 I GDH.NotificationReceiver: Ignoring notification out of interval - diff: 152 < 250
06-24 16:23:28.098  4367  4367 I GDH.NotificationReceiver: New IOB notification from com.medtronic.diabetes.minimedmobile.eu - posted: 16:23:27 (1750778607871) - when 16:23:27 (1750778607869)
06-24 16:23:28.099  4367  4367 I GDH.NotificationReceiver: using IOB regex (\d*\.?\d+) U
06-24 16:23:28.099  4367  4367 I GDH.NotificationReceiver: extracted title `` and text ``
06-24 16:23:28.116  4367  4367 I GDH.NotificationReceiver: Found value: 1.4 using regex in android.widget.TextView{4c3969c V.ED..... ......ID 0,0-0,0 #7f0902c0 app:id/message_active_insulin_value}
06-24 16:23:28.117  4367  4367 I GDH.NotificationReceiver: Extracted iob value: 1.4 from time: 16:23:27
06-24 16:23:28.118  4367  4367 I GDH.ReceiveData: Only IOB/COB changed: 1.4/NaN - at 16:23:27
06-24 16:23:28.131  4367  4367 I GDH.widget.GlucoseBaseWidget: Trigger update of 1 widget(s) with type CHART_GLUCOSE_TREND_DELTA_TIME_IOB_COB
06-24 16:23:28.132  4367  4367 I GDH.SourceStateData: Set state NONE for source NOTIFICATION: 

06-24 16:23:51.536  4367  4367 I GDH.NotificationReceiver: New notification from com.medtronic.diabetes.minimedmobile.eu - ongoing: true (flags: 98, prio: 0) - posted: 16:23:51 (1750778631299) - when 16:23:51 (1750778631292) - diff notify: 23, diff recv value: 176
06-24 16:23:51.536  4367  4367 I GDH.NotificationReceiver: Check for changed value or wait for multi value package with 0s interval
06-24 16:23:51.536  4367  4367 I GDH.NotificationReceiver: Ignoring notification out of interval - diff: 176 < 250
06-24 16:23:51.537  4367  4367 I GDH.NotificationReceiver: New IOB notification from com.medtronic.diabetes.minimedmobile.eu - posted: 16:23:51 (1750778631299) - when 16:23:51 (1750778631292)
06-24 16:23:51.538  4367  4367 I GDH.NotificationReceiver: using IOB regex (\d*\.?\d+) U
06-24 16:23:51.538  4367  4367 I GDH.NotificationReceiver: extracted title `` and text ``
06-24 16:23:51.582  4367  4367 I GDH.NotificationReceiver: Found value: 1.375 using regex in android.widget.TextView{1c2ec24 V.ED..... ......ID 0,0-0,0 #7f0902c0 app:id/message_active_insulin_value}
06-24 16:23:51.582  4367  4367 I GDH.NotificationReceiver: Extracted iob value: 1.375 from time: 16:23:51
06-24 16:23:51.582  4367  4367 I GDH.SourceStateData: Set state NONE for source NOTIFICATION: 
06-24 16:23:53.013  4367  4367 I GDH.GlucoDataServiceMobile: onConfigurationChanged called: {1.0 214mcc22mnc [es_ES] ldltr sw360dp w312dp h697dp 320dpi nrml long port finger -keyb/v/h -nav/h winConfig={ mBounds=Rect(0, 0 - 720, 1560) mAppBounds=Rect(0, 53 - 720, 1464) mWindowingMode=fullscreen mDisplayWindowingMode=fullscreen mActivityType=undefined mAlwaysOnTop=undefined mRotation=ROTATION_0} s.795}
06-24 16:23:53.013  4367  4367 I GDH.PermanentNotification: Recreate bitmap
06-24 16:23:53.013  4367  4367 I GDH.InternalNotifier: rem notifier de.michelinside.glucodatahandler.common.chart.ChartBitmapCreator@811b9f0
06-24 16:23:53.016  4367  4367 I GDH.Chart.BitmapCreator.1: using circle radius: 2.8
06-24 16:23:53.017  4367  4367 I GDH.Chart.Creator.1: updateGraphStartTime: reset graph start time - current: 0
06-24 16:23:53.059  4367  4367 I GDH.GlucoDataServiceMobile: onConfigurationChanged called: {1.0 214mcc22mnc [es_ES] ldltr sw360dp w705dp h332dp 320dpi nrml long land finger -keyb/v/h -nav/h winConfig={ mBounds=Rect(0, 0 - 1560, 720) mAppBounds=Rect(96, 0 - 1507, 720) mWindowingMode=fullscreen mDisplayWindowingMode=fullscreen mActivityType=undefined mAlwaysOnTop=undefined mRotation=ROTATION_270} s.835}
