06-24 16:23:53.059  4367  4367 I GDH.PermanentNotification: Recreate bitmap
06-24 16:23:53.059  4367  4367 I GDH.Chart.Bitmap.1: stop bitmap creation
06-24 16:23:53.070  4367 13267 I GDH.Chart.Bitmap.1: bitmap created for chart de.michelinside.glucodatahandler.common.chart.ChartBitmapCreator@bc9b38d
06-24 16:23:53.074  4367  4367 I GDH.InternalNotifier: rem notifier de.michelinside.glucodatahandler.common.chart.ChartBitmapCreator@bc9b38d
06-24 16:23:53.076  4367  4367 I GDH.Chart.BitmapCreator.1: using circle radius: 2.8
06-24 16:23:53.076  4367  4367 I GDH.Chart.Creator.1: updateGraphStartTime: reset graph start time - current: 0
06-24 16:23:53.082  4367  4367 I GDH.InternalNotifier: rem notifier ExportImportSettingsFragment{c7324f} (d457f42e-d895-458f-99a3-884267ae10ff id=0x1020002)
06-24 16:23:53.103  4367 13268 I GDH.Chart.Bitmap.1: bitmap created for chart de.michelinside.glucodatahandler.common.chart.ChartBitmapCreator@854a690
06-24 16:23:53.162  4367 12927 D MediaScannerConnection: Scanned /storage/emulated/0/Download to content://media/external_primary/file/11
06-24 16:23:53.174  4367  4367 I GDH.InternalNotifier: add notifier ExportImportSettingsFragment{6298afe} (d457f42e-d895-458f-99a3-884267ae10ff id=0x1020002) - filter: [CAPILITY_INFO] - timechanged: false
06-24 16:23:53.836  4367  4367 I GDH.NotificationReceiver: New notification from com.medtronic.diabetes.minimedmobile.eu - ongoing: true (flags: 98, prio: 0) - posted: 16:23:53 (1750778633607) - when 16:23:53 (1750778633605) - diff notify: 2, diff recv value: 178
06-24 16:23:53.836  4367  4367 I GDH.NotificationReceiver: Check for changed value or wait for multi value package with 0s interval
06-24 16:23:53.836  4367  4367 I GDH.NotificationReceiver: Ignoring notification out of interval - diff: 178 < 250
06-24 16:23:53.837  4367  4367 I GDH.NotificationReceiver: New IOB notification from com.medtronic.diabetes.minimedmobile.eu - posted: 16:23:53 (1750778633607) - when 16:23:53 (1750778633605)
06-24 16:23:53.838  4367  4367 I GDH.NotificationReceiver: using IOB regex (\d*\.?\d+) U
06-24 16:23:53.838  4367  4367 I GDH.NotificationReceiver: extracted title `` and text ``
06-24 16:23:53.854  4367  4367 I GDH.NotificationReceiver: Found value: 1.375 using regex in android.widget.TextView{ec03d7d V.ED..... ......ID 0,0-0,0 #7f0902c0 app:id/message_active_insulin_value}
06-24 16:23:53.854  4367  4367 I GDH.NotificationReceiver: Extracted iob value: 1.375 from time: 16:23:53
06-24 16:23:53.854  4367  4367 I GDH.SourceStateData: Set state NONE for source NOTIFICATION: 
06-24 16:23:55.273  4367  4367 I GDH.GlucoDataServiceMobile: onConfigurationChanged called: {1.0 214mcc22mnc [es_ES] ldltr sw360dp w705dp h325dp 320dpi nrml long land finger -keyb/v/h -nav/h winConfig={ mBounds=Rect(0, 0 - 1560, 720) mAppBounds=Rect(96, 0 - 1507, 720) mWindowingMode=fullscreen mDisplayWindowingMode=fullscreen mActivityType=undefined mAlwaysOnTop=undefined mRotation=ROTATION_270} s.869}
06-24 16:23:55.273  4367  4367 I GDH.PermanentNotification: Recreate bitmap
06-24 16:23:55.273  4367  4367 I GDH.InternalNotifier: rem notifier de.michelinside.glucodatahandler.common.chart.ChartBitmapCreator@854a690
06-24 16:23:55.275  4367  4367 I GDH.Chart.BitmapCreator.1: using circle radius: 2.8
06-24 16:23:55.276  4367  4367 I GDH.Chart.Creator.1: updateGraphStartTime: reset graph start time - current: 0
06-24 16:23:55.305  4367  4367 I GDH.GlucoDataServiceMobile: onConfigurationChanged called: {1.0 214mcc22mnc [es_ES] ldltr sw360dp w360dp h697dp 320dpi nrml long port finger -keyb/v/h -nav/h winConfig={ mBounds=Rect(0, 0 - 720, 1560) mAppBounds=Rect(0, 53 - 720, 1464) mWindowingMode=fullscreen mDisplayWindowingMode=fullscreen mActivityType=undefined mAlwaysOnTop=undefined mRotation=ROTATION_0} s.909}
06-24 16:23:55.305  4367  4367 I GDH.PermanentNotification: Recreate bitmap
06-24 16:23:55.305  4367  4367 I GDH.Chart.Bitmap.1: stop bitmap creation
06-24 16:23:55.307  4367  4367 I GDH.InternalNotifier: rem notifier de.michelinside.glucodatahandler.common.chart.ChartBitmapCreator@6447472
06-24 16:23:55.308  4367  4367 I GDH.Chart.BitmapCreator.1: using circle radius: 2.8
06-24 16:23:55.308  4367  4367 I GDH.Chart.Creator.1: updateGraphStartTime: reset graph start time - current: 0
06-24 16:23:55.317  4367  4367 I GDH.InternalNotifier: rem notifier ExportImportSettingsFragment{6298afe} (d457f42e-d895-458f-99a3-884267ae10ff id=0x1020002)
06-24 16:23:55.341  4367 13275 I GDH.Chart.Bitmap.1: bitmap created for chart de.michelinside.glucodatahandler.common.chart.ChartBitmapCreator@8cc80c3
06-24 16:23:55.396  4367  4367 I GDH.InternalNotifier: add notifier ExportImportSettingsFragment{7e108f5} (d457f42e-d895-458f-99a3-884267ae10ff id=0x1020002) - filter: [CAPILITY_INFO] - timechanged: false
06-24 16:23:55.414  4367 12927 D MediaScannerConnection: Scanned /storage/emulated/0/Download to content://media/external_primary/file/11
06-24 16:23:56.072  4367  4367 I GDH.NotificationReceiver: New notification from com.medtronic.diabetes.minimedmobile.eu - ongoing: true (flags: 98, prio: 0) - posted: 16:23:55 (1750778635843) - when 16:23:55 (1750778635841) - diff notify: 2, diff recv value: 180
06-24 16:23:56.072  4367  4367 I GDH.NotificationReceiver: Check for changed value or wait for multi value package with 0s interval
06-24 16:23:56.072  4367  4367 I GDH.NotificationReceiver: Ignoring notification out of interval - diff: 180 < 250
06-24 16:23:56.073  4367  4367 I GDH.NotificationReceiver: New IOB notification from com.medtronic.diabetes.minimedmobile.eu - posted: 16:23:55 (1750778635843) - when 16:23:55 (1750778635841)
06-24 16:23:56.075  4367  4367 I GDH.NotificationReceiver: using IOB regex (\d*\.?\d+) U
06-24 16:23:56.075  4367  4367 I GDH.NotificationReceiver: extracted title `` and text ``
06-24 16:23:56.092  4367  4367 I GDH.NotificationReceiver: Found value: 1.375 using regex in android.widget.TextView{ad3ceec V.ED..... ......ID 0,0-0,0 #7f0902c0 app:id/message_active_insulin_value}
06-24 16:23:56.092  4367  4367 I GDH.NotificationReceiver: Extracted iob value: 1.375 from time: 16:23:55
06-24 16:23:56.092  4367  4367 I GDH.SourceStateData: Set state NONE for source NOTIFICATION: 

06-24 16:25:00.371  4367  4367 I GDH.NotificationReceiver: New notification from com.medtronic.diabetes.minimedmobile.eu - ongoing: true (flags: 98, prio: 0) - posted: 16:25:00 (1750778700061) - when 16:25:00 (1750778700059) - diff notify: 64, diff recv value: 245
06-24 16:25:00.371  4367  4367 I GDH.NotificationReceiver: Check for changed value or wait for multi value package with 0s interval
06-24 16:25:00.371  4367  4367 I GDH.NotificationReceiver: Ignoring notification out of interval - diff: 245 < 250
06-24 16:25:00.371  4367  4367 I GDH.NotificationReceiver: New IOB notification from com.medtronic.diabetes.minimedmobile.eu - posted: 16:25:00 (1750778700061) - when 16:25:00 (1750778700059)
06-24 16:25:00.371  4367  4367 I GDH.NotificationReceiver: using IOB regex (\d*\.?\d+) U
06-24 16:25:00.371  4367  4367 I GDH.NotificationReceiver: extracted title `` and text ``
06-24 16:25:00.388  4367  4367 I GDH.NotificationReceiver: Found value: 1.375 using regex in android.widget.TextView{cf0c598 V.ED..... ......ID 0,0-0,0 #7f0902c0 app:id/message_active_insulin_value}
06-24 16:25:00.389  4367  4367 I GDH.NotificationReceiver: Extracted iob value: 1.375 from time: 16:25:00
06-24 16:25:00.389  4367  4367 I GDH.ReceiveData: Only IOB/COB changed: 1.375/NaN - at 16:25:00
06-24 16:25:00.402  4367  4367 I GDH.widget.GlucoseBaseWidget: Trigger update of 1 widget(s) with type CHART_GLUCOSE_TREND_DELTA_TIME_IOB_COB
06-24 16:25:00.404  4367  4367 I GDH.SourceStateData: Set state NONE for source NOTIFICATION: 
06-24 16:25:00.965  4367  4367 I GDH.NotificationReceiver: New notification from com.medtronic.diabetes.minimedmobile.eu - ongoing: true (flags: 98, prio: 0) - posted: 16:25:00 (1750778700739) - when 16:25:00 (1750778700737) - diff notify: 0, diff recv value: 245
06-24 16:25:00.965  4367  4367 I GDH.NotificationReceiver: Check for new value for 0s update
06-24 16:25:00.968  4367  4367 I GDH.NotificationReceiver: using regex (?:^|\s)(\d*\.?\d+)(?=\s|$)
06-24 16:25:00.968  4367  4367 I GDH.NotificationReceiver: extracted title `` and text ``
06-24 16:25:00.988  4367  4367 I GDH.NotificationReceiver: Found value: 305.0 using regex in android.widget.TextView{90212e3 V.ED..... ......ID 0,0-0,0 #7f090405 app:id/sg_value}
06-24 16:25:00.988  4367  4367 I GDH.NotificationReceiver: Extracted glucose value: 305.0 from time: 16:25:00
06-24 16:25:00.988  4367  4367 I GDH.NotificationReceiver: Ignoring value notification with same value: 305.0
06-24 16:25:00.989  4367  4367 E GDH.SourceStateData: Error state for source NOTIFICATION: Invalid glucose value: 305.0 - info: 
06-24 16:25:00.989  4367  4367 I GDH.NotificationReceiver: New IOB notification from com.medtronic.diabetes.minimedmobile.eu - posted: 16:25:00 (1750778700739) - when 16:25:00 (1750778700737)
06-24 16:25:00.990  4367  4367 I GDH.NotificationReceiver: using IOB regex (\d*\.?\d+) U
06-24 16:25:00.990  4367  4367 I GDH.NotificationReceiver: extracted title `` and text ``
06-24 16:25:01.005  4367  4367 I GDH.NotificationReceiver: Found value: 1.375 using regex in android.widget.TextView{9ff714b V.ED..... ......ID 0,0-0,0 #7f0902c0 app:id/message_active_insulin_value}
06-24 16:25:01.006  4367  4367 I GDH.NotificationReceiver: Extracted iob value: 1.375 from time: 16:25:00
06-24 16:25:01.006  4367  4367 I GDH.SourceStateData: Set state NONE for source NOTIFICATION: 
06-24 16:25:49.179  4367  4367 I GDH.NotificationReceiver: New notification from com.medtronic.diabetes.minimedmobile.eu - ongoing: true (flags: 98, prio: 0) - posted: 16:25:48 (1750778748948) - when 16:25:48 (1750778748947) - diff notify: 48, diff recv value: 293
06-24 16:25:49.180  4367  4367 I GDH.NotificationReceiver: Check for changed value or wait for multi value package with 0s interval
06-24 16:25:49.180  4367  4367 I GDH.NotificationReceiver: using regex (?:^|\s)(\d*\.?\d+)(?=\s|$)
06-24 16:25:49.181  4367  4367 I GDH.NotificationReceiver: extracted title `` and text ``
06-24 16:25:49.201  4367  4367 I GDH.NotificationReceiver: Found value: 300.0 using regex in android.widget.TextView{ac8d817 V.ED..... ......ID 0,0-0,0 #7f090405 app:id/sg_value}
06-24 16:25:49.202  4367  4367 I GDH.NotificationReceiver: Extracted glucose value: 300.0 from time: 16:25:48
06-24 16:25:49.209  4367  4367 I GDH.ReceiveData: Glucodata received from NOTIFICATION: Bundle[{glucodata.Minute.Alarm=0, glucodata.Minute.Rate=NaN, glucodata.Minute.Time=1750778748948, glucodata.Minute.mgdl=300}] - timestamp: 24 jun. 2025 16:25:48
06-24 16:25:49.216  4367  4367 I GDH.Task.Time.TaskService: Set next alarm after 1 minute(s) at 16:26:51 (received at 16:25:48) with a delay of 3s
06-24 16:25:49.227  4367  4367 I GDH.SourceStateData: Set state NONE for source NOTIFICATION: 
06-24 16:25:49.228  4367  4367 I GDH.NotificationReceiver: New IOB notification from com.medtronic.diabetes.minimedmobile.eu - posted: 16:25:48 (1750778748948) - when 16:25:48 (1750778748947)
06-24 16:25:49.229  4367  4367 I GDH.NotificationReceiver: using IOB regex (\d*\.?\d+) U
06-24 16:25:49.229  4367  4367 I GDH.NotificationReceiver: extracted title `` and text ``
06-24 16:25:49.237  4367  4367 I GDH.NotificationReceiver: Found value: 1.375 using regex in android.widget.TextView{4127dff V.ED..... ......ID 0,0-0,0 #7f0902c0 app:id/message_active_insulin_value}
06-24 16:25:49.238  4367  4367 I GDH.NotificationReceiver: Extracted iob value: 1.375 from time: 16:25:48
06-24 16:25:49.238  4367  4367 I GDH.ReceiveData: Only IOB/COB changed: 1.375/NaN - at 16:25:48
06-24 16:25:49.251  4367  4367 I GDH.widget.GlucoseBaseWidget: Trigger update of 1 widget(s) with type CHART_GLUCOSE_TREND_DELTA_TIME_IOB_COB
06-24 16:25:49.252  4367  4367 I GDH.SourceStateData: Set state NONE for source NOTIFICATION: 
06-24 16:25:50.227  4367  4367 I GDH.InternalNotifier: rem notifier de.michelinside.glucodatahandler.common.chart.ChartBitmapCreator@6d1662a
06-24 16:25:50.235  4367  4367 I GDH.Chart.BitmapCreator.1: using circle radius: 2.8
06-24 16:25:50.237  4367  4367 I GDH.Chart.Creator.1: updateGraphStartTime: reset graph start time - current: 0
06-24 16:25:50.247  4367  4367 I GDH.InternalNotifier: rem notifier de.michelinside.glucodatahandler.common.chart.ChartBitmapCreator@2690777
06-24 16:25:50.251  4367  4367 I GDH.Chart.BitmapCreator.2: using circle radius: 2.8
06-24 16:25:50.253  4367  4367 I GDH.Chart.Creator.2: updateGraphStartTime: reset graph start time - current: 0
06-24 16:25:50.268  4367 13379 I GDH.Chart.Bitmap.1: bitmap created for chart de.michelinside.glucodatahandler.common.chart.ChartBitmapCreator@cae85f6
06-24 16:25:50.285  4367 13380 I GDH.Chart.Bitmap.2: bitmap created for chart de.michelinside.glucodatahandler.common.chart.ChartBitmapCreator@5642df7
06-24 16:25:50.286  4367  4367 I GDH.widget.GlucoseBaseWidget: Trigger update of 1 widget(s) with type CHART_GLUCOSE_TREND_DELTA_TIME_IOB_COB
06-24 16:25:52.579  4367  4367 I GDH.NotificationReceiver: New notification from com.medtronic.diabetes.minimedmobile.eu - ongoing: true (flags: 98, prio: 0) - posted: 16:25:52 (1750778752352) - when 16:25:52 (1750778752344) - diff notify: 3, diff recv value: 4
06-24 16:25:52.579  4367  4367 I GDH.NotificationReceiver: Check for changed value or wait for multi value package with 0s interval
06-24 16:25:52.579  4367  4367 I GDH.NotificationReceiver: Ignoring notification out of interval - diff: 4 < 250
06-24 16:25:52.581  4367  4367 I GDH.NotificationReceiver: New IOB notification from com.medtronic.diabetes.minimedmobile.eu - posted: 16:25:52 (1750778752352) - when 16:25:52 (1750778752344)
06-24 16:25:52.582  4367  4367 I GDH.NotificationReceiver: using IOB regex (\d*\.?\d+) U
06-24 16:25:52.582  4367  4367 I GDH.NotificationReceiver: extracted title `` and text ``
06-24 16:25:52.604  4367  4367 I GDH.NotificationReceiver: Found value: 1.35 using regex in android.widget.TextView{c658f18 V.ED..... ......ID 0,0-0,0 #7f0902c0 app:id/message_active_insulin_value}
06-24 16:25:52.605  4367  4367 I GDH.NotificationReceiver: Extracted iob value: 1.35 from time: 16:25:52
06-24 16:25:52.605  4367  4367 I GDH.SourceStateData: Set state NONE for source NOTIFICATION: 
06-24 16:25:57.658  4367  4367 I GDH.GlucoDataServiceMobile: onConfigurationChanged called: {1.0 214mcc22mnc [es_ES] ldltr sw360dp w312dp h697dp 320dpi nrml long port finger -keyb/v/h -nav/h winConfig={ mBounds=Rect(0, 0 - 720, 1560) mAppBounds=Rect(0, 53 - 720, 1464) mWindowingMode=fullscreen mDisplayWindowingMode=fullscreen mActivityType=undefined mAlwaysOnTop=undefined mRotation=ROTATION_0} s.1091}
06-24 16:25:57.658  4367  4367 I GDH.PermanentNotification: Recreate bitmap
06-24 16:25:57.658  4367  4367 I GDH.InternalNotifier: rem notifier de.michelinside.glucodatahandler.common.chart.ChartBitmapCreator@cae85f6
06-24 16:25:57.659  4367  4367 I GDH.Chart.BitmapCreator.1: using circle radius: 2.8
06-24 16:25:57.660  4367  4367 I GDH.Chart.Creator.1: updateGraphStartTime: reset graph start time - current: 0
06-24 16:25:57.688  4367  4367 I GDH.GlucoDataServiceMobile: onConfigurationChanged called: {1.0 214mcc22mnc [es_ES] ldltr sw360dp w705dp h332dp 320dpi nrml long land finger -keyb/v/h -nav/h winConfig={ mBounds=Rect(0, 0 - 1560, 720) mAppBounds=Rect(96, 0 - 1507, 720) mWindowingMode=fullscreen mDisplayWindowingMode=fullscreen mActivityType=undefined mAlwaysOnTop=undefined mRotation=ROTATION_270} s.1129}
06-24 16:25:57.688  4367  4367 I GDH.PermanentNotification: Recreate bitmap
06-24 16:25:57.688  4367  4367 I GDH.Chart.Bitmap.1: stop bitmap creation
06-24 16:25:57.704  4367 13398 I GDH.Chart.Bitmap.1: bitmap created for chart de.michelinside.glucodatahandler.common.chart.ChartBitmapCreator@ec83756
06-24 16:25:57.705  4367  4367 I GDH.InternalNotifier: rem notifier de.michelinside.glucodatahandler.common.chart.ChartBitmapCreator@ec83756
06-24 16:25:57.712  4367  4367 I GDH.Chart.BitmapCreator.1: using circle radius: 2.8
06-24 16:25:57.713  4367  4367 I GDH.Chart.Creator.1: updateGraphStartTime: reset graph start time - current: 0
06-24 16:25:57.718  4367  4367 I GDH.InternalNotifier: rem notifier ExportImportSettingsFragment{1dae989} (d457f42e-d895-458f-99a3-884267ae10ff id=0x1020002)
06-24 16:25:57.735  4367 13399 I GDH.Chart.Bitmap.1: bitmap created for chart de.michelinside.glucodatahandler.common.chart.ChartBitmapCreator@8346fad
06-24 16:25:57.774  4367  4367 I GDH.InternalNotifier: add notifier ExportImportSettingsFragment{2ad85f0} (d457f42e-d895-458f-99a3-884267ae10ff id=0x1020002) - filter: [CAPILITY_INFO] - timechanged: false
06-24 16:25:57.793  4367 12927 D MediaScannerConnection: Scanned /storage/emulated/0/Download to content://media/external_primary/file/11
06-24 16:25:57.918  4367  4389 W System  : A resource failed to call release. 
06-24 16:25:57.923  4367  4389 I chatty  : uid=10193(de.michelinside.glucodatahandler) FinalizerDaemon identical 4 lines
06-24 16:25:57.923  4367  4389 W System  : A resource failed to call release. 
06-24 16:25:57.926  4367  4389 W System  : A resource failed to call release. 
06-24 16:25:57.926  4367  4389 I chatty  : uid=10193(de.michelinside.glucodatahandler) FinalizerDaemon identical 1 line
06-24 16:25:57.926  4367  4389 W System  : A resource failed to call release. 
06-24 16:25:57.928  4367  4389 W System  : A resource failed to call release. 
06-24 16:25:57.928  4367  4389 I chatty  : uid=10193(de.michelinside.glucodatahandler) FinalizerDaemon identical 1 line
06-24 16:25:57.928  4367  4389 W System  : A resource failed to call release. 
06-24 16:25:58.430  4367  4367 I GDH.NotificationReceiver: New notification from com.medtronic.diabetes.minimedmobile.eu - ongoing: true (flags: 98, prio: 0) - posted: 16:25:58 (1750778758217) - when 16:25:58 (1750778758216) - diff notify: 5, diff recv value: 10
06-24 16:25:58.430  4367  4367 I GDH.NotificationReceiver: Check for changed value or wait for multi value package with 0s interval
06-24 16:25:58.430  4367  4367 I GDH.NotificationReceiver: Ignoring notification out of interval - diff: 10 < 250
06-24 16:25:58.431  4367  4367 I GDH.NotificationReceiver: New IOB notification from com.medtronic.diabetes.minimedmobile.eu - posted: 16:25:58 (1750778758217) - when 16:25:58 (1750778758216)
06-24 16:25:58.432  4367  4367 I GDH.NotificationReceiver: using IOB regex (\d*\.?\d+) U
06-24 16:25:58.432  4367  4367 I GDH.NotificationReceiver: extracted title `` and text ``
06-24 16:25:58.466  4367  4367 I GDH.NotificationReceiver: Found value: 1.35 using regex in android.widget.TextView{b8e0c0d V.ED..... ......ID 0,0-0,0 #7f0902c0 app:id/message_active_insulin_value}
06-24 16:25:58.466  4367  4367 I GDH.NotificationReceiver: Extracted iob value: 1.35 from time: 16:25:58
06-24 16:25:58.467  4367  4367 I GDH.SourceStateData: Set state NONE for source NOTIFICATION: 
06-24 16:25:59.094  4367  4367 I GDH.GlucoDataServiceMobile: onConfigurationChanged called: {1.0 214mcc22mnc [es_ES] ldltr sw360dp w705dp h325dp 320dpi nrml long land finger -keyb/v/h -nav/h winConfig={ mBounds=Rect(0, 0 - 1560, 720) mAppBounds=Rect(96, 0 - 1507, 720) mWindowingMode=fullscreen mDisplayWindowingMode=fullscreen mActivityType=undefined mAlwaysOnTop=undefined mRotation=ROTATION_270} s.1164}
06-24 16:25:59.094  4367  4367 I GDH.PermanentNotification: Recreate bitmap
06-24 16:25:59.094  4367  4367 I GDH.InternalNotifier: rem notifier de.michelinside.glucodatahandler.common.chart.ChartBitmapCreator@8346fad
06-24 16:25:59.096  4367  4367 I GDH.Chart.BitmapCreator.1: using circle radius: 2.8
06-24 16:25:59.096  4367  4367 I GDH.Chart.Creator.1: updateGraphStartTime: reset graph start time - current: 0
06-24 16:25:59.124  4367  4367 I GDH.GlucoDataServiceMobile: onConfigurationChanged called: {1.0 214mcc22mnc [es_ES] ldltr sw360dp w360dp h697dp 320dpi nrml long port finger -keyb/v/h -nav/h winConfig={ mBounds=Rect(0, 0 - 720, 1560) mAppBounds=Rect(0, 53 - 720, 1464) mWindowingMode=fullscreen mDisplayWindowingMode=fullscreen mActivityType=undefined mAlwaysOnTop=undefined mRotation=ROTATION_0} s.1202}
06-24 16:25:59.124  4367  4367 I GDH.PermanentNotification: Recreate bitmap
06-24 16:25:59.124  4367  4367 I GDH.Chart.Bitmap.1: stop bitmap creation
06-24 16:25:59.130  4367 13404 I GDH.Chart.Bitmap.1: bitmap created for chart de.michelinside.glucodatahandler.common.chart.ChartBitmapCreator@23547c2
06-24 16:25:59.131  4367  4367 I GDH.InternalNotifier: rem notifier de.michelinside.glucodatahandler.common.chart.ChartBitmapCreator@23547c2
06-24 16:25:59.132  4367  4367 I GDH.Chart.BitmapCreator.1: using circle radius: 2.8
06-24 16:25:59.133  4367  4367 I GDH.Chart.Creator.1: updateGraphStartTime: reset graph start time - current: 0
06-24 16:25:59.144  4367  4367 I GDH.InternalNotifier: rem notifier ExportImportSettingsFragment{2ad85f0} (d457f42e-d895-458f-99a3-884267ae10ff id=0x1020002)
06-24 16:25:59.165  4367 13405 I GDH.Chart.Bitmap.1: bitmap created for chart de.michelinside.glucodatahandler.common.chart.ChartBitmapCreator@11c5c09
06-24 16:25:59.214  4367  4367 I GDH.InternalNotifier: add notifier ExportImportSettingsFragment{cf2043d} (d457f42e-d895-458f-99a3-884267ae10ff id=0x1020002) - filter: [CAPILITY_INFO] - timechanged: false
06-24 16:25:59.227  4367 12927 D MediaScannerConnection: Scanned /storage/emulated/0/Download to content://media/external_primary/file/11
06-24 16:25:59.874  4367  4367 I GDH.NotificationReceiver: New notification from com.medtronic.diabetes.minimedmobile.eu - ongoing: true (flags: 98, prio: 0) - posted: 16:25:59 (1750778759648) - when 16:25:59 (1750778759647) - diff notify: 1, diff recv value: 11
06-24 16:25:59.874  4367  4367 I GDH.NotificationReceiver: Check for new value for 1s update
06-24 16:25:59.874  4367  4367 I GDH.NotificationReceiver: Ignoring notification out of interval - diff: 11 < 50
06-24 16:25:59.876  4367  4367 I GDH.NotificationReceiver: New IOB notification from com.medtronic.diabetes.minimedmobile.eu - posted: 16:25:59 (1750778759648) - when 16:25:59 (1750778759647)
06-24 16:25:59.879  4367  4367 I GDH.NotificationReceiver: using IOB regex (\d*\.?\d+) U
06-24 16:25:59.880  4367  4367 I GDH.NotificationReceiver: extracted title `` and text ``
06-24 16:25:59.900  4367  4367 I GDH.NotificationReceiver: Found value: 1.35 using regex in android.widget.TextView{a82c2f2 V.ED..... ......ID 0,0-0,0 #7f0902c0 app:id/message_active_insulin_value}
06-24 16:25:59.900  4367  4367 I GDH.NotificationReceiver: Extracted iob value: 1.35 from time: 16:25:59
06-24 16:25:59.900  4367  4367 I GDH.SourceStateData: Set state NONE for source NOTIFICATION: 

06-24 16:26:07.277  4367  4367 I GDH.NotificationReceiver: New notification from com.medtronic.diabetes.minimedmobile.eu - ongoing: true (flags: 98, prio: 0) - posted: 16:26:07 (1750778767055) - when 16:26:07 (1750778767054) - diff notify: 7, diff recv value: 19
06-24 16:26:07.277  4367  4367 I GDH.NotificationReceiver: Check for changed value or wait for multi value package with 0s interval
06-24 16:26:07.277  4367  4367 I GDH.NotificationReceiver: Ignoring notification out of interval - diff: 19 < 250
06-24 16:26:07.278  4367  4367 I GDH.NotificationReceiver: New IOB notification from com.medtronic.diabetes.minimedmobile.eu - posted: 16:26:07 (1750778767055) - when 16:26:07 (1750778767054)
06-24 16:26:07.279  4367  4367 I GDH.NotificationReceiver: using IOB regex (\d*\.?\d+) U
06-24 16:26:07.279  4367  4367 I GDH.NotificationReceiver: extracted title `` and text ``
06-24 16:26:07.295  4367  4367 I GDH.NotificationReceiver: Found value: 1.35 using regex in android.widget.TextView{3b1d546 V.ED..... ......ID 0,0-0,0 #7f0902c0 app:id/message_active_insulin_value}
06-24 16:26:07.296  4367  4367 I GDH.NotificationReceiver: Extracted iob value: 1.35 from time: 16:26:07
06-24 16:26:07.296  4367  4367 I GDH.SourceStateData: Set state NONE for source NOTIFICATION: 
06-24 16:26:10.176  4367  4367 I GDH.GlucoDataServiceMobile: onConfigurationChanged called: {1.0 214mcc22mnc [es_ES] ldltr sw360dp w705dp h325dp 320dpi nrml long land finger -keyb/v/h -nav/h winConfig={ mBounds=Rect(0, 0 - 1560, 720) mAppBounds=Rect(96, 0 - 1507, 720) mWindowingMode=fullscreen mDisplayWindowingMode=fullscreen mActivityType=undefined mAlwaysOnTop=undefined mRotation=ROTATION_270} s.1310}
06-24 16:26:10.176  4367  4367 I GDH.PermanentNotification: Recreate bitmap
06-24 16:26:10.176  4367  4367 I GDH.InternalNotifier: rem notifier de.michelinside.glucodatahandler.common.chart.ChartBitmapCreator@1457b87
06-24 16:26:10.178  4367  4367 I GDH.Chart.BitmapCreator.1: using circle radius: 2.8
06-24 16:26:10.179  4367  4367 I GDH.Chart.Creator.1: updateGraphStartTime: reset graph start time - current: 0
06-24 16:26:10.204  4367  4367 I GDH.GlucoDataServiceMobile: onConfigurationChanged called: {1.0 214mcc22mnc [es_ES] ldltr sw360dp w360dp h697dp 320dpi nrml long port finger -keyb/v/h -nav/h winConfig={ mBounds=Rect(0, 0 - 720, 1560) mAppBounds=Rect(0, 53 - 720, 1464) mWindowingMode=fullscreen mDisplayWindowingMode=fullscreen mActivityType=undefined mAlwaysOnTop=undefined mRotation=ROTATION_0} s.1349}
06-24 16:26:10.204  4367  4367 I GDH.PermanentNotification: Recreate bitmap
06-24 16:26:10.204  4367  4367 I GDH.Chart.Bitmap.1: stop bitmap creation
06-24 16:26:10.220  4367  4367 I GDH.InternalNotifier: rem notifier de.michelinside.glucodatahandler.common.chart.ChartBitmapCreator@bd75307
06-24 16:26:10.220  4367  4367 I GDH.Chart.BitmapCreator.1: using circle radius: 2.8
06-24 16:26:10.221  4367  4367 I GDH.Chart.Creator.1: updateGraphStartTime: reset graph start time - current: 0
06-24 16:26:10.226  4367  4367 I GDH.InternalNotifier: rem notifier ExportImportSettingsFragment{19cd199} (d457f42e-d895-458f-99a3-884267ae10ff id=0x1020002)
06-24 16:26:10.254  4367 13428 I GDH.Chart.Bitmap.1: bitmap created for chart de.michelinside.glucodatahandler.common.chart.ChartBitmapCreator@464ac34
06-24 16:26:10.290  4367  4367 I GDH.InternalNotifier: add notifier ExportImportSettingsFragment{75ca063} (d457f42e-d895-458f-99a3-884267ae10ff id=0x1020002) - filter: [CAPILITY_INFO] - timechanged: false
06-24 16:26:10.321  4367 12927 D MediaScannerConnection: Scanned /storage/emulated/0/Download to content://media/external_primary/file/11
06-24 16:26:10.963  4367  4367 I GDH.NotificationReceiver: New notification from com.medtronic.diabetes.minimedmobile.eu - ongoing: true (flags: 98, prio: 0) - posted: 16:26:10 (1750778770740) - when 16:26:10 (1750778770738) - diff notify: 3, diff recv value: 22
06-24 16:26:10.963  4367  4367 I GDH.NotificationReceiver: Check for changed value or wait for multi value package with 0s interval
06-24 16:26:10.963  4367  4367 I GDH.NotificationReceiver: Ignoring notification out of interval - diff: 22 < 250
06-24 16:26:10.965  4367  4367 I GDH.NotificationReceiver: New IOB notification from com.medtronic.diabetes.minimedmobile.eu - posted: 16:26:10 (1750778770740) - when 16:26:10 (1750778770738)
06-24 16:26:10.967  4367  4367 I GDH.NotificationReceiver: using IOB regex (\d*\.?\d+) U
06-24 16:26:10.968  4367  4367 I GDH.NotificationReceiver: extracted title `` and text ``
06-24 16:26:10.988  4367  4367 I GDH.NotificationReceiver: Found value: 1.35 using regex in android.widget.TextView{eb85d52 V.ED..... ......ID 0,0-0,0 #7f0902c0 app:id/message_active_insulin_value}
06-24 16:26:10.989  4367  4367 I GDH.NotificationReceiver: Extracted iob value: 1.35 from time: 16:26:10
06-24 16:26:10.989  4367  4367 I GDH.SourceStateData: Set state NONE for source NOTIFICATION: 
06-24 16:26:51.022  4367  4367 I GDH.Task.Time.TaskService: Set next alarm after 2 minute(s) at 16:27:51 (received at 16:25:48) with a delay of 3s
06-24 16:26:51.030  4367 13439 I GDH.Task.Time.TaskService: execute after 1 min: ElapsedTimeTask
06-24 16:26:51.509  4367  4367 I GDH.NotificationReceiver: New notification from com.medtronic.diabetes.minimedmobile.eu - ongoing: true (flags: 98, prio: 0) - posted: 16:26:51 (1750778811277) - when 16:26:51 (1750778811276) - diff notify: 40, diff recv value: 63
06-24 16:26:51.510  4367  4367 I GDH.NotificationReceiver: Check for changed value or wait for multi value package with 0s interval
06-24 16:26:51.510  4367  4367 I GDH.NotificationReceiver: Ignoring notification out of interval - diff: 63 < 250
06-24 16:26:51.511  4367  4367 I GDH.NotificationReceiver: New IOB notification from com.medtronic.diabetes.minimedmobile.eu - posted: 16:26:51 (1750778811277) - when 16:26:51 (1750778811276)
06-24 16:26:51.513  4367  4367 I GDH.NotificationReceiver: using IOB regex (\d*\.?\d+) U
06-24 16:26:51.514  4367  4367 I GDH.NotificationReceiver: extracted title `` and text ``
06-24 16:26:51.534  4367  4367 I GDH.NotificationReceiver: Found value: 1.325 using regex in android.widget.TextView{f2dd614 V.ED..... ......ID 0,0-0,0 #7f0902c0 app:id/message_active_insulin_value}
06-24 16:26:51.535  4367  4367 I GDH.NotificationReceiver: Extracted iob value: 1.325 from time: 16:26:51
06-24 16:26:51.536  4367  4367 I GDH.ReceiveData: Only IOB/COB changed: 1.325/NaN - at 16:26:51
06-24 16:26:51.558  4367  4367 I GDH.widget.GlucoseBaseWidget: Trigger update of 1 widget(s) with type CHART_GLUCOSE_TREND_DELTA_TIME_IOB_COB
06-24 16:26:51.559  4367  4367 I GDH.SourceStateData: Set state NONE for source NOTIFICATION: 
06-24 16:26:57.951  4367  4367 I GDH.GlucoDataServiceMobile: onConfigurationChanged called: {1.0 214mcc22mnc [es_ES] ldltr sw360dp w312dp h697dp 320dpi nrml long port finger -keyb/v/h -nav/h winConfig={ mBounds=Rect(0, 0 - 720, 1560) mAppBounds=Rect(0, 53 - 720, 1464) mWindowingMode=fullscreen mDisplayWindowingMode=fullscreen mActivityType=undefined mAlwaysOnTop=undefined mRotation=ROTATION_0} s.1383}
06-24 16:26:57.951  4367  4367 I GDH.PermanentNotification: Recreate bitmap
06-24 16:26:57.951  4367  4367 I GDH.InternalNotifier: rem notifier de.michelinside.glucodatahandler.common.chart.ChartBitmapCreator@464ac34
06-24 16:26:57.953  4367  4367 I GDH.Chart.BitmapCreator.1: using circle radius: 2.8
06-24 16:26:57.953  4367  4367 I GDH.Chart.Creator.1: updateGraphStartTime: reset graph start time - current: 0
06-24 16:26:57.979  4367 13453 I GDH.Chart.Bitmap.1: bitmap created for chart de.michelinside.glucodatahandler.common.chart.ChartBitmapCreator@3673403
06-24 16:26:58.001  4367  4367 I GDH.GlucoDataServiceMobile: onConfigurationChanged called: {1.0 214mcc22mnc [es_ES] ldltr sw360dp w705dp h332dp 320dpi nrml long land finger -keyb/v/h -nav/h winConfig={ mBounds=Rect(0, 0 - 1560, 720) mAppBounds=Rect(96, 0 - 1507, 720) mWindowingMode=fullscreen mDisplayWindowingMode=fullscreen mActivityType=undefined mAlwaysOnTop=undefined mRotation=ROTATION_270} s.1420}
06-24 16:26:58.001  4367  4367 I GDH.PermanentNotification: Recreate bitmap
06-24 16:26:58.001  4367  4367 I GDH.InternalNotifier: rem notifier de.michelinside.glucodatahandler.common.chart.ChartBitmapCreator@3673403
06-24 16:26:58.003  4367  4367 I GDH.Chart.BitmapCreator.1: using circle radius: 2.8
06-24 16:26:58.004  4367  4367 I GDH.Chart.Creator.1: updateGraphStartTime: reset graph start time - current: 0
06-24 16:26:58.010  4367  4367 I GDH.InternalNotifier: rem notifier ExportImportSettingsFragment{75ca063} (d457f42e-d895-458f-99a3-884267ae10ff id=0x1020002)
06-24 16:26:58.043  4367 13454 I GDH.Chart.Bitmap.1: bitmap created for chart de.michelinside.glucodatahandler.common.chart.ChartBitmapCreator@ea521fe
06-24 16:26:58.109  4367  4367 I GDH.InternalNotifier: add notifier ExportImportSettingsFragment{b9f6235} (d457f42e-d895-458f-99a3-884267ae10ff id=0x1020002) - filter: [CAPILITY_INFO] - timechanged: false
06-24 16:26:58.112  4367  4389 W System  : A resource failed to call release. 
06-24 16:26:58.112  4367  4389 I chatty  : uid=10193(de.michelinside.glucodatahandler) FinalizerDaemon identical 1 line
06-24 16:26:58.112  4367  4389 W System  : A resource failed to call release. 
06-24 16:26:58.115  4367  4389 W System  : A resource failed to call release. 
06-24 16:26:58.116  4367  4389 I chatty  : uid=10193(de.michelinside.glucodatahandler) FinalizerDaemon identical 1 line
06-24 16:26:58.116  4367  4389 W System  : A resource failed to call release. 
06-24 16:26:58.140  4367 12927 D MediaScannerConnection: Scanned /storage/emulated/0/Download to content://media/external_primary/file/11
06-24 16:26:58.733  4367  4367 I GDH.NotificationReceiver: New notification from com.medtronic.diabetes.minimedmobile.eu - ongoing: true (flags: 98, prio: 0) - posted: 16:26:58 (1750778818504) - when 16:26:58 (1750778818502) - diff notify: 7, diff recv value: 70
06-24 16:26:58.733  4367  4367 I GDH.NotificationReceiver: Check for changed value or wait for multi value package with 0s interval
06-24 16:26:58.733  4367  4367 I GDH.NotificationReceiver: Ignoring notification out of interval - diff: 70 < 250
06-24 16:26:58.735  4367  4367 I GDH.NotificationReceiver: New IOB notification from com.medtronic.diabetes.minimedmobile.eu - posted: 16:26:58 (1750778818504) - when 16:26:58 (1750778818502)
06-24 16:26:58.736  4367  4367 I GDH.NotificationReceiver: using IOB regex (\d*\.?\d+) U
06-24 16:26:58.737  4367  4367 I GDH.NotificationReceiver: extracted title `` and text ``
06-24 16:26:58.758  4367  4367 I GDH.NotificationReceiver: Found value: 1.325 using regex in android.widget.TextView{16cdc4 V.ED..... ......ID 0,0-0,0 #7f0902c0 app:id/message_active_insulin_value}
06-24 16:26:58.758  4367  4367 I GDH.NotificationReceiver: Extracted iob value: 1.325 from time: 16:26:58
06-24 16:26:58.758  4367  4367 I GDH.SourceStateData: Set state NONE for source NOTIFICATION: 
06-24 16:26:59.392  4367  4367 I GDH.GlucoDataServiceMobile: onConfigurationChanged called: {1.0 214mcc22mnc [es_ES] ldltr sw360dp w705dp h325dp 320dpi nrml long land finger -keyb/v/h -nav/h winConfig={ mBounds=Rect(0, 0 - 1560, 720) mAppBounds=Rect(96, 0 - 1507, 720) mWindowingMode=fullscreen mDisplayWindowingMode=fullscreen mActivityType=undefined mAlwaysOnTop=undefined mRotation=ROTATION_270} s.1456}
06-24 16:26:59.392  4367  4367 I GDH.PermanentNotification: Recreate bitmap
06-24 16:26:59.392  4367  4367 I GDH.InternalNotifier: rem notifier de.michelinside.glucodatahandler.common.chart.ChartBitmapCreator@ea521fe
06-24 16:26:59.395  4367  4367 I GDH.Chart.BitmapCreator.1: using circle radius: 2.8
06-24 16:26:59.395  4367  4367 I GDH.Chart.Creator.1: updateGraphStartTime: reset graph start time - current: 0
06-24 16:26:59.420  4367  4367 I GDH.GlucoDataServiceMobile: onConfigurationChanged called: {1.0 214mcc22mnc [es_ES] ldltr sw360dp w360dp h697dp 320dpi nrml long port finger -keyb/v/h -nav/h winConfig={ mBounds=Rect(0, 0 - 720, 1560) mAppBounds=Rect(0, 53 - 720, 1464) mWindowingMode=fullscreen mDisplayWindowingMode=fullscreen mActivityType=undefined mAlwaysOnTop=undefined mRotation=ROTATION_0} s.1493}
06-24 16:26:59.420  4367  4367 I GDH.PermanentNotification: Recreate bitmap
06-24 16:26:59.420  4367  4367 I GDH.Chart.Bitmap.1: stop bitmap creation
06-24 16:26:59.432  4367 13461 I GDH.Chart.Bitmap.1: bitmap created for chart de.michelinside.glucodatahandler.common.chart.ChartBitmapCreator@5ff84ad
06-24 16:26:59.433  4367  4367 I GDH.InternalNotifier: rem notifier de.michelinside.glucodatahandler.common.chart.ChartBitmapCreator@5ff84ad
06-24 16:26:59.434  4367  4367 I GDH.Chart.BitmapCreator.1: using circle radius: 2.8
06-24 16:26:59.434  4367  4367 I GDH.Chart.Creator.1: updateGraphStartTime: reset graph start time - current: 0
06-24 16:26:59.438  4367  4367 I GDH.InternalNotifier: rem notifier ExportImportSettingsFragment{b9f6235} (d457f42e-d895-458f-99a3-884267ae10ff id=0x1020002)
06-24 16:26:59.472  4367 13462 I GDH.Chart.Bitmap.1: bitmap created for chart de.michelinside.glucodatahandler.common.chart.ChartBitmapCreator@2950230
06-24 16:26:59.493  4367  4367 I GDH.InternalNotifier: add notifier ExportImportSettingsFragment{136d987} (d457f42e-d895-458f-99a3-884267ae10ff id=0x1020002) - filter: [CAPILITY_INFO] - timechanged: false
06-24 16:26:59.512  4367 12927 D MediaScannerConnection: Scanned /storage/emulated/0/Download to content://media/external_primary/file/11
06-24 16:27:00.175  4367  4367 I GDH.NotificationReceiver: New notification from com.medtronic.diabetes.minimedmobile.eu - ongoing: true (flags: 98, prio: 0) - posted: 16:26:59 (1750778819947) - when 16:26:59 (1750778819946) - diff notify: 1, diff recv value: 71
06-24 16:27:00.175  4367  4367 I GDH.NotificationReceiver: Check for new value for 1s update
06-24 16:27:00.177  4367  4367 I GDH.NotificationReceiver: using regex (?:^|\s)(\d*\.?\d+)(?=\s|$)
06-24 16:27:00.177  4367  4367 I GDH.NotificationReceiver: extracted title `` and text ``
06-24 16:27:00.200  4367  4367 I GDH.NotificationReceiver: Found value: 300.0 using regex in android.widget.TextView{3063aba V.ED..... ......ID 0,0-0,0 #7f090405 app:id/sg_value}
06-24 16:27:00.201  4367  4367 I GDH.NotificationReceiver: Extracted glucose value: 300.0 from time: 16:26:59
06-24 16:27:00.201  4367  4367 I GDH.NotificationReceiver: Ignoring value notification with same value: 300.0
06-24 16:27:00.201  4367  4367 E GDH.SourceStateData: Error state for source NOTIFICATION: Invalid glucose value: 300.0 - info: 
06-24 16:27:00.201  4367  4367 I GDH.NotificationReceiver: New IOB notification from com.medtronic.diabetes.minimedmobile.eu - posted: 16:26:59 (1750778819947) - when 16:26:59 (1750778819946)
06-24 16:27:00.202  4367  4367 I GDH.NotificationReceiver: using IOB regex (\d*\.?\d+) U
06-24 16:27:00.202  4367  4367 I GDH.NotificationReceiver: extracted title `` and text ``
06-24 16:27:00.215  4367  4367 I GDH.NotificationReceiver: Found value: 1.325 using regex in android.widget.TextView{591b8c2 V.ED..... ......ID 0,0-0,0 #7f0902c0 app:id/message_active_insulin_value}
06-24 16:27:00.215  4367  4367 I GDH.NotificationReceiver: Extracted iob value: 1.325 from time: 16:26:59
06-24 16:27:00.215  4367  4367 I GDH.SourceStateData: Set state NONE for source NOTIFICATION: 

06-24 16:27:17.252  4367  4367 I GDH.NotificationReceiver: New notification from com.medtronic.diabetes.minimedmobile.eu - ongoing: true (flags: 98, prio: 0) - posted: 16:27:17 (1750778837024) - when 16:27:17 (1750778837023) - diff notify: 17, diff recv value: 89
06-24 16:27:17.252  4367  4367 I GDH.NotificationReceiver: Check for changed value or wait for multi value package with 0s interval
06-24 16:27:17.252  4367  4367 I GDH.NotificationReceiver: Ignoring notification out of interval - diff: 89 < 250
06-24 16:27:17.254  4367  4367 I GDH.NotificationReceiver: New IOB notification from com.medtronic.diabetes.minimedmobile.eu - posted: 16:27:17 (1750778837024) - when 16:27:17 (1750778837023)
06-24 16:27:17.255  4367  4367 I GDH.NotificationReceiver: using IOB regex (\d*\.?\d+) U
06-24 16:27:17.255  4367  4367 I GDH.NotificationReceiver: extracted title `` and text ``
06-24 16:27:17.272  4367  4367 I GDH.NotificationReceiver: Found value: 1.325 using regex in android.widget.TextView{8cecf31 V.ED..... ......ID 0,0-0,0 #7f0902c0 app:id/message_active_insulin_value}
06-24 16:27:17.273  4367  4367 I GDH.NotificationReceiver: Extracted iob value: 1.325 from time: 16:27:17
06-24 16:27:17.273  4367  4367 I GDH.SourceStateData: Set state NONE for source NOTIFICATION: 
06-24 16:27:17.675  4367  4367 I GDH.GlucoDataServiceMobile: onConfigurationChanged called: {1.0 214mcc22mnc [es_ES] ldltr sw360dp w705dp h325dp 320dpi nrml long land finger -keyb/v/h -nav/h winConfig={ mBounds=Rect(0, 0 - 1560, 720) mAppBounds=Rect(96, 0 - 1507, 720) mWindowingMode=fullscreen mDisplayWindowingMode=fullscreen mActivityType=undefined mAlwaysOnTop=undefined mRotation=ROTATION_270} s.1602}
06-24 16:27:17.675  4367  4367 I GDH.PermanentNotification: Recreate bitmap
06-24 16:27:17.675  4367  4367 I GDH.InternalNotifier: rem notifier de.michelinside.glucodatahandler.common.chart.ChartBitmapCreator@8a8a9ed
06-24 16:27:17.677  4367  4367 I GDH.Chart.BitmapCreator.1: using circle radius: 2.8
06-24 16:27:17.677  4367  4367 I GDH.Chart.Creator.1: updateGraphStartTime: reset graph start time - current: 0
06-24 16:27:17.711  4367 13493 I GDH.Chart.Bitmap.1: bitmap created for chart de.michelinside.glucodatahandler.common.chart.ChartBitmapCreator@4155616
06-24 16:27:17.740  4367  4367 I GDH.GlucoDataServiceMobile: onConfigurationChanged called: {1.0 214mcc22mnc [es_ES] ldltr sw360dp w360dp h697dp 320dpi nrml long port finger -keyb/v/h -nav/h winConfig={ mBounds=Rect(0, 0 - 720, 1560) mAppBounds=Rect(0, 53 - 720, 1464) mWindowingMode=fullscreen mDisplayWindowingMode=fullscreen mActivityType=undefined mAlwaysOnTop=undefined mRotation=ROTATION_0} s.1642}
06-24 16:27:17.740  4367  4367 I GDH.PermanentNotification: Recreate bitmap
06-24 16:27:17.740  4367  4367 I GDH.InternalNotifier: rem notifier de.michelinside.glucodatahandler.common.chart.ChartBitmapCreator@4155616
06-24 16:27:17.742  4367  4367 I GDH.Chart.BitmapCreator.1: using circle radius: 2.8
06-24 16:27:17.742  4367  4367 I GDH.Chart.Creator.1: updateGraphStartTime: reset graph start time - current: 0
06-24 16:27:17.747  4367  4367 I GDH.InternalNotifier: rem notifier ExportImportSettingsFragment{842f530} (d457f42e-d895-458f-99a3-884267ae10ff id=0x1020002)
06-24 16:27:17.774  4367 13494 I GDH.Chart.Bitmap.1: bitmap created for chart de.michelinside.glucodatahandler.common.chart.ChartBitmapCreator@e102d6d
06-24 16:27:17.810  4367  4389 W System  : A resource failed to call release. 
06-24 16:27:17.810  4367  4389 W System  : A resource failed to call release. 
06-24 16:27:17.814  4367  4389 W System  : A resource failed to call release. 
06-24 16:27:17.815  4367  4389 W System  : A resource failed to call release. 
06-24 16:27:17.819  4367  4389 W System  : A resource failed to call release. 
06-24 16:27:17.819  4367  4389 W System  : A resource failed to call release. 
06-24 16:27:17.819  4367  4389 W System  : A resource failed to call release. 
06-24 16:27:17.825  4367  4389 W System  : A resource failed to call release. 
06-24 16:27:17.826  4367  4389 W System  : A resource failed to call release. 
06-24 16:27:17.828  4367  4367 I GDH.InternalNotifier: add notifier ExportImportSettingsFragment{ddaf129} (d457f42e-d895-458f-99a3-884267ae10ff id=0x1020002) - filter: [CAPILITY_INFO] - timechanged: false
06-24 16:27:17.845  4367 12927 D MediaScannerConnection: Scanned /storage/emulated/0/Download to content://media/external_primary/file/11
06-24 16:27:18.472  4367  4367 I GDH.NotificationReceiver: New notification from com.medtronic.diabetes.minimedmobile.eu - ongoing: true (flags: 98, prio: 0) - posted: 16:27:18 (1750778838246) - when 16:27:18 (1750778838244) - diff notify: 1, diff recv value: 90
06-24 16:27:18.472  4367  4367 I GDH.NotificationReceiver: Check for new value for 1s update
06-24 16:27:18.475  4367  4367 I GDH.NotificationReceiver: using regex (?:^|\s)(\d*\.?\d+)(?=\s|$)
06-24 16:27:18.475  4367  4367 I GDH.NotificationReceiver: extracted title `` and text ``
06-24 16:27:18.490  4367  4367 I GDH.NotificationReceiver: Found value: 300.0 using regex in android.widget.TextView{da22c2b V.ED..... ......ID 0,0-0,0 #7f090405 app:id/sg_value}
06-24 16:27:18.491  4367  4367 I GDH.NotificationReceiver: Extracted glucose value: 300.0 from time: 16:27:18
06-24 16:27:18.491  4367  4367 I GDH.NotificationReceiver: Ignoring value notification with same value: 300.0
06-24 16:27:18.491  4367  4367 E GDH.SourceStateData: Error state for source NOTIFICATION: Invalid glucose value: 300.0 - info: 
06-24 16:27:18.492  4367  4367 I GDH.NotificationReceiver: New IOB notification from com.medtronic.diabetes.minimedmobile.eu - posted: 16:27:18 (1750778838246) - when 16:27:18 (1750778838244)
06-24 16:27:18.492  4367  4367 I GDH.NotificationReceiver: using IOB regex (\d*\.?\d+) U
06-24 16:27:18.492  4367  4367 I GDH.NotificationReceiver: extracted title `` and text ``
06-24 16:27:18.510  4367  4367 I GDH.NotificationReceiver: Found value: 1.325 using regex in android.widget.TextView{7c78d93 V.ED..... ......ID 0,0-0,0 #7f0902c0 app:id/message_active_insulin_value}
06-24 16:27:18.511  4367  4367 I GDH.NotificationReceiver: Extracted iob value: 1.325 from time: 16:27:18
06-24 16:27:18.511  4367  4367 I GDH.SourceStateData: Set state NONE for source NOTIFICATION: 
06-24 16:27:41.089  4367  4367 I GDH.GlucoDataServiceMobile: onConfigurationChanged called: {1.0 214mcc22mnc [es_ES] ldltr sw360dp w312dp h697dp 320dpi nrml long port finger -keyb/v/h -nav/h winConfig={ mBounds=Rect(0, 0 - 720, 1560) mAppBounds=Rect(0, 53 - 720, 1464) mWindowingMode=fullscreen mDisplayWindowingMode=fullscreen mActivityType=undefined mAlwaysOnTop=undefined mRotation=ROTATION_0} s.1675}
06-24 16:27:41.090  4367  4367 I GDH.PermanentNotification: Recreate bitmap
06-24 16:27:41.090  4367  4367 I GDH.InternalNotifier: rem notifier de.michelinside.glucodatahandler.common.chart.ChartBitmapCreator@e102d6d
06-24 16:27:41.091  4367  4367 I GDH.Chart.BitmapCreator.1: using circle radius: 2.8
06-24 16:27:41.092  4367  4367 I GDH.Chart.Creator.1: updateGraphStartTime: reset graph start time - current: 0
06-24 16:27:41.117  4367  4367 I GDH.GlucoDataServiceMobile: onConfigurationChanged called: {1.0 214mcc22mnc [es_ES] ldltr sw360dp w705dp h332dp 320dpi nrml long land finger -keyb/v/h -nav/h winConfig={ mBounds=Rect(0, 0 - 1560, 720) mAppBounds=Rect(96, 0 - 1507, 720) mWindowingMode=fullscreen mDisplayWindowingMode=fullscreen mActivityType=undefined mAlwaysOnTop=undefined mRotation=ROTATION_270} s.1713}
06-24 16:27:41.117  4367  4367 I GDH.PermanentNotification: Recreate bitmap
06-24 16:27:41.117  4367  4367 I GDH.Chart.Bitmap.1: stop bitmap creation
06-24 16:27:41.122  4367  4367 I GDH.InternalNotifier: rem notifier de.michelinside.glucodatahandler.common.chart.ChartBitmapCreator@fcc41d0
06-24 16:27:41.123  4367  4367 I GDH.Chart.BitmapCreator.1: using circle radius: 2.8
06-24 16:27:41.124  4367  4367 I GDH.Chart.Creator.1: updateGraphStartTime: reset graph start time - current: 0
06-24 16:27:41.127  4367  4367 I GDH.InternalNotifier: rem notifier ExportImportSettingsFragment{ddaf129} (d457f42e-d895-458f-99a3-884267ae10ff id=0x1020002)
06-24 16:27:41.153  4367 13507 I GDH.Chart.Bitmap.1: bitmap created for chart de.michelinside.glucodatahandler.common.chart.ChartBitmapCreator@ce595c9
06-24 16:27:41.198  4367  4367 I GDH.InternalNotifier: add notifier ExportImportSettingsFragment{fb4d266} (d457f42e-d895-458f-99a3-884267ae10ff id=0x1020002) - filter: [CAPILITY_INFO] - timechanged: false
06-24 16:27:41.222  4367 12927 D MediaScannerConnection: Scanned /storage/emulated/0/Download to content://media/external_primary/file/11
06-24 16:27:41.870  4367  4367 I GDH.NotificationReceiver: New notification from com.medtronic.diabetes.minimedmobile.eu - ongoing: true (flags: 98, prio: 0) - posted: 16:27:41 (1750778861653) - when 16:27:41 (1750778861651) - diff notify: 23, diff recv value: 113
06-24 16:27:41.870  4367  4367 I GDH.NotificationReceiver: Check for changed value or wait for multi value package with 0s interval
06-24 16:27:41.870  4367  4367 I GDH.NotificationReceiver: Ignoring notification out of interval - diff: 113 < 250
06-24 16:27:41.871  4367  4367 I GDH.NotificationReceiver: New IOB notification from com.medtronic.diabetes.minimedmobile.eu - posted: 16:27:41 (1750778861653) - when 16:27:41 (1750778861651)
06-24 16:27:41.873  4367  4367 I GDH.NotificationReceiver: using IOB regex (\d*\.?\d+) U
06-24 16:27:41.873  4367  4367 I GDH.NotificationReceiver: extracted title `` and text ``
06-24 16:27:41.896  4367  4367 I GDH.NotificationReceiver: Found value: 1.325 using regex in android.widget.TextView{54a976f V.ED..... ......ID 0,0-0,0 #7f0902c0 app:id/message_active_insulin_value}
06-24 16:27:41.896  4367  4367 I GDH.NotificationReceiver: Extracted iob value: 1.325 from time: 16:27:41
06-24 16:27:41.897  4367  4367 I GDH.ReceiveData: Only IOB/COB changed: 1.325/NaN - at 16:27:41
06-24 16:27:41.919  4367  4367 I GDH.widget.GlucoseBaseWidget: Trigger update of 1 widget(s) with type CHART_GLUCOSE_TREND_DELTA_TIME_IOB_COB
06-24 16:27:41.919  4367  4367 I GDH.SourceStateData: Set state NONE for source NOTIFICATION: 
06-24 16:27:46.828  4367  4367 I GDH.GlucoDataServiceMobile: onConfigurationChanged called: {1.0 214mcc22mnc [es_ES] ldltr sw360dp w705dp h325dp 320dpi nrml long land finger -keyb/v/h -nav/h winConfig={ mBounds=Rect(0, 0 - 1560, 720) mAppBounds=Rect(96, 0 - 1507, 720) mWindowingMode=fullscreen mDisplayWindowingMode=fullscreen mActivityType=undefined mAlwaysOnTop=undefined mRotation=ROTATION_270} s.1748}
06-24 16:27:46.828  4367  4367 I GDH.PermanentNotification: Recreate bitmap
06-24 16:27:46.828  4367  4367 I GDH.InternalNotifier: rem notifier de.michelinside.glucodatahandler.common.chart.ChartBitmapCreator@ce595c9
06-24 16:27:46.830  4367  4367 I GDH.Chart.BitmapCreator.1: using circle radius: 2.8
06-24 16:27:46.831  4367  4367 I GDH.Chart.Creator.1: updateGraphStartTime: reset graph start time - current: 0
06-24 16:27:46.864  4367 13514 I GDH.Chart.Bitmap.1: bitmap created for chart de.michelinside.glucodatahandler.common.chart.ChartBitmapCreator@d29bd5a
06-24 16:27:46.868  4367  4367 I GDH.GlucoDataServiceMobile: onConfigurationChanged called: {1.0 214mcc22mnc [es_ES] ldltr sw360dp w360dp h697dp 320dpi nrml long port finger -keyb/v/h -nav/h winConfig={ mBounds=Rect(0, 0 - 720, 1560) mAppBounds=Rect(0, 53 - 720, 1464) mWindowingMode=fullscreen mDisplayWindowingMode=fullscreen mActivityType=undefined mAlwaysOnTop=undefined mRotation=ROTATION_0} s.1786}
06-24 16:27:46.868  4367  4367 I GDH.PermanentNotification: Recreate bitmap
06-24 16:27:46.868  4367  4367 I GDH.InternalNotifier: rem notifier de.michelinside.glucodatahandler.common.chart.ChartBitmapCreator@d29bd5a
06-24 16:27:46.870  4367  4367 I GDH.Chart.BitmapCreator.1: using circle radius: 2.8
