11-25 15:24:30.343 17710 17710 I GDH.Task.Source.TaskService: Set next alarm after 5 minute(s) at 15:25:29 (received at 15:20:19) with a delay of 10s
11-25 15:24:30.345 17710 21833 I GDH.Task.Source.TaskService: execute after 4 min: DexcomShareSourceTask
11-25 15:24:30.352 17710 21833 I GDH.Task.Source.DexcomShareTask: Using URL: https://shareous1.dexcom.com/ShareWebServices/Services/Publisher/ReadPublisherLatestGlucoseValues
11-25 15:24:30.353 17710 12479 I GDH.Utils.HttpRequest: Send POST request to https://shareous1.dexcom.com/ShareWebServices/Services/Publisher/ReadPublisherLatestGlucoseValues?sessionId=f572af86-e003-4f29-b254-d038e6edaed9&minutes=30&maxCount=1
11-25 15:24:30.492 17710 12479 I GDH.Utils.HttpRequest: Code 200 received with message OK
11-25 15:24:30.493 17710 21833 I GDH.Task.Source.DexcomShareTask: handleValueResponse called: []
11-25 15:24:30.493 17710 21833 I GDH.Task.Source.DataSourceTask: No new value for source DEXCOM_SHARE - Keine Zuckerwerte auf dem Server gefunden. (-1) - message: 
11-25 15:24:30.493 17710 21833 I GDH.SourceStateData: Set state NO_NEW_VALUE for source DEXCOM_SHARE: Keine Zuckerwerte auf dem Server gefunden.
11-25 15:25:17.355 17710 17710 I GDH.BatteryReceiver: Received batter level: 98% - enabled: true
11-25 15:25:18.747 17710 17710 I GDH.NotificationReceiver: New notification from com.dexcom.g7 - ongoing: false (flags: 96, prio: 0) - posted: 15:25:18 (1764080718532) - when 19.11.2025 17:14:40 (1763568880216) - diff notify: 57, diff recv value: 299
11-25 15:25:18.747 17710 17710 I GDH.NotificationReceiver: Dexcom foreground notification updated with title 'Dexcom App läuft' and text 'null' at 15:25:18 -> ignore and wait for next value notification
11-25 15:25:18.747 17710 17710 I GDH.NotificationReceiver: New IOB notification from com.dexcom.g7 - ongoing: false (flags: 96, prio: 0) - posted: 15:25:18 (1764080718532) - when 19.11.2025 17:14:40 (1763568880216)
11-25 15:25:18.748 17710 17710 I GDH.NotificationReceiver: using IOB regex (\d*\.?\d+) U
11-25 15:25:18.748 17710 17710 I GDH.NotificationReceiver: extracted title `Dexcom App läuft` and text `null`
11-25 15:25:18.748 17710 17710 I GDH.NotificationReceiver: No RemoteViews found
11-25 15:25:18.748 17710 17710 E GDH.SourceStateData: Error state for source NOTIFICATION: Could not parse IOB from [Dexcom App läuft] - info: 
11-25 15:25:21.102 17710 17710 I GDH.NotificationReceiver: New notification from com.dexcom.g7 - ongoing: true (flags: 10, prio: 2) - posted: 15:25:20 (1764080720886) - when 19.11.2025 17:14:50 (1763568890605) - diff notify: 59, diff recv value: 301
11-25 15:25:21.102 17710 17710 I GDH.NotificationReceiver: Handle 5 min notification - lastValueChanged: true - diff: 301
11-25 15:25:21.102 17710 17710 I GDH.NotificationReceiver: Check for changed value and wait for newer notification until 315s
11-25 15:25:21.102 17710 17710 I GDH.NotificationReceiver: Start wait thread for 14000 ms
11-25 15:25:21.103 17710 17710 I GDH.NotificationReceiver: using regex (?:^|\s)(\d*\.?\d+)(?=\s|$)
11-25 15:25:21.103 17710 17710 I GDH.NotificationReceiver: extracted title `null` and text `null`
11-25 15:25:21.112 17710 17710 I GDH.NotificationReceiver: Found value: 8.3 using regex in android.widget.TextView{f2d5762 V.ED..... ......ID 0,0-0,0 #7f0a03e1 app:id/glucose_value_text}
11-25 15:25:21.113 17710 17710 I GDH.NotificationReceiver: Extracted glucose value: 8.3 from time: 15:25:20
11-25 15:25:21.113 17710 17710 I GDH.NotificationReceiver: Ignoring value notification with same value: 8.3
11-25 15:25:21.113 17710 17710 I GDH.NotificationReceiver: New IOB notification from com.dexcom.g7 - ongoing: true (flags: 10, prio: 2) - posted: 15:25:20 (1764080720886) - when 19.11.2025 17:14:50 (1763568890605)
11-25 15:25:21.114 17710 17710 I GDH.NotificationReceiver: using IOB regex (\d*\.?\d+) U
11-25 15:25:21.114 17710 17710 I GDH.NotificationReceiver: extracted title `null` and text `null`
11-25 15:25:21.126 17710 17710 E GDH.SourceStateData: Error state for source NOTIFICATION: Could not parse IOB from [8.3, mmol/⁠L, Handlungsbedarf!] - info: 
11-25 15:25:21.308 17710 17710 I GDH.NotificationReceiver: New notification from com.dexcom.g7 - ongoing: true (flags: 10, prio: 2) - posted: 15:25:21 (1764080721084) - when 19.11.2025 17:14:50 (1763568890605) - diff notify: 0, diff recv value: 302
11-25 15:25:21.308 17710 17710 I GDH.NotificationReceiver: New IOB notification from com.dexcom.g7 - ongoing: true (flags: 10, prio: 2) - posted: 15:25:21 (1764080721084) - when 19.11.2025 17:14:50 (1763568890605)
11-25 15:25:21.309 17710 17710 I GDH.NotificationReceiver: using IOB regex (\d*\.?\d+) U
11-25 15:25:21.309 17710 17710 I GDH.NotificationReceiver: extracted title `null` and text `null`
11-25 15:25:21.316 17710 17710 E GDH.SourceStateData: Error state for source NOTIFICATION: Could not parse IOB from [8.3, mmol/⁠L, Handlungsbedarf!] - info: 
11-25 15:25:22.024 17710 17710 I GDH.Task.Time.TaskService: Set next alarm after 6 minute(s) at 15:26:22 (received at 15:20:19) with a delay of 3s
11-25 15:25:22.040 17710 21877 I GDH.Task.Time.TaskService: execute after 5 min: ElapsedTimeTask
11-25 15:25:29.008 17710 21926 I GDH.Task.Source.TaskService: execute after 5 min: DexcomShareSourceTask
11-25 15:25:29.010 17710 17710 I GDH.Task.Source.TaskService: Set next alarm after 6 minute(s) at 15:26:29 (received at 15:20:19) with a delay of 10s
11-25 15:25:29.010 17710 21926 I GDH.Task.Source.DexcomShareTask: Using URL: https://shareous1.dexcom.com/ShareWebServices/Services/Publisher/ReadPublisherLatestGlucoseValues
11-25 15:25:29.010 17710 12479 I GDH.Utils.HttpRequest: Send POST request to https://shareous1.dexcom.com/ShareWebServices/Services/Publisher/ReadPublisherLatestGlucoseValues?sessionId=f572af86-e003-4f29-b254-d038e6edaed9&minutes=30&maxCount=1
11-25 15:25:29.164 17710 12479 I GDH.Utils.HttpRequest: Code 200 received with message OK
11-25 15:25:29.166 17710 21926 I GDH.Task.Source.DexcomShareTask: handleValueResponse called: []
11-25 15:25:29.167 17710 21926 I GDH.Task.Source.DataSourceTask: No new value for source DEXCOM_SHARE - Keine Zuckerwerte auf dem Server gefunden. (-1) - message: 
11-25 15:25:29.167 17710 21926 I GDH.SourceStateData: Set state NO_NEW_VALUE for source DEXCOM_SHARE: Keine Zuckerwerte auf dem Server gefunden.
11-25 15:25:40.170 17710 17710 I GDH.NotificationReceiver: New notification from com.dexcom.g7 - ongoing: true (flags: 10, prio: 2) - posted: 15:25:39 (1764080739935) - when 19.11.2025 17:14:50 (1763568890605) - diff notify: 19, diff recv value: 320
11-25 15:25:40.171 17710 17710 I GDH.NotificationReceiver: Handle 5 min notification - lastValueChanged: true - diff: 320
11-25 15:25:40.172 17710 17710 I GDH.NotificationReceiver: Wait thread stopped!
11-25 15:25:40.172 17710 17710 I GDH.NotificationReceiver: using regex (?:^|\s)(\d*\.?\d+)(?=\s|$)
11-25 15:25:40.172 17710 17710 I GDH.NotificationReceiver: extracted title `null` and text `null`
11-25 15:25:40.179 17710 17710 I GDH.NotificationReceiver: Found value: 8.3 using regex in android.widget.TextView{2812ada V.ED..... ......ID 0,0-0,0 #7f0a03e1 app:id/glucose_value_text}
11-25 15:25:40.179 17710 17710 I GDH.NotificationReceiver: Extracted glucose value: 8.3 from time: 15:25:39
11-25 15:25:40.180 17710 17710 I GDH.ReceiveData: Glucodata received from NOTIFICATION: Bundle[{glucodata.Minute.Alarm=0, glucodata.Minute.Rate=NaN, glucodata.Minute.Time=1764080739935, glucodata.Minute.mgdl=150, glucodata.Minute.SerialNumber=Dexcom G7, glucodata.Minute.glucose=8.3}] - timestamp: 25.11.2025 15:25:39
11-25 15:25:40.182 17710 17710 I GDH.Task.Time.TaskService: Set next alarm after 1 minute(s) at 15:26:42 (received at 15:25:39) with a delay of 3s
11-25 15:25:40.186 17710 17710 I GDH.Task.Source.TaskService: Set next alarm after 1 minute(s) at 15:26:49 (received at 15:25:39) with a delay of 10s
11-25 15:25:40.203 17710 17710 I GDH.SourceStateData: Set state NONE for source NOTIFICATION: 
11-25 15:25:40.203 17710 17710 I GDH.NotificationReceiver: Valid glucose value received with ongoing notification from com.dexcom.g7
11-25 15:25:40.204 17710 17710 I GDH.NotificationReceiver: New IOB notification from com.dexcom.g7 - ongoing: true (flags: 10, prio: 2) - posted: 15:25:39 (1764080739935) - when 19.11.2025 17:14:50 (1763568890605)
11-25 15:25:40.205 17710 17710 I GDH.NotificationReceiver: using IOB regex (\d*\.?\d+) U
11-25 15:25:40.205 17710 17710 I GDH.NotificationReceiver: extracted title `null` and text `null`
11-25 15:25:40.212 17710 17710 E GDH.SourceStateData: Error state for source NOTIFICATION: Could not parse IOB from [8.3, mmol/⁠L, Handlungsbedarf!] - info: 
11-25 15:25:40.212 17710 17710 I GDH.WearPhoneConnection: BROADCAST: 1088 bytes send with path /glucodata_intent_json to node Node{Galaxy Watch7 (PQ5Y), id=50969630, hops=1, isNearby=true}
11-25 15:26:43.360 17710 17710 I GDH.Task.Time.TaskService: Set next alarm after 2 minute(s) at 15:27:42 (received at 15:25:39) with a delay of 3s
11-25 15:26:43.363 17710 21930 I GDH.Task.Time.TaskService: execute after 1 min: ElapsedTimeTask
11-25 15:26:43.364 17710 21930 I GDH.Task.Time.TaskService: Set next alarm after 2 minute(s) at 15:27:42 (received at 15:25:39) with a delay of 3s
11-25 15:26:50.339 17710 17710 I GDH.Task.Source.TaskService: Set next alarm after 2 minute(s) at 15:27:49 (received at 15:25:39) with a delay of 10s
11-25 15:26:50.346 17710 21935 I GDH.Task.Source.TaskService: execute after 1 min: DexcomShareSourceTask
11-25 15:26:50.351 17710 21935 I GDH.Task.Source.DexcomShareTask: Using URL: https://shareous1.dexcom.com/ShareWebServices/Services/Publisher/ReadPublisherLatestGlucoseValues
11-25 15:26:50.352 17710 12479 I GDH.Utils.HttpRequest: Send POST request to https://shareous1.dexcom.com/ShareWebServices/Services/Publisher/ReadPublisherLatestGlucoseValues?sessionId=f572af86-e003-4f29-b254-d038e6edaed9&minutes=30&maxCount=1
11-25 15:26:50.487 17710 12479 I GDH.Utils.HttpRequest: Code 200 received with message OK
11-25 15:26:50.488 17710 21935 I GDH.Task.Source.DexcomShareTask: handleValueResponse called: []
11-25 15:26:50.488 17710 21935 I GDH.Task.Source.DataSourceTask: No new value for source DEXCOM_SHARE - Keine Zuckerwerte auf dem Server gefunden. (-1) - message: 
11-25 15:26:50.488 17710 21935 I GDH.SourceStateData: Set state NO_NEW_VALUE for source DEXCOM_SHARE: Keine Zuckerwerte auf dem Server gefunden.
11-25 15:27:43.351 17710 21944 I GDH.Task.Time.TaskService: execute after 2 min: ElapsedTimeTask
11-25 15:27:43.351 17710 21944 I GDH.Task.Time.TaskService: Set next alarm after 3 minute(s) at 15:28:42 (received at 15:25:39) with a delay of 3s
11-25 15:27:43.356 17710 17710 I GDH.Task.Time.TaskService: Set next alarm after 3 minute(s) at 15:28:42 (received at 15:25:39) with a delay of 3s
11-25 15:27:50.340 17710 17710 I GDH.Task.Source.TaskService: Set next alarm after 3 minute(s) at 15:28:49 (received at 15:25:39) with a delay of 10s
11-25 15:27:50.347 17710 21945 I GDH.Task.Source.TaskService: execute after 2 min: DexcomShareSourceTask
11-25 15:27:50.352 17710 21945 I GDH.Task.Source.DexcomShareTask: Using URL: https://shareous1.dexcom.com/ShareWebServices/Services/Publisher/ReadPublisherLatestGlucoseValues
11-25 15:27:50.352 17710 12479 I GDH.Utils.HttpRequest: Send POST request to https://shareous1.dexcom.com/ShareWebServices/Services/Publisher/ReadPublisherLatestGlucoseValues?sessionId=f572af86-e003-4f29-b254-d038e6edaed9&minutes=30&maxCount=1
11-25 15:27:50.442 17710 12479 I GDH.Utils.HttpRequest: Code 200 received with message OK
11-25 15:27:50.444 17710 21945 I GDH.Task.Source.DexcomShareTask: handleValueResponse called: []
11-25 15:27:50.444 17710 21945 I GDH.Task.Source.DataSourceTask: No new value for source DEXCOM_SHARE - Keine Zuckerwerte auf dem Server gefunden. (-1) - message: 
11-25 15:27:50.444 17710 21945 I GDH.SourceStateData: Set state NO_NEW_VALUE for source DEXCOM_SHARE: Keine Zuckerwerte auf dem Server gefunden.
11-25 15:28:43.351 17710 17710 I GDH.Task.Time.TaskService: Set next alarm after 4 minute(s) at 15:29:42 (received at 15:25:39) with a delay of 3s
11-25 15:28:43.355 17710 21946 I GDH.Task.Time.TaskService: execute after 3 min: ElapsedTimeTask
11-25 15:28:50.346 17710 17710 I GDH.Task.Source.TaskService: Set next alarm after 4 minute(s) at 15:29:49 (received at 15:25:39) with a delay of 10s
11-25 15:28:50.349 17710 21948 I GDH.Task.Source.TaskService: execute after 3 min: DexcomShareSourceTask
11-25 15:28:50.351 17710 21948 I GDH.Task.Source.DexcomShareTask: Using URL: https://shareous1.dexcom.com/ShareWebServices/Services/Publisher/ReadPublisherLatestGlucoseValues
11-25 15:28:50.351 17710 12479 I GDH.Utils.HttpRequest: Send POST request to https://shareous1.dexcom.com/ShareWebServices/Services/Publisher/ReadPublisherLatestGlucoseValues?sessionId=f572af86-e003-4f29-b254-d038e6edaed9&minutes=30&maxCount=1
11-25 15:28:50.431 17710 12479 I GDH.Utils.HttpRequest: Code 200 received with message OK
11-25 15:28:50.433 17710 21948 I GDH.Task.Source.DexcomShareTask: handleValueResponse called: []
11-25 15:28:50.433 17710 21948 I GDH.Task.Source.DataSourceTask: No new value for source DEXCOM_SHARE - Keine Zuckerwerte auf dem Server gefunden. (-1) - message: 
11-25 15:28:50.434 17710 21948 I GDH.SourceStateData: Set state NO_NEW_VALUE for source DEXCOM_SHARE: Keine Zuckerwerte auf dem Server gefunden.
11-25 15:29:42.040 17710 21949 I GDH.Task.Time.TaskService: execute after 4 min: ElapsedTimeTask
11-25 15:29:42.040 17710 17710 I GDH.Task.Time.TaskService: Set next alarm after 5 minute(s) at 15:30:42 (received at 15:25:39) with a delay of 3s
11-25 15:29:42.040 17710 21949 I GDH.Task.Time.TaskService: Set next alarm after 5 minute(s) at 15:30:42 (received at 15:25:39) with a delay of 3s
11-25 15:29:50.341 17710 17710 I GDH.Task.Source.TaskService: Set next alarm after 5 minute(s) at 15:30:49 (received at 15:25:39) with a delay of 10s
11-25 15:29:50.353 17710 21950 I GDH.Task.Source.TaskService: execute after 4 min: DexcomShareSourceTask
11-25 15:29:50.355 17710 21950 I GDH.Task.Source.DexcomShareTask: Using URL: https://shareous1.dexcom.com/ShareWebServices/Services/Publisher/ReadPublisherLatestGlucoseValues
11-25 15:29:50.355 17710 12479 I GDH.Utils.HttpRequest: Send POST request to https://shareous1.dexcom.com/ShareWebServices/Services/Publisher/ReadPublisherLatestGlucoseValues?sessionId=f572af86-e003-4f29-b254-d038e6edaed9&minutes=30&maxCount=1
11-25 15:29:50.520 17710 12479 I GDH.Utils.HttpRequest: Code 200 received with message OK
11-25 15:29:50.522 17710 21950 I GDH.Task.Source.DexcomShareTask: handleValueResponse called: []
11-25 15:29:50.522 17710 21950 I GDH.Task.Source.DataSourceTask: No new value for source DEXCOM_SHARE - Keine Zuckerwerte auf dem Server gefunden. (-1) - message: 
11-25 15:29:50.522 17710 21950 I GDH.SourceStateData: Set state NO_NEW_VALUE for source DEXCOM_SHARE: Keine Zuckerwerte auf dem Server gefunden.
11-25 15:29:54.693 17710 17710 I GDH.NotificationReceiver: New notification from com.dexcom.g7 - ongoing: true (flags: 10, prio: 2) - posted: 15:29:51 (1764080991559) - when 19.11.2025 17:14:50 (1763568890605) - diff notify: 251, diff recv value: 252
11-25 15:29:54.693 17710 17710 I GDH.NotificationReceiver: Handle 5 min notification - lastValueChanged: false - diff: 252
11-25 15:29:54.693 17710 17710 I GDH.NotificationReceiver: Check for changed value and wait for newer notification until 315s
11-25 15:29:54.693 17710 17710 I GDH.NotificationReceiver: Start wait thread for 63000 ms
11-25 15:29:54.694 17710 17710 I GDH.NotificationReceiver: using regex (?:^|\s)(\d*\.?\d+)(?=\s|$)
11-25 15:29:54.694 17710 17710 I GDH.NotificationReceiver: extracted title `null` and text `null`
11-25 15:29:54.710 17710 17710 I GDH.NotificationReceiver: Found value: 8.3 using regex in android.widget.TextView{7de333e V.ED..... ......ID 0,0-0,0 #7f0a03e1 app:id/glucose_value_text}
11-25 15:29:54.710 17710 17710 I GDH.NotificationReceiver: Extracted glucose value: 8.3 from time: 15:29:51
11-25 15:29:54.711 17710 17710 I GDH.NotificationReceiver: Ignoring value notification with same value: 8.3
11-25 15:29:54.711 17710 17710 I GDH.NotificationReceiver: New IOB notification from com.dexcom.g7 - ongoing: true (flags: 10, prio: 2) - posted: 15:29:51 (1764080991559) - when 19.11.2025 17:14:50 (1763568890605)
11-25 15:29:54.711 17710 17710 I GDH.NotificationReceiver: using IOB regex (\d*\.?\d+) U
11-25 15:29:54.711 17710 17710 I GDH.NotificationReceiver: extracted title `null` and text `null`
11-25 15:29:54.717 17710 17710 E GDH.SourceStateData: Error state for source NOTIFICATION: Could not parse IOB from [8.3, mmol/⁠L, Handlungsbedarf!] - info: 
11-25 15:30:19.376 17710 17710 I GDH.NotificationReceiver: New notification from com.dexcom.g7 - ongoing: false (flags: 96, prio: 0) - posted: 15:30:19 (1764081019151) - when 19.11.2025 17:14:40 (1763568880216) - diff notify: 27, diff recv value: 280
11-25 15:30:19.376 17710 17710 I GDH.NotificationReceiver: Dexcom foreground notification updated with title 'Dexcom App läuft' and text 'null' at 15:30:19 -> ignore and wait for next value notification
11-25 15:30:19.376 17710 17710 I GDH.NotificationReceiver: New IOB notification from com.dexcom.g7 - ongoing: false (flags: 96, prio: 0) - posted: 15:30:19 (1764081019151) - when 19.11.2025 17:14:40 (1763568880216)
11-25 15:30:19.377 17710 17710 I GDH.NotificationReceiver: using IOB regex (\d*\.?\d+) U
11-25 15:30:19.377 17710 17710 I GDH.NotificationReceiver: extracted title `Dexcom App läuft` and text `null`
11-25 15:30:19.377 17710 17710 I GDH.NotificationReceiver: No RemoteViews found
11-25 15:30:19.377 17710 17710 E GDH.SourceStateData: Error state for source NOTIFICATION: Could not parse IOB from [Dexcom App läuft] - info: 
11-25 15:30:19.878 17710 17710 I GDH.NotificationReceiver: New notification from com.dexcom.g7 - ongoing: true (flags: 10, prio: 2) - posted: 15:30:19 (1764081019663) - when 19.11.2025 17:14:50 (1763568890605) - diff notify: 28, diff recv value: 280
11-25 15:30:19.878 17710 17710 I GDH.NotificationReceiver: Handle 5 min notification - lastValueChanged: false - diff: 280
11-25 15:30:19.886 17710 17710 I GDH.NotificationReceiver: Wait thread stopped!
11-25 15:30:19.886 17710 17710 I GDH.NotificationReceiver: Check for changed value and wait for newer notification until 315s
11-25 15:30:19.886 17710 17710 I GDH.NotificationReceiver: Start wait thread for 35000 ms
11-25 15:30:19.887 17710 17710 I GDH.NotificationReceiver: using regex (?:^|\s)(\d*\.?\d+)(?=\s|$)
11-25 15:30:19.887 17710 17710 I GDH.NotificationReceiver: extracted title `null` and text `null`
11-25 15:30:19.894 17710 17710 I GDH.NotificationReceiver: Found value: 8.2 using regex in android.widget.TextView{7b1ff77 V.ED..... ......ID 0,0-0,0 #7f0a03e1 app:id/glucose_value_text}
11-25 15:30:19.894 17710 17710 I GDH.NotificationReceiver: Extracted glucose value: 8.2 from time: 15:30:19
11-25 15:30:19.895 17710 17710 I GDH.NotificationReceiver: Wait thread stopped!
11-25 15:30:19.896 17710 17710 I GDH.ReceiveData: Glucodata received from NOTIFICATION: Bundle[{glucodata.Minute.Alarm=0, glucodata.Minute.Rate=NaN, glucodata.Minute.Time=1764081019663, glucodata.Minute.mgdl=148, glucodata.Minute.SerialNumber=Dexcom G7, glucodata.Minute.glucose=8.2}] - timestamp: 25.11.2025 15:30:19
11-25 15:30:19.900 17710 17710 I GDH.Task.Time.TaskService: Set next alarm after 1 minute(s) at 15:31:22 (received at 15:30:19) with a delay of 3s
11-25 15:30:19.920 17710 17710 I GDH.Task.Source.TaskService: Set next alarm after 1 minute(s) at 15:31:29 (received at 15:30:19) with a delay of 10s
11-25 15:30:19.938 17710 17710 I GDH.SourceStateData: Set state NONE for source NOTIFICATION: 
11-25 15:30:19.938 17710 17710 I GDH.NotificationReceiver: Valid glucose value received with ongoing notification from com.dexcom.g7
11-25 15:30:19.945 17710 17710 I GDH.NotificationReceiver: New IOB notification from com.dexcom.g7 - ongoing: true (flags: 10, prio: 2) - posted: 15:30:19 (1764081019663) - when 19.11.2025 17:14:50 (1763568890605)
11-25 15:30:19.945 17710 17710 I GDH.NotificationReceiver: using IOB regex (\d*\.?\d+) U
11-25 15:30:19.945 17710 17710 I GDH.NotificationReceiver: extracted title `null` and text `null`
11-25 15:30:19.953 17710 17710 E GDH.SourceStateData: Error state for source NOTIFICATION: Could not parse IOB from [8.2, mmol/⁠L, Handlungsbedarf!] - info: 
11-25 15:30:19.953 17710 17710 I GDH.WearPhoneConnection: BROADCAST: 1092 bytes send with path /glucodata_intent_json to node Node{Galaxy Watch7 (PQ5Y), id=50969630, hops=1, isNearby=true}
11-25 15:30:20.149 17710 17710 I GDH.NotificationReceiver: New notification from com.dexcom.g7 - ongoing: true (flags: 10, prio: 2) - posted: 15:30:19 (1764081019936) - when 19.11.2025 17:14:50 (1763568890605) - diff notify: 0, diff recv value: 0
11-25 15:30:20.149 17710 17710 I GDH.NotificationReceiver: New IOB notification from com.dexcom.g7 - ongoing: true (flags: 10, prio: 2) - posted: 15:30:19 (1764081019936) - when 19.11.2025 17:14:50 (1763568890605)
11-25 15:30:20.150 17710 17710 I GDH.NotificationReceiver: using IOB regex (\d*\.?\d+) U
11-25 15:30:20.150 17710 17710 I GDH.NotificationReceiver: extracted title `null` and text `null`
11-25 15:30:20.157 17710 17710 E GDH.SourceStateData: Error state for source NOTIFICATION: Could not parse IOB from [8.2, mmol/⁠L, Handlungsbedarf!] - info: 
11-25 15:30:20.595 17710 17710 I GDH.NotificationReceiver: New notification from com.dexcom.g7 - ongoing: true (flags: 10, prio: 2) - posted: 15:30:20 (1764081020372) - when 19.11.2025 17:14:50 (1763568890605) - diff notify: 0, diff recv value: 1
11-25 15:30:20.595 17710 17710 I GDH.NotificationReceiver: New IOB notification from com.dexcom.g7 - ongoing: true (flags: 10, prio: 2) - posted: 15:30:20 (1764081020372) - when 19.11.2025 17:14:50 (1763568890605)
11-25 15:30:20.596 17710 17710 I GDH.NotificationReceiver: using IOB regex (\d*\.?\d+) U
11-25 15:30:20.598 17710 17710 I GDH.NotificationReceiver: extracted title `null` and text `null`
11-25 15:30:20.605 17710 17710 E GDH.SourceStateData: Error state for source NOTIFICATION: Could not parse IOB from [8.2, mmol/⁠L, Handlungsbedarf!] - info: 
11-25 15:31:22.349 17710 17710 I GDH.Task.Time.TaskService: Set next alarm after 2 minute(s) at 15:32:22 (received at 15:30:19) with a delay of 3s
11-25 15:31:22.351 17710 22020 I GDH.Task.Time.TaskService: execute after 1 min: ElapsedTimeTask
11-25 15:31:22.351 17710 22020 I GDH.Task.Time.TaskService: Set next alarm after 2 minute(s) at 15:32:22 (received at 15:30:19) with a delay of 3s
11-25 15:31:30.333 17710 17710 I GDH.Task.Source.TaskService: Set next alarm after 2 minute(s) at 15:32:29 (received at 15:30:19) with a delay of 10s
11-25 15:31:30.338 17710 22029 I GDH.Task.Source.TaskService: execute after 1 min: DexcomShareSourceTask
11-25 15:31:30.341 17710 22029 I GDH.Task.Source.DexcomShareTask: Using URL: https://shareous1.dexcom.com/ShareWebServices/Services/Publisher/ReadPublisherLatestGlucoseValues
11-25 15:31:30.341 17710 12479 I GDH.Utils.HttpRequest: Send POST request to https://shareous1.dexcom.com/ShareWebServices/Services/Publisher/ReadPublisherLatestGlucoseValues?sessionId=f572af86-e003-4f29-b254-d038e6edaed9&minutes=30&maxCount=1
11-25 15:31:30.492 17710 12479 I GDH.Utils.HttpRequest: Code 200 received with message OK
11-25 15:31:30.495 17710 22029 I GDH.Task.Source.DexcomShareTask: handleValueResponse called: []
11-25 15:31:30.495 17710 22029 I GDH.Task.Source.DataSourceTask: No new value for source DEXCOM_SHARE - Keine Zuckerwerte auf dem Server gefunden. (-1) - message: 
11-25 15:31:30.496 17710 22029 I GDH.SourceStateData: Set state NO_NEW_VALUE for source DEXCOM_SHARE: Keine Zuckerwerte auf dem Server gefunden.
11-25 15:32:23.347 17710 17710 I GDH.Task.Time.TaskService: Set next alarm after 3 minute(s) at 15:33:22 (received at 15:30:19) with a delay of 3s
11-25 15:32:23.359 17710 22030 I GDH.Task.Time.TaskService: execute after 2 min: ElapsedTimeTask
11-25 15:32:30.341 17710 17710 I GDH.Task.Source.TaskService: Set next alarm after 3 minute(s) at 15:33:29 (received at 15:30:19) with a delay of 10s
11-25 15:32:30.349 17710 22031 I GDH.Task.Source.TaskService: execute after 2 min: DexcomShareSourceTask
11-25 15:32:30.351 17710 22031 I GDH.Task.Source.DexcomShareTask: Using URL: https://shareous1.dexcom.com/ShareWebServices/Services/Publisher/ReadPublisherLatestGlucoseValues
11-25 15:32:30.352 17710 17743 I GDH.Utils.HttpRequest: Send POST request to https://shareous1.dexcom.com/ShareWebServices/Services/Publisher/ReadPublisherLatestGlucoseValues?sessionId=f572af86-e003-4f29-b254-d038e6edaed9&minutes=30&maxCount=1
11-25 15:32:30.515 17710 17743 I GDH.Utils.HttpRequest: Code 200 received with message OK
11-25 15:32:30.517 17710 22031 I GDH.Task.Source.DexcomShareTask: handleValueResponse called: []
11-25 15:32:30.517 17710 22031 I GDH.Task.Source.DataSourceTask: No new value for source DEXCOM_SHARE - Keine Zuckerwerte auf dem Server gefunden. (-1) - message: 
11-25 15:32:30.517 17710 22031 I GDH.SourceStateData: Set state NO_NEW_VALUE for source DEXCOM_SHARE: Keine Zuckerwerte auf dem Server gefunden.
11-25 15:32:38.848 17710 17710 I GDH.NotificationReceiver: New notification from com.dexcom.g7 - ongoing: true (flags: 10, prio: 2) - posted: 15:32:38 (1764081158355) - when 19.11.2025 17:14:50 (1763568890605) - diff notify: 138, diff recv value: 139
11-25 15:32:38.848 17710 17710 I GDH.NotificationReceiver: Handle 5 min notification - lastValueChanged: true - diff: 139
11-25 15:32:38.848 17710 17710 I GDH.NotificationReceiver: Check for changed value only
11-25 15:32:38.848 17710 17710 I GDH.NotificationReceiver: using regex (?:^|\s)(\d*\.?\d+)(?=\s|$)
11-25 15:32:38.848 17710 17710 I GDH.NotificationReceiver: extracted title `null` and text `null`
11-25 15:32:38.857 17710 17710 I GDH.NotificationReceiver: Found value: 8.2 using regex in android.widget.TextView{4d8e6ff V.ED..... ......ID 0,0-0,0 #7f0a03e1 app:id/glucose_value_text}
11-25 15:32:38.858 17710 17710 I GDH.NotificationReceiver: Extracted glucose value: 8.2 from time: 15:32:38
11-25 15:32:38.858 17710 17710 I GDH.NotificationReceiver: Ignoring value notification with same value: 8.2
11-25 15:32:38.858 17710 17710 I GDH.NotificationReceiver: New IOB notification from com.dexcom.g7 - ongoing: true (flags: 10, prio: 2) - posted: 15:32:38 (1764081158355) - when 19.11.2025 17:14:50 (1763568890605)
11-25 15:32:38.859 17710 17710 I GDH.NotificationReceiver: using IOB regex (\d*\.?\d+) U
11-25 15:32:38.859 17710 17710 I GDH.NotificationReceiver: extracted title `null` and text `null`
11-25 15:32:38.865 17710 17710 E GDH.SourceStateData: Error state for source NOTIFICATION: Could not parse IOB from [8.2, mmol/⁠L, Handlungsbedarf!] - info: 
11-25 15:33:23.350 17710 17710 I GDH.Task.Time.TaskService: Set next alarm after 4 minute(s) at 15:34:22 (received at 15:30:19) with a delay of 3s
11-25 15:33:23.353 17710 22041 I GDH.Task.Time.TaskService: execute after 3 min: ElapsedTimeTask
11-25 15:33:23.353 17710 22041 I GDH.Task.Time.TaskService: Set next alarm after 4 minute(s) at 15:34:22 (received at 15:30:19) with a delay of 3s
11-25 15:33:30.337 17710 17710 I GDH.Task.Source.TaskService: Set next alarm after 4 minute(s) at 15:34:29 (received at 15:30:19) with a delay of 10s
11-25 15:33:30.339 17710 22043 I GDH.Task.Source.TaskService: execute after 3 min: DexcomShareSourceTask
11-25 15:33:30.341 17710 22043 I GDH.Task.Source.DexcomShareTask: Using URL: https://shareous1.dexcom.com/ShareWebServices/Services/Publisher/ReadPublisherLatestGlucoseValues
11-25 15:33:30.341 17710 12479 I GDH.Utils.HttpRequest: Send POST request to https://shareous1.dexcom.com/ShareWebServices/Services/Publisher/ReadPublisherLatestGlucoseValues?sessionId=f572af86-e003-4f29-b254-d038e6edaed9&minutes=30&maxCount=1
11-25 15:33:30.423 17710 12479 I GDH.Utils.HttpRequest: Code 200 received with message OK
11-25 15:33:30.425 17710 22043 I GDH.Task.Source.DexcomShareTask: handleValueResponse called: []
11-25 15:33:30.425 17710 22043 I GDH.Task.Source.DataSourceTask: No new value for source DEXCOM_SHARE - Keine Zuckerwerte auf dem Server gefunden. (-1) - message: 
11-25 15:33:30.426 17710 22043 I GDH.SourceStateData: Set state NO_NEW_VALUE for source DEXCOM_SHARE: Keine Zuckerwerte auf dem Server gefunden.
11-25 15:34:23.351 17710 17710 I GDH.Task.Time.TaskService: Set next alarm after 5 minute(s) at 15:35:22 (received at 15:30:19) with a delay of 3s
11-25 15:34:23.362 17710 22057 I GDH.Task.Time.TaskService: execute after 4 min: ElapsedTimeTask
11-25 15:34:29.027 17710 22059 I GDH.Task.Source.TaskService: execute after 4 min: DexcomShareSourceTask
11-25 15:34:29.027 17710 17710 I GDH.Task.Source.TaskService: Set next alarm after 5 minute(s) at 15:35:29 (received at 15:30:19) with a delay of 10s
11-25 15:34:29.037 17710 22059 I GDH.Task.Source.DexcomShareTask: Using URL: https://shareous1.dexcom.com/ShareWebServices/Services/Publisher/ReadPublisherLatestGlucoseValues
11-25 15:34:29.038 17710 12479 I GDH.Utils.HttpRequest: Send POST request to https://shareous1.dexcom.com/ShareWebServices/Services/Publisher/ReadPublisherLatestGlucoseValues?sessionId=f572af86-e003-4f29-b254-d038e6edaed9&minutes=30&maxCount=1
11-25 15:34:29.214 17710 12479 I GDH.Utils.HttpRequest: Code 200 received with message OK
11-25 15:34:29.216 17710 22059 I GDH.Task.Source.DexcomShareTask: handleValueResponse called: []
11-25 15:34:29.216 17710 22059 I GDH.Task.Source.DataSourceTask: No new value for source DEXCOM_SHARE - Keine Zuckerwerte auf dem Server gefunden. (-1) - message: 
11-25 15:34:29.216 17710 22059 I GDH.SourceStateData: Set state NO_NEW_VALUE for source DEXCOM_SHARE: Keine Zuckerwerte auf dem Server gefunden.
11-25 15:34:29.324 17710 17714 I lucodatahandler: Background concurrent copying GC freed 6295KB AllocSpace bytes, 22(568KB) LOS objects, 49% free, 6831KB/13MB, paused 150us,81us total 109.441ms
11-25 15:35:19.317 17710 17710 I GDH.NotificationReceiver: New notification from com.dexcom.g7 - ongoing: false (flags: 96, prio: 0) - posted: 15:35:19 (1764081319097) - when 19.11.2025 17:14:40 (1763568880216) - diff notify: 160, diff recv value: 300
11-25 15:35:19.317 17710 17710 I GDH.NotificationReceiver: Dexcom foreground notification updated with title 'Dexcom App läuft' and text 'null' at 15:35:19 -> ignore and wait for next value notification
11-25 15:35:19.317 17710 17710 I GDH.NotificationReceiver: New IOB notification from com.dexcom.g7 - ongoing: false (flags: 96, prio: 0) - posted: 15:35:19 (1764081319097) - when 19.11.2025 17:14:40 (1763568880216)
11-25 15:35:19.318 17710 17710 I GDH.NotificationReceiver: using IOB regex (\d*\.?\d+) U
11-25 15:35:19.318 17710 17710 I GDH.NotificationReceiver: extracted title `Dexcom App läuft` and text `null`
11-25 15:35:19.318 17710 17710 I GDH.NotificationReceiver: No RemoteViews found
11-25 15:35:19.318 17710 17710 E GDH.SourceStateData: Error state for source NOTIFICATION: Could not parse IOB from [Dexcom App läuft] - info: 
11-25 15:35:19.790 17710 17710 I GDH.NotificationReceiver: New notification from com.dexcom.g7 - ongoing: true (flags: 10, prio: 2) - posted: 15:35:19 (1764081319574) - when 19.11.2025 17:14:50 (1763568890605) - diff notify: 161, diff recv value: 300
11-25 15:35:19.791 17710 17710 I GDH.NotificationReceiver: Handle 5 min notification - lastValueChanged: true - diff: 300
11-25 15:35:19.791 17710 17710 I GDH.NotificationReceiver: Check for changed value and wait for newer notification until 315s
11-25 15:35:19.791 17710 17710 I GDH.NotificationReceiver: Start wait thread for 15000 ms
11-25 15:35:19.791 17710 17710 I GDH.NotificationReceiver: using regex (?:^|\s)(\d*\.?\d+)(?=\s|$)
11-25 15:35:19.791 17710 17710 I GDH.NotificationReceiver: extracted title `null` and text `null`
11-25 15:35:19.809 17710 17710 I GDH.NotificationReceiver: Found value: 7.9 using regex in android.widget.TextView{10bdffd V.ED..... ......ID 0,0-0,0 #7f0a03e1 app:id/glucose_value_text}
11-25 15:35:19.809 17710 17710 I GDH.NotificationReceiver: Extracted glucose value: 7.9 from time: 15:35:19
11-25 15:35:19.811 17710 17710 I GDH.NotificationReceiver: Wait thread stopped!
11-25 15:35:19.812 17710 17710 I GDH.ReceiveData: Glucodata received from NOTIFICATION: Bundle[{glucodata.Minute.Alarm=0, glucodata.Minute.Rate=NaN, glucodata.Minute.Time=1764081319574, glucodata.Minute.mgdl=142, glucodata.Minute.SerialNumber=Dexcom G7, glucodata.Minute.glucose=7.9}] - timestamp: 25.11.2025 15:35:19
11-25 15:35:19.814 17710 17710 I GDH.Task.Time.TaskService: Set next alarm after 1 minute(s) at 15:36:22 (received at 15:35:19) with a delay of 3s
11-25 15:35:19.817 17710 17710 I GDH.Task.Source.TaskService: Set next alarm after 1 minute(s) at 15:36:29 (received at 15:35:19) with a delay of 10s
11-25 15:35:19.828 17710 17710 I GDH.SourceStateData: Set state NONE for source NOTIFICATION: 
11-25 15:35:19.828 17710 17710 I GDH.NotificationReceiver: Valid glucose value received with ongoing notification from com.dexcom.g7
11-25 15:35:19.829 17710 17710 I GDH.NotificationReceiver: New IOB notification from com.dexcom.g7 - ongoing: true (flags: 10, prio: 2) - posted: 15:35:19 (1764081319574) - when 19.11.2025 17:14:50 (1763568890605)
11-25 15:35:19.829 17710 17710 I GDH.NotificationReceiver: using IOB regex (\d*\.?\d+) U
11-25 15:35:19.829 17710 17710 I GDH.NotificationReceiver: extracted title `null` and text `null`
11-25 15:35:19.836 17710 17710 E GDH.SourceStateData: Error state for source NOTIFICATION: Could not parse IOB from [7.9, mmol/⁠L, Handlungsbedarf!] - info: 
11-25 15:35:19.837 17710 17710 I GDH.WearPhoneConnection: BROADCAST: 1092 bytes send with path /glucodata_intent_json to node Node{Galaxy Watch7 (PQ5Y), id=50969630, hops=1, isNearby=true}
11-25 15:35:20.014 17710 17710 I GDH.NotificationReceiver: New notification from com.dexcom.g7 - ongoing: true (flags: 10, prio: 2) - posted: 15:35:19 (1764081319787) - when 19.11.2025 17:14:50 (1763568890605) - diff notify: 0, diff recv value: 0
11-25 15:35:20.015 17710 17710 I GDH.NotificationReceiver: New IOB notification from com.dexcom.g7 - ongoing: true (flags: 10, prio: 2) - posted: 15:35:19 (1764081319787) - when 19.11.2025 17:14:50 (1763568890605)
11-25 15:35:20.015 17710 17710 I GDH.NotificationReceiver: using IOB regex (\d*\.?\d+) U
11-25 15:35:20.015 17710 17710 I GDH.NotificationReceiver: extracted title `null` and text `null`
11-25 15:35:20.023 17710 17710 E GDH.SourceStateData: Error state for source NOTIFICATION: Could not parse IOB from [7.9, mmol/⁠L, Handlungsbedarf!] - info: 
11-25 15:35:28.103 17710 17710 I GDH.NotificationReceiver: New notification from com.dexcom.g7 - ongoing: true (flags: 10, prio: 2) - posted: 15:35:27 (1764081327886) - when 19.11.2025 17:14:50 (1763568890605) - diff notify: 8, diff recv value: 8
11-25 15:35:28.103 17710 17710 I GDH.NotificationReceiver: Handle 5 min notification - lastValueChanged: true - diff: 8
11-25 15:35:28.103 17710 17710 I GDH.NotificationReceiver: Ignoring notification
11-25 15:35:28.104 17710 17710 I GDH.NotificationReceiver: New IOB notification from com.dexcom.g7 - ongoing: true (flags: 10, prio: 2) - posted: 15:35:27 (1764081327886) - when 19.11.2025 17:14:50 (1763568890605)
11-25 15:35:28.104 17710 17710 I GDH.NotificationReceiver: using IOB regex (\d*\.?\d+) U
11-25 15:35:28.104 17710 17710 I GDH.NotificationReceiver: extracted title `null` and text `null`
11-25 15:35:28.112 17710 17710 E GDH.SourceStateData: Error state for source NOTIFICATION: Could not parse IOB from [7.9, mmol/⁠L, Handlungsbedarf!] - info: 
11-25 15:36:23.398 17710 17710 I GDH.Task.Time.TaskService: Set next alarm after 2 minute(s) at 15:37:22 (received at 15:35:19) with a delay of 3s
11-25 15:36:23.404 17710 22162 I GDH.Task.Time.TaskService: execute after 1 min: ElapsedTimeTask
11-25 15:36:29.330 17710 17710 I GDH.Task.Source.TaskService: Set next alarm after 2 minute(s) at 15:37:29 (received at 15:35:19) with a delay of 10s
11-25 15:36:29.341 17710 22231 I GDH.Task.Source.TaskService: execute after 1 min: DexcomShareSourceTask
11-25 15:36:29.360 17710 22231 I GDH.Task.Source.DexcomShareTask: Using URL: https://shareous1.dexcom.com/ShareWebServices/Services/Publisher/ReadPublisherLatestGlucoseValues
11-25 15:36:29.360 17710 17743 I GDH.Utils.HttpRequest: Send POST request to https://shareous1.dexcom.com/ShareWebServices/Services/Publisher/ReadPublisherLatestGlucoseValues?sessionId=f572af86-e003-4f29-b254-d038e6edaed9&minutes=30&maxCount=1
11-25 15:36:29.459 17710 17743 I GDH.Utils.HttpRequest: Code 200 received with message OK
11-25 15:36:29.460 17710 22231 I GDH.Task.Source.DexcomShareTask: handleValueResponse called: []
11-25 15:36:29.461 17710 22231 I GDH.Task.Source.DataSourceTask: No new value for source DEXCOM_SHARE - Keine Zuckerwerte auf dem Server gefunden. (-1) - message: 
11-25 15:36:29.461 17710 22231 I GDH.SourceStateData: Set state NO_NEW_VALUE for source DEXCOM_SHARE: Keine Zuckerwerte auf dem Server gefunden.
11-25 15:37:22.350 17710 17710 I GDH.Task.Time.TaskService: Set next alarm after 3 minute(s) at 15:38:22 (received at 15:35:19) with a delay of 3s
11-25 15:37:22.350 17710 22308 I GDH.Task.Time.TaskService: execute after 2 min: ElapsedTimeTask
11-25 15:37:22.351 17710 22308 I GDH.Task.Time.TaskService: Set next alarm after 3 minute(s) at 15:38:22 (received at 15:35:19) with a delay of 3s
11-25 15:37:29.342 17710 17710 I GDH.Task.Source.TaskService: Set next alarm after 3 minute(s) at 15:38:29 (received at 15:35:19) with a delay of 10s
11-25 15:37:29.350 17710 22339 I GDH.Task.Source.TaskService: execute after 2 min: DexcomShareSourceTask
11-25 15:37:29.358 17710 22339 I GDH.Task.Source.DexcomShareTask: Using URL: https://shareous1.dexcom.com/ShareWebServices/Services/Publisher/ReadPublisherLatestGlucoseValues
11-25 15:37:29.366 17710 12479 I GDH.Utils.HttpRequest: Send POST request to https://shareous1.dexcom.com/ShareWebServices/Services/Publisher/ReadPublisherLatestGlucoseValues?sessionId=f572af86-e003-4f29-b254-d038e6edaed9&minutes=30&maxCount=1
11-25 15:37:29.460 17710 12479 I GDH.Utils.HttpRequest: Code 200 received with message OK
11-25 15:37:29.461 17710 22339 I GDH.Task.Source.DexcomShareTask: handleValueResponse called: []
11-25 15:37:29.462 17710 22339 I GDH.Task.Source.DataSourceTask: No new value for source DEXCOM_SHARE - Keine Zuckerwerte auf dem Server gefunden. (-1) - message: 
11-25 15:37:29.462 17710 22339 I GDH.SourceStateData: Set state NO_NEW_VALUE for source DEXCOM_SHARE: Keine Zuckerwerte auf dem Server gefunden.
11-25 15:38:23.372 17710 17710 I GDH.Task.Time.TaskService: Set next alarm after 4 minute(s) at 15:39:22 (received at 15:35:19) with a delay of 3s
11-25 15:38:23.379 17710 22379 I GDH.Task.Time.TaskService: execute after 3 min: ElapsedTimeTask
11-25 15:38:23.380 17710 22379 I GDH.Task.Time.TaskService: Set next alarm after 4 minute(s) at 15:39:22 (received at 15:35:19) with a delay of 3s
11-25 15:38:30.342 17710 22380 I GDH.Task.Source.TaskService: execute after 3 min: DexcomShareSourceTask
11-25 15:38:30.342 17710 17710 I GDH.Task.Source.TaskService: Set next alarm after 4 minute(s) at 15:39:29 (received at 15:35:19) with a delay of 10s
11-25 15:38:30.344 17710 22380 I GDH.Task.Source.DexcomShareTask: Using URL: https://shareous1.dexcom.com/ShareWebServices/Services/Publisher/ReadPublisherLatestGlucoseValues
11-25 15:38:30.345 17710 12479 I GDH.Utils.HttpRequest: Send POST request to https://shareous1.dexcom.com/ShareWebServices/Services/Publisher/ReadPublisherLatestGlucoseValues?sessionId=f572af86-e003-4f29-b254-d038e6edaed9&minutes=30&maxCount=1
11-25 15:38:30.482 17710 12479 I GDH.Utils.HttpRequest: Code 200 received with message OK
11-25 15:38:30.489 17710 22380 I GDH.Task.Source.DexcomShareTask: handleValueResponse called: []
11-25 15:38:30.489 17710 22380 I GDH.Task.Source.DataSourceTask: No new value for source DEXCOM_SHARE - Keine Zuckerwerte auf dem Server gefunden. (-1) - message: 
11-25 15:38:30.489 17710 22380 I GDH.SourceStateData: Set state NO_NEW_VALUE for source DEXCOM_SHARE: Keine Zuckerwerte auf dem Server gefunden.
11-25 15:38:40.424 17710 17710 I GDH.NotificationReceiver: New notification from com.dexcom.g7 - ongoing: true (flags: 10, prio: 2) - posted: 15:38:40 (1764081520196) - when 19.11.2025 17:14:50 (1763568890605) - diff notify: 200, diff recv value: 201
11-25 15:38:40.424 17710 17710 I GDH.NotificationReceiver: Handle 5 min notification - lastValueChanged: true - diff: 201
11-25 15:38:40.424 17710 17710 I GDH.NotificationReceiver: Check for changed value only
11-25 15:38:40.424 17710 17710 I GDH.NotificationReceiver: using regex (?:^|\s)(\d*\.?\d+)(?=\s|$)
11-25 15:38:40.424 17710 17710 I GDH.NotificationReceiver: extracted title `null` and text `null`
11-25 15:38:40.433 17710 17710 I GDH.NotificationReceiver: Found value: 7.9 using regex in android.widget.TextView{68045d4 V.ED..... ......ID 0,0-0,0 #7f0a03e1 app:id/glucose_value_text}
11-25 15:38:40.434 17710 17710 I GDH.NotificationReceiver: Extracted glucose value: 7.9 from time: 15:38:40
11-25 15:38:40.434 17710 17710 I GDH.NotificationReceiver: Ignoring value notification with same value: 7.9
11-25 15:38:40.434 17710 17710 I GDH.NotificationReceiver: New IOB notification from com.dexcom.g7 - ongoing: true (flags: 10, prio: 2) - posted: 15:38:40 (1764081520196) - when 19.11.2025 17:14:50 (1763568890605)
11-25 15:38:40.434 17710 17710 I GDH.NotificationReceiver: using IOB regex (\d*\.?\d+) U
11-25 15:38:40.434 17710 17710 I GDH.NotificationReceiver: extracted title `null` and text `null`
11-25 15:38:40.440 17710 17710 E GDH.SourceStateData: Error state for source NOTIFICATION: Could not parse IOB from [7.9, mmol/⁠L, Handlungsbedarf!] - info: 
11-25 15:39:22.026 17710 17710 I GDH.Task.Time.TaskService: Set next alarm after 5 minute(s) at 15:40:22 (received at 15:35:19) with a delay of 3s
11-25 15:39:22.029 17710 22449 I GDH.Task.Time.TaskService: execute after 4 min: ElapsedTimeTask
11-25 15:39:30.342 17710 17710 I GDH.Task.Source.TaskService: Set next alarm after 5 minute(s) at 15:40:29 (received at 15:35:19) with a delay of 10s
11-25 15:39:30.344 17710 22452 I GDH.Task.Source.TaskService: execute after 4 min: DexcomShareSourceTask
11-25 15:39:30.346 17710 22452 I GDH.Task.Source.DexcomShareTask: Using URL: https://shareous1.dexcom.com/ShareWebServices/Services/Publisher/ReadPublisherLatestGlucoseValues
11-25 15:39:30.347 17710 12479 I GDH.Utils.HttpRequest: Send POST request to https://shareous1.dexcom.com/ShareWebServices/Services/Publisher/ReadPublisherLatestGlucoseValues?sessionId=f572af86-e003-4f29-b254-d038e6edaed9&minutes=30&maxCount=1
11-25 15:39:30.497 17710 12479 I GDH.Utils.HttpRequest: Code 200 received with message OK
11-25 15:39:30.499 17710 22452 I GDH.Task.Source.DexcomShareTask: handleValueResponse called: []
11-25 15:39:30.499 17710 22452 I GDH.Task.Source.DataSourceTask: No new value for source DEXCOM_SHARE - Keine Zuckerwerte auf dem Server gefunden. (-1) - message: 
11-25 15:39:30.499 17710 22452 I GDH.SourceStateData: Set state NO_NEW_VALUE for source DEXCOM_SHARE: Keine Zuckerwerte auf dem Server gefunden.
11-25 15:40:18.747 17710 17710 I GDH.NotificationReceiver: New notification from com.dexcom.g7 - ongoing: false (flags: 96, prio: 0) - posted: 15:40:18 (1764081618527) - when 19.11.2025 17:14:40 (1763568880216) - diff notify: 98, diff recv value: 299
11-25 15:40:18.747 17710 17710 I GDH.NotificationReceiver: Dexcom foreground notification updated with title 'Dexcom App läuft' and text 'null' at 15:40:18 -> ignore and wait for next value notification
11-25 15:40:18.747 17710 17710 I GDH.NotificationReceiver: New IOB notification from com.dexcom.g7 - ongoing: false (flags: 96, prio: 0) - posted: 15:40:18 (1764081618527) - when 19.11.2025 17:14:40 (1763568880216)
11-25 15:40:18.748 17710 17710 I GDH.NotificationReceiver: using IOB regex (\d*\.?\d+) U
11-25 15:40:18.748 17710 17710 I GDH.NotificationReceiver: extracted title `Dexcom App läuft` and text `null`
11-25 15:40:18.748 17710 17710 I GDH.NotificationReceiver: No RemoteViews found
11-25 15:40:18.748 17710 17710 E GDH.SourceStateData: Error state for source NOTIFICATION: Could not parse IOB from [Dexcom App läuft] - info: 
11-25 15:40:19.281 17710 17710 I GDH.NotificationReceiver: New notification from com.dexcom.g7 - ongoing: true (flags: 10, prio: 2) - posted: 15:40:19 (1764081619064) - when 19.11.2025 17:14:50 (1763568890605) - diff notify: 98, diff recv value: 300
11-25 15:40:19.281 17710 17710 I GDH.NotificationReceiver: Handle 5 min notification - lastValueChanged: true - diff: 300
11-25 15:40:19.281 17710 17710 I GDH.NotificationReceiver: Check for changed value and wait for newer notification until 315s
11-25 15:40:19.281 17710 17710 I GDH.NotificationReceiver: Start wait thread for 15000 ms
11-25 15:40:19.282 17710 17710 I GDH.NotificationReceiver: using regex (?:^|\s)(\d*\.?\d+)(?=\s|$)
11-25 15:40:19.282 17710 17710 I GDH.NotificationReceiver: extracted title `null` and text `null`
11-25 15:40:19.290 17710 17710 I GDH.NotificationReceiver: Found value: 8.0 using regex in android.widget.TextView{7b05df6 V.ED..... ......ID 0,0-0,0 #7f0a03e1 app:id/glucose_value_text}
11-25 15:40:19.290 17710 17710 I GDH.NotificationReceiver: Extracted glucose value: 8.0 from time: 15:40:19
11-25 15:40:19.291 17710 17710 I GDH.NotificationReceiver: Wait thread stopped!
11-25 15:40:19.292 17710 17710 I GDH.ReceiveData: Glucodata received from NOTIFICATION: Bundle[{glucodata.Minute.Alarm=0, glucodata.Minute.Rate=NaN, glucodata.Minute.Time=1764081619064, glucodata.Minute.mgdl=144, glucodata.Minute.SerialNumber=Dexcom G7, glucodata.Minute.glucose=8.0}] - timestamp: 25.11.2025 15:40:19
11-25 15:40:19.294 17710 17710 I GDH.Task.Time.TaskService: Set next alarm after 1 minute(s) at 15:41:22 (received at 15:40:19) with a delay of 3s
11-25 15:40:19.297 17710 17710 I GDH.Task.Source.TaskService: Set next alarm after 1 minute(s) at 15:41:29 (received at 15:40:19) with a delay of 10s
11-25 15:40:19.297 17710 22485 I GDH.Task.Source.TaskService: Set next alarm after 1 minute(s) at 15:41:29 (received at 15:40:19) with a delay of 10s
11-25 15:40:19.312 17710 17710 I GDH.SourceStateData: Set state NONE for source NOTIFICATION: 
11-25 15:40:19.312 17710 17710 I GDH.NotificationReceiver: Valid glucose value received with ongoing notification from com.dexcom.g7
11-25 15:40:19.313 17710 17710 I GDH.NotificationReceiver: New IOB notification from com.dexcom.g7 - ongoing: true (flags: 10, prio: 2) - posted: 15:40:19 (1764081619064) - when 19.11.2025 17:14:50 (1763568890605)
11-25 15:40:19.314 17710 17710 I GDH.NotificationReceiver: using IOB regex (\d*\.?\d+) U
11-25 15:40:19.314 17710 17710 I GDH.NotificationReceiver: extracted title `null` and text `null`
11-25 15:40:19.320 17710 17710 E GDH.SourceStateData: Error state for source NOTIFICATION: Could not parse IOB from [8.0, mmol/⁠L, Handlungsbedarf!] - info: 
11-25 15:40:19.320 17710 17710 I GDH.WearPhoneConnection: BROADCAST: 1089 bytes send with path /glucodata_intent_json to node Node{Galaxy Watch7 (PQ5Y), id=50969630, hops=1, isNearby=true}
11-25 15:40:19.478 17710 17710 I GDH.NotificationReceiver: New notification from com.dexcom.g7 - ongoing: true (flags: 10, prio: 2) - posted: 15:40:19 (1764081619255) - when 19.11.2025 17:14:50 (1763568890605) - diff notify: 0, diff recv value: 0
11-25 15:40:19.478 17710 17710 I GDH.NotificationReceiver: New IOB notification from com.dexcom.g7 - ongoing: true (flags: 10, prio: 2) - posted: 15:40:19 (1764081619255) - when 19.11.2025 17:14:50 (1763568890605)
11-25 15:40:19.479 17710 17710 I GDH.NotificationReceiver: using IOB regex (\d*\.?\d+) U
11-25 15:40:19.479 17710 17710 I GDH.NotificationReceiver: extracted title `null` and text `null`
11-25 15:40:19.487 17710 17710 E GDH.SourceStateData: Error state for source NOTIFICATION: Could not parse IOB from [8.0, mmol/⁠L, Handlungsbedarf!] - info: 
11-25 15:40:25.363 17710 17710 I GDH.NotificationReceiver: New notification from com.dexcom.g7 - ongoing: true (flags: 10, prio: 2) - posted: 15:40:25 (1764081625143) - when 19.11.2025 17:14:50 (1763568890605) - diff notify: 6, diff recv value: 6
11-25 15:40:25.363 17710 17710 I GDH.NotificationReceiver: Handle 5 min notification - lastValueChanged: true - diff: 6
11-25 15:40:25.363 17710 17710 I GDH.NotificationReceiver: Ignoring notification
11-25 15:40:25.364 17710 17710 I GDH.NotificationReceiver: New IOB notification from com.dexcom.g7 - ongoing: true (flags: 10, prio: 2) - posted: 15:40:25 (1764081625143) - when 19.11.2025 17:14:50 (1763568890605)
11-25 15:40:25.364 17710 17710 I GDH.NotificationReceiver: using IOB regex (\d*\.?\d+) U
11-25 15:40:25.364 17710 17710 I GDH.NotificationReceiver: extracted title `null` and text `null`
11-25 15:40:25.371 17710 17710 E GDH.SourceStateData: Error state for source NOTIFICATION: Could not parse IOB from [8.0, mmol/⁠L, Handlungsbedarf!] - info: 
11-25 15:41:23.342 17710 17710 I GDH.Task.Time.TaskService: Set next alarm after 2 minute(s) at 15:42:22 (received at 15:40:19) with a delay of 3s
11-25 15:41:23.344 17710 22509 I GDH.Task.Time.TaskService: execute after 1 min: ElapsedTimeTask
11-25 15:41:23.344 17710 22509 I GDH.Task.Time.TaskService: Set next alarm after 2 minute(s) at 15:42:22 (received at 15:40:19) with a delay of 3s
11-25 15:41:30.331 17710 17710 I GDH.Task.Source.TaskService: Set next alarm after 2 minute(s) at 15:42:29 (received at 15:40:19) with a delay of 10s
11-25 15:41:30.333 17710 22511 I GDH.Task.Source.TaskService: execute after 1 min: DexcomShareSourceTask
11-25 15:41:30.335 17710 22511 I GDH.Task.Source.DexcomShareTask: Using URL: https://shareous1.dexcom.com/ShareWebServices/Services/Publisher/ReadPublisherLatestGlucoseValues
