11-25 14:47:23.378 17710 17710 I GDH.Task.Time.TaskService: Set next alarm after 3 minute(s) at 14:48:22 (received at 14:45:19) with a delay of 3s
11-25 14:47:23.390 17710 17401 I GDH.Task.Time.TaskService: execute after 2 min: ElapsedTimeTask
11-25 14:47:30.370 17710 17710 I GDH.Task.Source.TaskService: Set next alarm after 3 minute(s) at 14:48:29 (received at 14:45:19) with a delay of 10s
11-25 14:47:30.372 17710 17403 I GDH.Task.Source.TaskService: execute after 2 min: DexcomShareSourceTask
11-25 14:47:30.374 17710 17403 I GDH.Task.Source.DexcomShareTask: Using URL: https://shareous1.dexcom.com/ShareWebServices/Services/Publisher/ReadPublisherLatestGlucoseValues
11-25 14:47:30.374 17710 17744 I GDH.Utils.HttpRequest: Send POST request to https://shareous1.dexcom.com/ShareWebServices/Services/Publisher/ReadPublisherLatestGlucoseValues?sessionId=f572af86-e003-4f29-b254-d038e6edaed9&minutes=30&maxCount=1
11-25 14:47:30.523 17710 17744 I GDH.Utils.HttpRequest: Code 200 received with message OK
11-25 14:47:30.524 17710 17403 I GDH.Task.Source.DexcomShareTask: handleValueResponse called: []
11-25 14:47:30.524 17710 17403 I GDH.Task.Source.DataSourceTask: No new value for source DEXCOM_SHARE - Keine Zuckerwerte auf dem Server gefunden. (-1) - message: 
11-25 14:47:30.524 17710 17403 I GDH.SourceStateData: Set state NO_NEW_VALUE for source DEXCOM_SHARE: Keine Zuckerwerte auf dem Server gefunden.
11-25 14:47:52.976 17710 17710 I GDH.NotificationReceiver: New notification from com.dexcom.g7 - ongoing: true (flags: 10, prio: 2) - posted: 14:47:52 (1764078472743) - when 19.11.2025 17:14:50 (1763568890605) - diff notify: 153, diff recv value: 153
11-25 14:47:52.976 17710 17710 I GDH.NotificationReceiver: Handle 5 min notification - lastValueChanged: true - diff: 153
11-25 14:47:52.976 17710 17710 I GDH.NotificationReceiver: Check for changed value only
11-25 14:47:52.976 17710 17710 I GDH.NotificationReceiver: using regex (?:^|\s)(\d*\.?\d+)(?=\s|$)
11-25 14:47:52.976 17710 17710 I GDH.NotificationReceiver: extracted title `null` and text `null`
11-25 14:47:52.983 17710 17710 I GDH.NotificationReceiver: Found value: 6.9 using regex in android.widget.TextView{cd906cd V.ED..... ......ID 0,0-0,0 #7f0a03e1 app:id/glucose_value_text}
11-25 14:47:52.984 17710 17710 I GDH.NotificationReceiver: Extracted glucose value: 6.9 from time: 14:47:52
11-25 14:47:52.984 17710 17710 I GDH.NotificationReceiver: Ignoring value notification with same value: 6.9
11-25 14:47:52.984 17710 17710 I GDH.NotificationReceiver: New IOB notification from com.dexcom.g7 - ongoing: true (flags: 10, prio: 2) - posted: 14:47:52 (1764078472743) - when 19.11.2025 17:14:50 (1763568890605)
11-25 14:47:52.984 17710 17710 I GDH.NotificationReceiver: using IOB regex (\d*\.?\d+) U
11-25 14:47:52.984 17710 17710 I GDH.NotificationReceiver: extracted title `null` and text `null`
11-25 14:47:52.992 17710 17710 E GDH.SourceStateData: Error state for source NOTIFICATION: Could not parse IOB from [6.9, mmol/⁠L, Handlungsbedarf!] - info: 
11-25 14:48:22.037 17710 17710 I GDH.Task.Time.TaskService: Set next alarm after 4 minute(s) at 14:49:22 (received at 14:45:19) with a delay of 3s
11-25 14:48:22.046 17710 17417 I GDH.Task.Time.TaskService: execute after 3 min: ElapsedTimeTask
11-25 14:48:29.364 17710 17710 I GDH.Task.Source.TaskService: Set next alarm after 4 minute(s) at 14:49:29 (received at 14:45:19) with a delay of 10s
11-25 14:48:29.366 17710 17418 I GDH.Task.Source.TaskService: execute after 3 min: DexcomShareSourceTask
11-25 14:48:29.373 17710 17418 I GDH.Task.Source.DexcomShareTask: Using URL: https://shareous1.dexcom.com/ShareWebServices/Services/Publisher/ReadPublisherLatestGlucoseValues
11-25 14:48:29.373 17710 12479 I GDH.Utils.HttpRequest: Send POST request to https://shareous1.dexcom.com/ShareWebServices/Services/Publisher/ReadPublisherLatestGlucoseValues?sessionId=f572af86-e003-4f29-b254-d038e6edaed9&minutes=30&maxCount=1
11-25 14:48:29.484 17710 17714 I lucodatahandler: Background concurrent copying GC freed 5934KB AllocSpace bytes, 16(448KB) LOS objects, 49% free, 6791KB/13MB, paused 131us,67us total 114.503ms
11-25 14:48:29.510 17710 12479 I GDH.Utils.HttpRequest: Code 200 received with message OK
11-25 14:48:29.512 17710 17418 I GDH.Task.Source.DexcomShareTask: handleValueResponse called: []
11-25 14:48:29.512 17710 17418 I GDH.Task.Source.DataSourceTask: No new value for source DEXCOM_SHARE - Keine Zuckerwerte auf dem Server gefunden. (-1) - message: 
11-25 14:48:29.512 17710 17418 I GDH.SourceStateData: Set state NO_NEW_VALUE for source DEXCOM_SHARE: Keine Zuckerwerte auf dem Server gefunden.
11-25 14:49:23.374 17710 17710 I GDH.Task.Time.TaskService: Set next alarm after 5 minute(s) at 14:50:22 (received at 14:45:19) with a delay of 3s
11-25 14:49:23.383 17710 17420 I GDH.Task.Time.TaskService: execute after 4 min: ElapsedTimeTask
11-25 14:49:30.366 17710 17710 I GDH.Task.Source.TaskService: Set next alarm after 5 minute(s) at 14:50:29 (received at 14:45:19) with a delay of 10s
11-25 14:49:30.370 17710 17421 I GDH.Task.Source.TaskService: execute after 4 min: DexcomShareSourceTask
11-25 14:49:30.372 17710 17421 I GDH.Task.Source.DexcomShareTask: Using URL: https://shareous1.dexcom.com/ShareWebServices/Services/Publisher/ReadPublisherLatestGlucoseValues
11-25 14:49:30.373 17710 12479 I GDH.Utils.HttpRequest: Send POST request to https://shareous1.dexcom.com/ShareWebServices/Services/Publisher/ReadPublisherLatestGlucoseValues?sessionId=f572af86-e003-4f29-b254-d038e6edaed9&minutes=30&maxCount=1
11-25 14:49:30.542 17710 12479 I GDH.Utils.HttpRequest: Code 200 received with message OK
11-25 14:49:30.543 17710 17421 I GDH.Task.Source.DexcomShareTask: handleValueResponse called: []
11-25 14:49:30.544 17710 17421 I GDH.Task.Source.DataSourceTask: No new value for source DEXCOM_SHARE - Keine Zuckerwerte auf dem Server gefunden. (-1) - message: 
11-25 14:49:30.544 17710 17421 I GDH.SourceStateData: Set state NO_NEW_VALUE for source DEXCOM_SHARE: Keine Zuckerwerte auf dem Server gefunden.
11-25 14:50:19.533 17710 17710 I GDH.NotificationReceiver: New notification from com.dexcom.g7 - ongoing: false (flags: 96, prio: 0) - posted: 14:50:19 (1764078619320) - when 19.11.2025 17:14:40 (1763568880216) - diff notify: 146, diff recv value: 300
11-25 14:50:19.533 17710 17710 I GDH.NotificationReceiver: Dexcom foreground notification updated with title 'Dexcom App läuft' and text 'null' at 14:50:19 -> ignore and wait for next value notification
11-25 14:50:19.534 17710 17710 I GDH.NotificationReceiver: New IOB notification from com.dexcom.g7 - ongoing: false (flags: 96, prio: 0) - posted: 14:50:19 (1764078619320) - when 19.11.2025 17:14:40 (1763568880216)
11-25 14:50:19.534 17710 17710 I GDH.NotificationReceiver: using IOB regex (\d*\.?\d+) U
11-25 14:50:19.534 17710 17710 I GDH.NotificationReceiver: extracted title `Dexcom App läuft` and text `null`
11-25 14:50:19.534 17710 17710 I GDH.NotificationReceiver: No RemoteViews found
11-25 14:50:19.534 17710 17710 E GDH.SourceStateData: Error state for source NOTIFICATION: Could not parse IOB from [Dexcom App läuft] - info: 
11-25 14:50:20.109 17710 17710 I GDH.NotificationReceiver: New notification from com.dexcom.g7 - ongoing: true (flags: 10, prio: 2) - posted: 14:50:19 (1764078619895) - when 19.11.2025 17:14:50 (1763568890605) - diff notify: 147, diff recv value: 300
11-25 14:50:20.109 17710 17710 I GDH.NotificationReceiver: Handle 5 min notification - lastValueChanged: true - diff: 300
11-25 14:50:20.109 17710 17710 I GDH.NotificationReceiver: Check for changed value and wait for newer notification until 315s
11-25 14:50:20.109 17710 17710 I GDH.NotificationReceiver: Start wait thread for 15000 ms
11-25 14:50:20.110 17710 17710 I GDH.NotificationReceiver: using regex (?:^|\s)(\d*\.?\d+)(?=\s|$)
11-25 14:50:20.110 17710 17710 I GDH.NotificationReceiver: extracted title `null` and text `null`
11-25 14:50:20.133 17710 17710 I GDH.NotificationReceiver: Found value: 7.3 using regex in android.widget.TextView{b1ad769 V.ED..... ......ID 0,0-0,0 #7f0a03e1 app:id/glucose_value_text}
11-25 14:50:20.133 17710 17710 I GDH.NotificationReceiver: Extracted glucose value: 7.3 from time: 14:50:19
11-25 14:50:20.135 17710 17710 I GDH.NotificationReceiver: Wait thread stopped!
11-25 14:50:20.135 17710 17710 I GDH.ReceiveData: Glucodata received from NOTIFICATION: Bundle[{glucodata.Minute.Alarm=0, glucodata.Minute.Rate=NaN, glucodata.Minute.Time=1764078619895, glucodata.Minute.mgdl=132, glucodata.Minute.SerialNumber=Dexcom G7, glucodata.Minute.glucose=7.3}] - timestamp: 25.11.2025 14:50:19
11-25 14:50:20.138 17710 17710 I GDH.Task.Time.TaskService: Set next alarm after 1 minute(s) at 14:51:22 (received at 14:50:19) with a delay of 3s
11-25 14:50:20.141 17710 17710 I GDH.Task.Source.TaskService: Set next alarm after 1 minute(s) at 14:51:29 (received at 14:50:19) with a delay of 10s
11-25 14:50:20.151 17710 17710 I GDH.SourceStateData: Set state NONE for source NOTIFICATION: 
11-25 14:50:20.151 17710 17710 I GDH.NotificationReceiver: Valid glucose value received with ongoing notification from com.dexcom.g7
11-25 14:50:20.152 17710 17710 I GDH.NotificationReceiver: New IOB notification from com.dexcom.g7 - ongoing: true (flags: 10, prio: 2) - posted: 14:50:19 (1764078619895) - when 19.11.2025 17:14:50 (1763568890605)
11-25 14:50:20.152 17710 17710 I GDH.NotificationReceiver: using IOB regex (\d*\.?\d+) U
11-25 14:50:20.152 17710 17710 I GDH.NotificationReceiver: extracted title `null` and text `null`
11-25 14:50:20.160 17710 17710 E GDH.SourceStateData: Error state for source NOTIFICATION: Could not parse IOB from [7.3, mmol/⁠L, Handlungsbedarf!] - info: 
11-25 14:50:20.161 17710 17710 I GDH.WearPhoneConnection: BROADCAST: 1086 bytes send with path /glucodata_intent_json to node Node{Galaxy Watch7 (PQ5Y), id=50969630, hops=1, isNearby=true}
11-25 14:50:20.319 17710 17710 I GDH.NotificationReceiver: New notification from com.dexcom.g7 - ongoing: true (flags: 10, prio: 2) - posted: 14:50:20 (1764078620092) - when 19.11.2025 17:14:50 (1763568890605) - diff notify: 0, diff recv value: 1
11-25 14:50:20.320 17710 17710 I GDH.NotificationReceiver: New IOB notification from com.dexcom.g7 - ongoing: true (flags: 10, prio: 2) - posted: 14:50:20 (1764078620092) - when 19.11.2025 17:14:50 (1763568890605)
11-25 14:50:20.320 17710 17710 I GDH.NotificationReceiver: using IOB regex (\d*\.?\d+) U
11-25 14:50:20.320 17710 17710 I GDH.NotificationReceiver: extracted title `null` and text `null`
11-25 14:50:20.329 17710 17710 E GDH.SourceStateData: Error state for source NOTIFICATION: Could not parse IOB from [7.3, mmol/⁠L, Handlungsbedarf!] - info: 
11-25 14:50:25.478 17710 17710 I GDH.NotificationReceiver: New notification from com.dexcom.g7 - ongoing: true (flags: 10, prio: 2) - posted: 14:50:25 (1764078625254) - when 19.11.2025 17:14:50 (1763568890605) - diff notify: 5, diff recv value: 6
11-25 14:50:25.478 17710 17710 I GDH.NotificationReceiver: Handle 5 min notification - lastValueChanged: true - diff: 6
11-25 14:50:25.478 17710 17710 I GDH.NotificationReceiver: Ignoring notification
11-25 14:50:25.479 17710 17710 I GDH.NotificationReceiver: New IOB notification from com.dexcom.g7 - ongoing: true (flags: 10, prio: 2) - posted: 14:50:25 (1764078625254) - when 19.11.2025 17:14:50 (1763568890605)
11-25 14:50:25.479 17710 17710 I GDH.NotificationReceiver: using IOB regex (\d*\.?\d+) U
11-25 14:50:25.479 17710 17710 I GDH.NotificationReceiver: extracted title `null` and text `null`
11-25 14:50:25.487 17710 17710 E GDH.SourceStateData: Error state for source NOTIFICATION: Could not parse IOB from [7.3, mmol/⁠L, Handlungsbedarf!] - info: 
11-25 14:51:23.400 17710 17710 I GDH.Task.Time.TaskService: Set next alarm after 2 minute(s) at 14:52:22 (received at 14:50:19) with a delay of 3s
11-25 14:51:23.405 17710 17474 I GDH.Task.Time.TaskService: execute after 1 min: ElapsedTimeTask
11-25 14:51:30.366 17710 17710 I GDH.Task.Source.TaskService: Set next alarm after 2 minute(s) at 14:52:29 (received at 14:50:19) with a delay of 10s
11-25 14:51:30.370 17710 17475 I GDH.Task.Source.TaskService: execute after 1 min: DexcomShareSourceTask
11-25 14:51:30.372 17710 17475 I GDH.Task.Source.DexcomShareTask: Using URL: https://shareous1.dexcom.com/ShareWebServices/Services/Publisher/ReadPublisherLatestGlucoseValues
11-25 14:51:30.372 17710 12479 I GDH.Utils.HttpRequest: Send POST request to https://shareous1.dexcom.com/ShareWebServices/Services/Publisher/ReadPublisherLatestGlucoseValues?sessionId=f572af86-e003-4f29-b254-d038e6edaed9&minutes=30&maxCount=1
11-25 14:51:30.524 17710 12479 I GDH.Utils.HttpRequest: Code 200 received with message OK
11-25 14:51:30.525 17710 17475 I GDH.Task.Source.DexcomShareTask: handleValueResponse called: []
11-25 14:51:30.525 17710 17475 I GDH.Task.Source.DataSourceTask: No new value for source DEXCOM_SHARE - Keine Zuckerwerte auf dem Server gefunden. (-1) - message: 
11-25 14:51:30.525 17710 17475 I GDH.SourceStateData: Set state NO_NEW_VALUE for source DEXCOM_SHARE: Keine Zuckerwerte auf dem Server gefunden.
11-25 14:52:23.386 17710 17710 I GDH.Task.Time.TaskService: Set next alarm after 3 minute(s) at 14:53:22 (received at 14:50:19) with a delay of 3s
11-25 14:52:23.388 17710 17478 I GDH.Task.Time.TaskService: execute after 2 min: ElapsedTimeTask
11-25 14:52:30.361 17710 17710 I GDH.Task.Source.TaskService: Set next alarm after 3 minute(s) at 14:53:29 (received at 14:50:19) with a delay of 10s
11-25 14:52:30.362 17710 17479 I GDH.Task.Source.TaskService: execute after 2 min: DexcomShareSourceTask
11-25 14:52:30.364 17710 17479 I GDH.Task.Source.DexcomShareTask: Using URL: https://shareous1.dexcom.com/ShareWebServices/Services/Publisher/ReadPublisherLatestGlucoseValues
11-25 14:52:30.364 17710 12479 I GDH.Utils.HttpRequest: Send POST request to https://shareous1.dexcom.com/ShareWebServices/Services/Publisher/ReadPublisherLatestGlucoseValues?sessionId=f572af86-e003-4f29-b254-d038e6edaed9&minutes=30&maxCount=1
11-25 14:52:30.506 17710 12479 I GDH.Utils.HttpRequest: Code 200 received with message OK
11-25 14:52:30.509 17710 17479 I GDH.Task.Source.DexcomShareTask: handleValueResponse called: []
11-25 14:52:30.509 17710 17479 I GDH.Task.Source.DataSourceTask: No new value for source DEXCOM_SHARE - Keine Zuckerwerte auf dem Server gefunden. (-1) - message: 
11-25 14:52:30.509 17710 17479 I GDH.SourceStateData: Set state NO_NEW_VALUE for source DEXCOM_SHARE: Keine Zuckerwerte auf dem Server gefunden.
11-25 14:53:23.383 17710 17710 I GDH.Task.Time.TaskService: Set next alarm after 4 minute(s) at 14:54:22 (received at 14:50:19) with a delay of 3s
11-25 14:53:23.390 17710 17481 I GDH.Task.Time.TaskService: execute after 3 min: ElapsedTimeTask
11-25 14:53:23.390 17710 17481 I GDH.Task.Time.TaskService: Set next alarm after 4 minute(s) at 14:54:22 (received at 14:50:19) with a delay of 3s
11-25 14:53:30.360 17710 17710 I GDH.Task.Source.TaskService: Set next alarm after 4 minute(s) at 14:54:29 (received at 14:50:19) with a delay of 10s
11-25 14:53:30.362 17710 17482 I GDH.Task.Source.TaskService: execute after 3 min: DexcomShareSourceTask
11-25 14:53:30.365 17710 17482 I GDH.Task.Source.DexcomShareTask: Using URL: https://shareous1.dexcom.com/ShareWebServices/Services/Publisher/ReadPublisherLatestGlucoseValues
11-25 14:53:30.365 17710 12479 I GDH.Utils.HttpRequest: Send POST request to https://shareous1.dexcom.com/ShareWebServices/Services/Publisher/ReadPublisherLatestGlucoseValues?sessionId=f572af86-e003-4f29-b254-d038e6edaed9&minutes=30&maxCount=1
11-25 14:53:30.508 17710 12479 I GDH.Utils.HttpRequest: Code 200 received with message OK
11-25 14:53:30.510 17710 17482 I GDH.Task.Source.DexcomShareTask: handleValueResponse called: []
11-25 14:53:30.510 17710 17482 I GDH.Task.Source.DataSourceTask: No new value for source DEXCOM_SHARE - Keine Zuckerwerte auf dem Server gefunden. (-1) - message: 
11-25 14:53:30.510 17710 17482 I GDH.SourceStateData: Set state NO_NEW_VALUE for source DEXCOM_SHARE: Keine Zuckerwerte auf dem Server gefunden.
11-25 14:54:23.369 17710 17710 I GDH.Task.Time.TaskService: Set next alarm after 5 minute(s) at 14:55:22 (received at 14:50:19) with a delay of 3s
11-25 14:54:23.373 17710 17486 I GDH.Task.Time.TaskService: execute after 4 min: ElapsedTimeTask
11-25 14:54:23.404 17710 17710 I GDH.BatteryReceiver: Received batter level: 98% - enabled: true
11-25 14:54:23.421 17710 17710 I GDH.WearPhoneConnection: BATTERY_LEVEL: 81 bytes send with path /battery_intent_json to node Node{Galaxy Watch7 (PQ5Y), id=50969630, hops=1, isNearby=true}
11-25 14:54:29.018 17710 17490 I GDH.Task.Source.TaskService: execute after 4 min: DexcomShareSourceTask
11-25 14:54:29.019 17710 17710 I GDH.Task.Source.TaskService: Set next alarm after 5 minute(s) at 14:55:29 (received at 14:50:19) with a delay of 10s
11-25 14:54:29.024 17710 17490 I GDH.Task.Source.DexcomShareTask: Using URL: https://shareous1.dexcom.com/ShareWebServices/Services/Publisher/ReadPublisherLatestGlucoseValues
11-25 14:54:29.024 17710 12479 I GDH.Utils.HttpRequest: Send POST request to https://shareous1.dexcom.com/ShareWebServices/Services/Publisher/ReadPublisherLatestGlucoseValues?sessionId=f572af86-e003-4f29-b254-d038e6edaed9&minutes=30&maxCount=1
11-25 14:54:29.212 17710 12479 I GDH.Utils.HttpRequest: Code 200 received with message OK
11-25 14:54:29.214 17710 17490 I GDH.Task.Source.DexcomShareTask: handleValueResponse called: []
11-25 14:54:29.214 17710 17490 I GDH.Task.Source.DataSourceTask: No new value for source DEXCOM_SHARE - Keine Zuckerwerte auf dem Server gefunden. (-1) - message: 
11-25 14:54:29.214 17710 17490 I GDH.SourceStateData: Set state NO_NEW_VALUE for source DEXCOM_SHARE: Keine Zuckerwerte auf dem Server gefunden.
11-25 14:54:35.095 17710 17710 I GDH.NotificationReceiver: New notification from com.dexcom.g7 - ongoing: true (flags: 10, prio: 2) - posted: 14:54:34 (1764078874859) - when 19.11.2025 17:14:50 (1763568890605) - diff notify: 254, diff recv value: 255
11-25 14:54:35.095 17710 17710 I GDH.NotificationReceiver: Handle 5 min notification - lastValueChanged: true - diff: 255
11-25 14:54:35.095 17710 17710 I GDH.NotificationReceiver: Check for changed value and wait for newer notification until 315s
11-25 14:54:35.095 17710 17710 I GDH.NotificationReceiver: Start wait thread for 60000 ms
11-25 14:54:35.097 17710 17710 I GDH.NotificationReceiver: using regex (?:^|\s)(\d*\.?\d+)(?=\s|$)
11-25 14:54:35.097 17710 17710 I GDH.NotificationReceiver: extracted title `null` and text `null`
11-25 14:54:35.107 17710 17710 I GDH.NotificationReceiver: Found value: 7.3 using regex in android.widget.TextView{e78b02b V.ED..... ......ID 0,0-0,0 #7f0a03e1 app:id/glucose_value_text}
11-25 14:54:35.107 17710 17710 I GDH.NotificationReceiver: Extracted glucose value: 7.3 from time: 14:54:34
11-25 14:54:35.107 17710 17710 I GDH.NotificationReceiver: Ignoring value notification with same value: 7.3
11-25 14:54:35.108 17710 17710 I GDH.NotificationReceiver: New IOB notification from com.dexcom.g7 - ongoing: true (flags: 10, prio: 2) - posted: 14:54:34 (1764078874859) - when 19.11.2025 17:14:50 (1763568890605)
11-25 14:54:35.108 17710 17710 I GDH.NotificationReceiver: using IOB regex (\d*\.?\d+) U
11-25 14:54:35.108 17710 17710 I GDH.NotificationReceiver: extracted title `null` and text `null`
11-25 14:54:35.113 17710 17710 E GDH.SourceStateData: Error state for source NOTIFICATION: Could not parse IOB from [7.3, mmol/⁠L, Handlungsbedarf!] - info: 
11-25 14:55:21.962 17710 17710 I GDH.NotificationReceiver: New notification from com.dexcom.g7 - ongoing: false (flags: 96, prio: 0) - posted: 14:55:21 (1764078921745) - when 19.11.2025 17:14:40 (1763568880216) - diff notify: 46, diff recv value: 302
11-25 14:55:21.962 17710 17710 I GDH.NotificationReceiver: Dexcom foreground notification updated with title 'Dexcom App läuft' and text 'null' at 14:55:21 -> ignore and wait for next value notification
11-25 14:55:21.962 17710 17710 I GDH.NotificationReceiver: New IOB notification from com.dexcom.g7 - ongoing: false (flags: 96, prio: 0) - posted: 14:55:21 (1764078921745) - when 19.11.2025 17:14:40 (1763568880216)
11-25 14:55:21.963 17710 17710 I GDH.NotificationReceiver: using IOB regex (\d*\.?\d+) U
11-25 14:55:21.963 17710 17710 I GDH.NotificationReceiver: extracted title `Dexcom App läuft` and text `null`
11-25 14:55:21.963 17710 17710 I GDH.NotificationReceiver: No RemoteViews found
11-25 14:55:21.963 17710 17710 E GDH.SourceStateData: Error state for source NOTIFICATION: Could not parse IOB from [Dexcom App läuft] - info: 
11-25 14:55:22.009 17710 17710 I GDH.Task.Time.TaskService: Set next alarm after 6 minute(s) at 14:56:22 (received at 14:50:19) with a delay of 3s
11-25 14:55:22.014 17710 17522 I GDH.Task.Time.TaskService: execute after 5 min: ElapsedTimeTask
11-25 14:55:22.437 17710 17710 I GDH.NotificationReceiver: New notification from com.dexcom.g7 - ongoing: true (flags: 10, prio: 2) - posted: 14:55:22 (1764078922225) - when 19.11.2025 17:14:50 (1763568890605) - diff notify: 47, diff recv value: 303
11-25 14:55:22.437 17710 17710 I GDH.NotificationReceiver: Handle 5 min notification - lastValueChanged: true - diff: 303
11-25 14:55:22.438 17710 17710 I GDH.NotificationReceiver: Wait thread stopped!
11-25 14:55:22.438 17710 17710 I GDH.NotificationReceiver: Check for changed value and wait for newer notification until 315s
11-25 14:55:22.439 17710 17710 I GDH.NotificationReceiver: Start wait thread for 12000 ms
11-25 14:55:22.439 17710 17710 I GDH.NotificationReceiver: using regex (?:^|\s)(\d*\.?\d+)(?=\s|$)
11-25 14:55:22.439 17710 17710 I GDH.NotificationReceiver: extracted title `null` and text `null`
11-25 14:55:22.447 17710 17710 I GDH.NotificationReceiver: Found value: 7.5 using regex in android.widget.TextView{d4f417e V.ED..... ......ID 0,0-0,0 #7f0a03e1 app:id/glucose_value_text}
11-25 14:55:22.447 17710 17710 I GDH.NotificationReceiver: Extracted glucose value: 7.5 from time: 14:55:22
11-25 14:55:22.448 17710 17710 I GDH.NotificationReceiver: Wait thread stopped!
11-25 14:55:22.449 17710 17710 I GDH.ReceiveData: Glucodata received from NOTIFICATION: Bundle[{glucodata.Minute.Alarm=0, glucodata.Minute.Rate=NaN, glucodata.Minute.Time=1764078922225, glucodata.Minute.mgdl=135, glucodata.Minute.SerialNumber=Dexcom G7, glucodata.Minute.glucose=7.5}] - timestamp: 25.11.2025 14:55:22
11-25 14:55:22.451 17710 17710 I GDH.Task.Time.TaskService: Set next alarm after 1 minute(s) at 14:56:25 (received at 14:55:22) with a delay of 3s
11-25 14:55:22.452 17710 17710 I GDH.Task.Source.TaskService: Set next alarm after 1 minute(s) at 14:56:32 (received at 14:55:22) with a delay of 10s
11-25 14:55:22.452 17710 17525 I GDH.Task.Source.TaskService: Set next alarm after 1 minute(s) at 14:56:32 (received at 14:55:22) with a delay of 10s
11-25 14:55:22.467 17710 17710 I GDH.SourceStateData: Set state NONE for source NOTIFICATION: 
11-25 14:55:22.467 17710 17710 I GDH.NotificationReceiver: Valid glucose value received with ongoing notification from com.dexcom.g7
11-25 14:55:22.467 17710 17710 I GDH.NotificationReceiver: New IOB notification from com.dexcom.g7 - ongoing: true (flags: 10, prio: 2) - posted: 14:55:22 (1764078922225) - when 19.11.2025 17:14:50 (1763568890605)
11-25 14:55:22.468 17710 17710 I GDH.NotificationReceiver: using IOB regex (\d*\.?\d+) U
11-25 14:55:22.468 17710 17710 I GDH.NotificationReceiver: extracted title `null` and text `null`
11-25 14:55:22.474 17710 17710 E GDH.SourceStateData: Error state for source NOTIFICATION: Could not parse IOB from [7.5, mmol/⁠L, Handlungsbedarf!] - info: 
11-25 14:55:22.474 17710 17710 I GDH.WearPhoneConnection: BROADCAST: 1084 bytes send with path /glucodata_intent_json to node Node{Galaxy Watch7 (PQ5Y), id=50969630, hops=1, isNearby=true}
11-25 14:55:22.637 17710 17710 I GDH.NotificationReceiver: New notification from com.dexcom.g7 - ongoing: true (flags: 10, prio: 2) - posted: 14:55:22 (1764078922416) - when 19.11.2025 17:14:50 (1763568890605) - diff notify: 0, diff recv value: 0
11-25 14:55:22.638 17710 17710 I GDH.NotificationReceiver: New IOB notification from com.dexcom.g7 - ongoing: true (flags: 10, prio: 2) - posted: 14:55:22 (1764078922416) - when 19.11.2025 17:14:50 (1763568890605)
11-25 14:55:22.639 17710 17710 I GDH.NotificationReceiver: using IOB regex (\d*\.?\d+) U
11-25 14:55:22.639 17710 17710 I GDH.NotificationReceiver: extracted title `null` and text `null`
11-25 14:55:22.649 17710 17710 E GDH.SourceStateData: Error state for source NOTIFICATION: Could not parse IOB from [7.5, mmol/⁠L, Handlungsbedarf!] - info: 
11-25 14:56:23.377 17710 17710 I GDH.Task.Time.TaskService: Set next alarm after 2 minute(s) at 14:57:25 (received at 14:55:22) with a delay of 3s
11-25 14:56:23.381 17710 17533 I GDH.Task.Time.TaskService: execute after 1 min: ElapsedTimeTask
11-25 14:56:23.381 17710 17533 I GDH.Task.Time.TaskService: Set next alarm after 2 minute(s) at 14:57:25 (received at 14:55:22) with a delay of 3s
11-25 14:56:33.359 17710 17710 I GDH.Task.Source.TaskService: Set next alarm after 2 minute(s) at 14:57:32 (received at 14:55:22) with a delay of 10s
11-25 14:56:33.361 17710 17534 I GDH.Task.Source.TaskService: execute after 1 min: DexcomShareSourceTask
11-25 14:56:33.363 17710 17534 I GDH.Task.Source.DexcomShareTask: Using URL: https://shareous1.dexcom.com/ShareWebServices/Services/Publisher/ReadPublisherLatestGlucoseValues
11-25 14:56:33.363 17710 12479 I GDH.Utils.HttpRequest: Send POST request to https://shareous1.dexcom.com/ShareWebServices/Services/Publisher/ReadPublisherLatestGlucoseValues?sessionId=f572af86-e003-4f29-b254-d038e6edaed9&minutes=30&maxCount=1
11-25 14:56:33.460 17710 12479 I GDH.Utils.HttpRequest: Code 200 received with message OK
11-25 14:56:33.464 17710 17534 I GDH.Task.Source.DexcomShareTask: handleValueResponse called: []
11-25 14:56:33.464 17710 17534 I GDH.Task.Source.DataSourceTask: No new value for source DEXCOM_SHARE - Keine Zuckerwerte auf dem Server gefunden. (-1) - message: 
11-25 14:56:33.464 17710 17534 I GDH.SourceStateData: Set state NO_NEW_VALUE for source DEXCOM_SHARE: Keine Zuckerwerte auf dem Server gefunden.
11-25 14:57:26.369 17710 17710 I GDH.Task.Time.TaskService: Set next alarm after 3 minute(s) at 14:58:25 (received at 14:55:22) with a delay of 3s
11-25 14:57:26.371 17710 17682 I GDH.Task.Time.TaskService: execute after 2 min: ElapsedTimeTask
11-25 14:57:26.372 17710 17682 I GDH.Task.Time.TaskService: Set next alarm after 3 minute(s) at 14:58:25 (received at 14:55:22) with a delay of 3s
11-25 14:57:33.353 17710 17710 I GDH.Task.Source.TaskService: Set next alarm after 3 minute(s) at 14:58:32 (received at 14:55:22) with a delay of 10s
11-25 14:57:33.364 17710 17683 I GDH.Task.Source.TaskService: execute after 2 min: DexcomShareSourceTask
11-25 14:57:33.370 17710 17683 I GDH.Task.Source.DexcomShareTask: Using URL: https://shareous1.dexcom.com/ShareWebServices/Services/Publisher/ReadPublisherLatestGlucoseValues
11-25 14:57:33.372 17710 12479 I GDH.Utils.HttpRequest: Send POST request to https://shareous1.dexcom.com/ShareWebServices/Services/Publisher/ReadPublisherLatestGlucoseValues?sessionId=f572af86-e003-4f29-b254-d038e6edaed9&minutes=30&maxCount=1
11-25 14:57:33.633 17710 12479 I GDH.Utils.HttpRequest: Code 200 received with message OK
11-25 14:57:33.635 17710 17683 I GDH.Task.Source.DexcomShareTask: handleValueResponse called: []
11-25 14:57:33.635 17710 17683 I GDH.Task.Source.DataSourceTask: No new value for source DEXCOM_SHARE - Keine Zuckerwerte auf dem Server gefunden. (-1) - message: 
11-25 14:57:33.635 17710 17683 I GDH.SourceStateData: Set state NO_NEW_VALUE for source DEXCOM_SHARE: Keine Zuckerwerte auf dem Server gefunden.
11-25 14:58:26.377 17710 17710 I GDH.Task.Time.TaskService: Set next alarm after 4 minute(s) at 14:59:25 (received at 14:55:22) with a delay of 3s
11-25 14:58:26.400 17710 17697 I GDH.Task.Time.TaskService: execute after 3 min: ElapsedTimeTask
11-25 14:58:33.354 17710 17710 I GDH.Task.Source.TaskService: Set next alarm after 4 minute(s) at 14:59:32 (received at 14:55:22) with a delay of 10s
11-25 14:58:33.354 17710 17702 I GDH.Task.Source.TaskService: execute after 3 min: DexcomShareSourceTask
11-25 14:58:33.357 17710 17702 I GDH.Task.Source.DexcomShareTask: Using URL: https://shareous1.dexcom.com/ShareWebServices/Services/Publisher/ReadPublisherLatestGlucoseValues
11-25 14:58:33.357 17710 17744 I GDH.Utils.HttpRequest: Send POST request to https://shareous1.dexcom.com/ShareWebServices/Services/Publisher/ReadPublisherLatestGlucoseValues?sessionId=f572af86-e003-4f29-b254-d038e6edaed9&minutes=30&maxCount=1
11-25 14:58:33.439 17710 17744 I GDH.Utils.HttpRequest: Code 200 received with message OK
11-25 14:58:33.441 17710 17702 I GDH.Task.Source.DexcomShareTask: handleValueResponse called: []
11-25 14:58:33.442 17710 17702 I GDH.Task.Source.DataSourceTask: No new value for source DEXCOM_SHARE - Keine Zuckerwerte auf dem Server gefunden. (-1) - message: 
11-25 14:58:33.442 17710 17702 I GDH.SourceStateData: Set state NO_NEW_VALUE for source DEXCOM_SHARE: Keine Zuckerwerte auf dem Server gefunden.
11-25 14:58:38.336 17710 17710 I GDH.NotificationReceiver: New notification from com.dexcom.g7 - ongoing: true (flags: 10, prio: 2) - posted: 14:58:38 (1764079118105) - when 19.11.2025 17:14:50 (1763568890605) - diff notify: 195, diff recv value: 196
11-25 14:58:38.336 17710 17710 I GDH.NotificationReceiver: Handle 5 min notification - lastValueChanged: true - diff: 196
11-25 14:58:38.336 17710 17710 I GDH.NotificationReceiver: Check for changed value only
11-25 14:58:38.337 17710 17710 I GDH.NotificationReceiver: using regex (?:^|\s)(\d*\.?\d+)(?=\s|$)
11-25 14:58:38.337 17710 17710 I GDH.NotificationReceiver: extracted title `null` and text `null`
11-25 14:58:38.347 17710 17710 I GDH.NotificationReceiver: Found value: 7.5 using regex in android.widget.TextView{4c5c4c V.ED..... ......ID 0,0-0,0 #7f0a03e1 app:id/glucose_value_text}
11-25 14:58:38.347 17710 17710 I GDH.NotificationReceiver: Extracted glucose value: 7.5 from time: 14:58:38
11-25 14:58:38.347 17710 17710 I GDH.NotificationReceiver: Ignoring value notification with same value: 7.5
11-25 14:58:38.348 17710 17710 I GDH.NotificationReceiver: New IOB notification from com.dexcom.g7 - ongoing: true (flags: 10, prio: 2) - posted: 14:58:38 (1764079118105) - when 19.11.2025 17:14:50 (1763568890605)
11-25 14:58:38.348 17710 17710 I GDH.NotificationReceiver: using IOB regex (\d*\.?\d+) U
11-25 14:58:38.348 17710 17710 I GDH.NotificationReceiver: extracted title `null` and text `null`
11-25 14:58:38.354 17710 17710 E GDH.SourceStateData: Error state for source NOTIFICATION: Could not parse IOB from [7.5, mmol/⁠L, Handlungsbedarf!] - info: 
11-25 14:59:26.388 17710 17710 I GDH.Task.Time.TaskService: Set next alarm after 5 minute(s) at 15:00:25 (received at 14:55:22) with a delay of 3s
11-25 14:59:26.391 17710 17745 I GDH.Task.Time.TaskService: execute after 4 min: ElapsedTimeTask
11-25 14:59:33.371 17710 17710 I GDH.Task.Source.TaskService: Set next alarm after 5 minute(s) at 15:00:32 (received at 14:55:22) with a delay of 10s
11-25 14:59:33.375 17710 17754 I GDH.Task.Source.TaskService: execute after 4 min: DexcomShareSourceTask
11-25 14:59:33.378 17710 17754 I GDH.Task.Source.DexcomShareTask: Using URL: https://shareous1.dexcom.com/ShareWebServices/Services/Publisher/ReadPublisherLatestGlucoseValues
11-25 14:59:33.378 17710 17744 I GDH.Utils.HttpRequest: Send POST request to https://shareous1.dexcom.com/ShareWebServices/Services/Publisher/ReadPublisherLatestGlucoseValues?sessionId=f572af86-e003-4f29-b254-d038e6edaed9&minutes=30&maxCount=1
11-25 14:59:33.548 17710 17744 I GDH.Utils.HttpRequest: Code 200 received with message OK
11-25 14:59:33.553 17710 17754 I GDH.Task.Source.DexcomShareTask: handleValueResponse called: []
11-25 14:59:33.553 17710 17754 I GDH.Task.Source.DataSourceTask: No new value for source DEXCOM_SHARE - Keine Zuckerwerte auf dem Server gefunden. (-1) - message: 
11-25 14:59:33.553 17710 17754 I GDH.SourceStateData: Set state NO_NEW_VALUE for source DEXCOM_SHARE: Keine Zuckerwerte auf dem Server gefunden.
11-25 15:00:18.558 17710 17710 I GDH.NotificationReceiver: New notification from com.dexcom.g7 - ongoing: false (flags: 96, prio: 0) - posted: 15:00:18 (1764079218336) - when 19.11.2025 17:14:40 (1763568880216) - diff notify: 100, diff recv value: 296
11-25 15:00:18.558 17710 17710 I GDH.NotificationReceiver: Dexcom foreground notification updated with title 'Dexcom App läuft' and text 'null' at 15:00:18 -> ignore and wait for next value notification
11-25 15:00:18.559 17710 17710 I GDH.NotificationReceiver: New IOB notification from com.dexcom.g7 - ongoing: false (flags: 96, prio: 0) - posted: 15:00:18 (1764079218336) - when 19.11.2025 17:14:40 (1763568880216)
11-25 15:00:18.559 17710 17710 I GDH.NotificationReceiver: using IOB regex (\d*\.?\d+) U
11-25 15:00:18.559 17710 17710 I GDH.NotificationReceiver: extracted title `Dexcom App läuft` and text `null`
11-25 15:00:18.559 17710 17710 I GDH.NotificationReceiver: No RemoteViews found
11-25 15:00:18.559 17710 17710 E GDH.SourceStateData: Error state for source NOTIFICATION: Could not parse IOB from [Dexcom App läuft] - info: 
11-25 15:00:19.005 17710 17710 I GDH.NotificationReceiver: New notification from com.dexcom.g7 - ongoing: true (flags: 10, prio: 2) - posted: 15:00:18 (1764079218788) - when 19.11.2025 17:14:50 (1763568890605) - diff notify: 100, diff recv value: 296
11-25 15:00:19.005 17710 17710 I GDH.NotificationReceiver: Handle 5 min notification - lastValueChanged: true - diff: 296
11-25 15:00:19.005 17710 17710 I GDH.NotificationReceiver: Check for changed value and wait for newer notification until 315s
11-25 15:00:19.006 17710 17710 I GDH.NotificationReceiver: Start wait thread for 19000 ms
11-25 15:00:19.006 17710 17710 I GDH.NotificationReceiver: using regex (?:^|\s)(\d*\.?\d+)(?=\s|$)
11-25 15:00:19.006 17710 17710 I GDH.NotificationReceiver: extracted title `null` and text `null`
11-25 15:00:19.012 17710 17710 I GDH.NotificationReceiver: Found value: 8.0 using regex in android.widget.TextView{4f2dbae V.ED..... ......ID 0,0-0,0 #7f0a03e1 app:id/glucose_value_text}
11-25 15:00:19.012 17710 17710 I GDH.NotificationReceiver: Extracted glucose value: 8.0 from time: 15:00:18
11-25 15:00:19.013 17710 17710 I GDH.NotificationReceiver: Wait thread stopped!
11-25 15:00:19.014 17710 17710 I GDH.ReceiveData: Glucodata received from NOTIFICATION: Bundle[{glucodata.Minute.Alarm=0, glucodata.Minute.Rate=NaN, glucodata.Minute.Time=1764079218788, glucodata.Minute.mgdl=144, glucodata.Minute.SerialNumber=Dexcom G7, glucodata.Minute.glucose=8.0}] - timestamp: 25.11.2025 15:00:18
11-25 15:00:19.016 17710 17710 I GDH.Task.Time.TaskService: Set next alarm after 1 minute(s) at 15:01:21 (received at 15:00:18) with a delay of 3s
11-25 15:00:19.038 17710 17710 I GDH.Task.Source.TaskService: Set next alarm after 1 minute(s) at 15:01:28 (received at 15:00:18) with a delay of 10s
11-25 15:00:19.070 17710 17710 I GDH.SourceStateData: Set state NONE for source NOTIFICATION: 
11-25 15:00:19.070 17710 17710 I GDH.NotificationReceiver: Valid glucose value received with ongoing notification from com.dexcom.g7
11-25 15:00:19.071 17710 17710 I GDH.NotificationReceiver: New IOB notification from com.dexcom.g7 - ongoing: true (flags: 10, prio: 2) - posted: 15:00:18 (1764079218788) - when 19.11.2025 17:14:50 (1763568890605)
11-25 15:00:19.071 17710 17710 I GDH.NotificationReceiver: using IOB regex (\d*\.?\d+) U
11-25 15:00:19.071 17710 17710 I GDH.NotificationReceiver: extracted title `null` and text `null`
11-25 15:00:19.078 17710 17710 E GDH.SourceStateData: Error state for source NOTIFICATION: Could not parse IOB from [8.0, mmol/⁠L, Handlungsbedarf!] - info: 
11-25 15:00:19.081 17710 17710 I GDH.WearPhoneConnection: BROADCAST: 1085 bytes send with path /glucodata_intent_json to node Node{Galaxy Watch7 (PQ5Y), id=50969630, hops=1, isNearby=true}
11-25 15:00:19.329 17710 17710 I GDH.NotificationReceiver: New notification from com.dexcom.g7 - ongoing: true (flags: 10, prio: 2) - posted: 15:00:19 (1764079219115) - when 19.11.2025 17:14:50 (1763568890605) - diff notify: 0, diff recv value: 1
11-25 15:00:19.329 17710 17710 I GDH.NotificationReceiver: New IOB notification from com.dexcom.g7 - ongoing: true (flags: 10, prio: 2) - posted: 15:00:19 (1764079219115) - when 19.11.2025 17:14:50 (1763568890605)
11-25 15:00:19.330 17710 17710 I GDH.NotificationReceiver: using IOB regex (\d*\.?\d+) U
11-25 15:00:19.330 17710 17710 I GDH.NotificationReceiver: extracted title `null` and text `null`
11-25 15:00:19.336 17710 17710 E GDH.SourceStateData: Error state for source NOTIFICATION: Could not parse IOB from [8.0, mmol/⁠L, Handlungsbedarf!] - info: 
11-25 15:00:19.878 17710 17710 I GDH.NotificationReceiver: New notification from com.dexcom.g7 - ongoing: true (flags: 10, prio: 2) - posted: 15:00:19 (1764079219657) - when 19.11.2025 17:14:50 (1763568890605) - diff notify: 0, diff recv value: 1
11-25 15:00:19.878 17710 17710 I GDH.NotificationReceiver: New IOB notification from com.dexcom.g7 - ongoing: true (flags: 10, prio: 2) - posted: 15:00:19 (1764079219657) - when 19.11.2025 17:14:50 (1763568890605)
11-25 15:00:19.879 17710 17710 I GDH.NotificationReceiver: using IOB regex (\d*\.?\d+) U
11-25 15:00:19.879 17710 17710 I GDH.NotificationReceiver: extracted title `null` and text `null`
11-25 15:00:19.887 17710 17710 E GDH.SourceStateData: Error state for source NOTIFICATION: Could not parse IOB from [8.0, mmol/⁠L, Handlungsbedarf!] - info: 
11-25 15:00:44.490 17710 17710 I GDH.NotificationReceiver: New notification from com.dexcom.g7 - ongoing: true (flags: 10, prio: 2) - posted: 15:00:44 (1764079244260) - when 19.11.2025 17:14:50 (1763568890605) - diff notify: 25, diff recv value: 26
11-25 15:00:44.490 17710 17710 I GDH.NotificationReceiver: Handle 5 min notification - lastValueChanged: true - diff: 26
11-25 15:00:44.490 17710 17710 I GDH.NotificationReceiver: Ignoring notification
11-25 15:00:44.492 17710 17710 I GDH.NotificationReceiver: New IOB notification from com.dexcom.g7 - ongoing: true (flags: 10, prio: 2) - posted: 15:00:44 (1764079244260) - when 19.11.2025 17:14:50 (1763568890605)
11-25 15:00:44.492 17710 17710 I GDH.NotificationReceiver: using IOB regex (\d*\.?\d+) U
11-25 15:00:44.492 17710 17710 I GDH.NotificationReceiver: extracted title `null` and text `null`
11-25 15:00:44.510 17710 17710 E GDH.SourceStateData: Error state for source NOTIFICATION: Could not parse IOB from [8.0, mmol/⁠L, Handlungsbedarf!] - info: 
11-25 15:01:21.389 17710 17710 I GDH.Task.Time.TaskService: Set next alarm after 2 minute(s) at 15:02:21 (received at 15:00:18) with a delay of 3s
11-25 15:01:21.390 17710 17830 I GDH.Task.Time.TaskService: execute after 1 min: ElapsedTimeTask
11-25 15:01:21.390 17710 17830 I GDH.Task.Time.TaskService: Set next alarm after 2 minute(s) at 15:02:21 (received at 15:00:18) with a delay of 3s
11-25 15:01:29.361 17710 17710 I GDH.Task.Source.TaskService: Set next alarm after 2 minute(s) at 15:02:28 (received at 15:00:18) with a delay of 10s
11-25 15:01:29.363 17710 17832 I GDH.Task.Source.TaskService: execute after 1 min: DexcomShareSourceTask
11-25 15:01:29.365 17710 17832 I GDH.Task.Source.DexcomShareTask: Using URL: https://shareous1.dexcom.com/ShareWebServices/Services/Publisher/ReadPublisherLatestGlucoseValues
11-25 15:01:29.366 17710 12479 I GDH.Utils.HttpRequest: Send POST request to https://shareous1.dexcom.com/ShareWebServices/Services/Publisher/ReadPublisherLatestGlucoseValues?sessionId=f572af86-e003-4f29-b254-d038e6edaed9&minutes=30&maxCount=1
11-25 15:01:29.445 17710 12479 I GDH.Utils.HttpRequest: Code 200 received with message OK
11-25 15:01:29.446 17710 17832 I GDH.Task.Source.DexcomShareTask: handleValueResponse called: []
11-25 15:01:29.446 17710 17832 I GDH.Task.Source.DataSourceTask: No new value for source DEXCOM_SHARE - Keine Zuckerwerte auf dem Server gefunden. (-1) - message: 
11-25 15:01:29.446 17710 17832 I GDH.SourceStateData: Set state NO_NEW_VALUE for source DEXCOM_SHARE: Keine Zuckerwerte auf dem Server gefunden.
11-25 15:02:22.428 17710 17710 I GDH.Task.Time.TaskService: Set next alarm after 3 minute(s) at 15:03:21 (received at 15:00:18) with a delay of 3s
11-25 15:02:22.435 17710 17884 I GDH.Task.Time.TaskService: execute after 2 min: ElapsedTimeTask
11-25 15:02:22.435 17710 17884 I GDH.Task.Time.TaskService: Set next alarm after 3 minute(s) at 15:03:21 (received at 15:00:18) with a delay of 3s
11-25 15:02:28.022 17710 17710 I GDH.Task.Source.TaskService: Set next alarm after 3 minute(s) at 15:03:28 (received at 15:00:18) with a delay of 10s
11-25 15:02:28.111 17710 18573 I GDH.Task.Source.TaskService: execute after 2 min: DexcomShareSourceTask
11-25 15:02:28.150 17710 18573 I GDH.Task.Source.DexcomShareTask: Using URL: https://shareous1.dexcom.com/ShareWebServices/Services/Publisher/ReadPublisherLatestGlucoseValues
11-25 15:02:28.152 17710 17744 I GDH.Utils.HttpRequest: Send POST request to https://shareous1.dexcom.com/ShareWebServices/Services/Publisher/ReadPublisherLatestGlucoseValues?sessionId=f572af86-e003-4f29-b254-d038e6edaed9&minutes=30&maxCount=1
11-25 15:02:28.300 17710 17744 I GDH.Utils.HttpRequest: Code 200 received with message OK
11-25 15:02:28.301 17710 18573 I GDH.Task.Source.DexcomShareTask: handleValueResponse called: []
11-25 15:02:28.303 17710 18573 I GDH.Task.Source.DataSourceTask: No new value for source DEXCOM_SHARE - Keine Zuckerwerte auf dem Server gefunden. (-1) - message: 
11-25 15:02:28.303 17710 18573 I GDH.SourceStateData: Set state NO_NEW_VALUE for source DEXCOM_SHARE: Keine Zuckerwerte auf dem Server gefunden.
11-25 15:02:33.373 17710 17710 I GDH.NotificationReceiver: New notification from com.dexcom.g7 - ongoing: true (flags: 10, prio: 2) - posted: 15:02:33 (1764079353162) - when 19.11.2025 17:14:50 (1763568890605) - diff notify: 134, diff recv value: 135
11-25 15:02:33.373 17710 17710 I GDH.NotificationReceiver: Handle 5 min notification - lastValueChanged: true - diff: 135
11-25 15:02:33.373 17710 17710 I GDH.NotificationReceiver: Check for changed value only
11-25 15:02:33.374 17710 17710 I GDH.NotificationReceiver: using regex (?:^|\s)(\d*\.?\d+)(?=\s|$)
11-25 15:02:33.374 17710 17710 I GDH.NotificationReceiver: extracted title `null` and text `null`
11-25 15:02:33.422 17710 17710 I GDH.NotificationReceiver: Found value: 8.0 using regex in android.widget.TextView{56528fa V.ED..... ......ID 0,0-0,0 #7f0a03e1 app:id/glucose_value_text}
11-25 15:02:33.423 17710 17710 I GDH.NotificationReceiver: Extracted glucose value: 8.0 from time: 15:02:33
11-25 15:02:33.423 17710 17710 I GDH.NotificationReceiver: Ignoring value notification with same value: 8.0
11-25 15:02:33.424 17710 17710 I GDH.NotificationReceiver: New IOB notification from com.dexcom.g7 - ongoing: true (flags: 10, prio: 2) - posted: 15:02:33 (1764079353162) - when 19.11.2025 17:14:50 (1763568890605)
11-25 15:02:33.424 17710 17710 I GDH.NotificationReceiver: using IOB regex (\d*\.?\d+) U
11-25 15:02:33.424 17710 17710 I GDH.NotificationReceiver: extracted title `null` and text `null`
11-25 15:02:33.432 17710 17710 E GDH.SourceStateData: Error state for source NOTIFICATION: Could not parse IOB from [8.0, mmol/⁠L, Handlungsbedarf!] - info: 
11-25 15:03:22.579 17710 17710 I GDH.Task.Time.TaskService: Set next alarm after 4 minute(s) at 15:04:21 (received at 15:00:18) with a delay of 3s
11-25 15:03:22.584 17710 20254 I GDH.Task.Time.TaskService: execute after 3 min: ElapsedTimeTask
11-25 15:03:29.704 17710 17710 I GDH.Task.Source.TaskService: Set next alarm after 4 minute(s) at 15:04:28 (received at 15:00:18) with a delay of 10s
11-25 15:03:29.712 17710 20264 I GDH.Task.Source.TaskService: execute after 3 min: DexcomShareSourceTask
11-25 15:03:29.718 17710 20264 I GDH.Task.Source.DexcomShareTask: Using URL: https://shareous1.dexcom.com/ShareWebServices/Services/Publisher/ReadPublisherLatestGlucoseValues
11-25 15:03:29.718 17710 17744 I GDH.Utils.HttpRequest: Send POST request to https://shareous1.dexcom.com/ShareWebServices/Services/Publisher/ReadPublisherLatestGlucoseValues?sessionId=f572af86-e003-4f29-b254-d038e6edaed9&minutes=30&maxCount=1
11-25 15:03:29.841 17710 17744 I GDH.Utils.HttpRequest: Code 200 received with message OK
11-25 15:03:29.843 17710 20264 I GDH.Task.Source.DexcomShareTask: handleValueResponse called: []
11-25 15:03:29.844 17710 20264 I GDH.Task.Source.DataSourceTask: No new value for source DEXCOM_SHARE - Keine Zuckerwerte auf dem Server gefunden. (-1) - message: 
11-25 15:03:29.844 17710 20264 I GDH.SourceStateData: Set state NO_NEW_VALUE for source DEXCOM_SHARE: Keine Zuckerwerte auf dem Server gefunden.
11-25 15:04:23.402 17710 17710 I GDH.Task.Time.TaskService: Set next alarm after 5 minute(s) at 15:05:21 (received at 15:00:18) with a delay of 3s
11-25 15:04:23.407 17710 20342 I GDH.Task.Time.TaskService: execute after 4 min: ElapsedTimeTask
11-25 15:04:30.141 17710 17710 I GDH.Task.Source.TaskService: Set next alarm after 5 minute(s) at 15:05:28 (received at 15:00:18) with a delay of 10s
11-25 15:04:30.150 17710 20347 I GDH.Task.Source.TaskService: execute after 4 min: DexcomShareSourceTask
11-25 15:04:30.154 17710 20347 I GDH.Task.Source.DexcomShareTask: Using URL: https://shareous1.dexcom.com/ShareWebServices/Services/Publisher/ReadPublisherLatestGlucoseValues
11-25 15:04:30.155 17710 17744 I GDH.Utils.HttpRequest: Send POST request to https://shareous1.dexcom.com/ShareWebServices/Services/Publisher/ReadPublisherLatestGlucoseValues?sessionId=f572af86-e003-4f29-b254-d038e6edaed9&minutes=30&maxCount=1
11-25 15:04:30.248 17710 17744 I GDH.Utils.HttpRequest: Code 200 received with message OK
11-25 15:04:30.250 17710 20347 I GDH.Task.Source.DexcomShareTask: handleValueResponse called: []
11-25 15:04:30.250 17710 20347 I GDH.Task.Source.DataSourceTask: No new value for source DEXCOM_SHARE - Keine Zuckerwerte auf dem Server gefunden. (-1) - message: 
11-25 15:04:30.250 17710 20347 I GDH.SourceStateData: Set state NO_NEW_VALUE for source DEXCOM_SHARE: Keine Zuckerwerte auf dem Server gefunden.
11-25 15:05:19.608 17710 17710 I GDH.NotificationReceiver: New notification from com.dexcom.g7 - ongoing: false (flags: 96, prio: 0) - posted: 15:05:19 (1764079519396) - when 19.11.2025 17:14:40 (1763568880216) - diff notify: 166, diff recv value: 301
11-25 15:05:19.608 17710 17710 I GDH.NotificationReceiver: Dexcom foreground notification updated with title 'Dexcom App läuft' and text 'null' at 15:05:19 -> ignore and wait for next value notification
11-25 15:05:19.609 17710 17710 I GDH.NotificationReceiver: New IOB notification from com.dexcom.g7 - ongoing: false (flags: 96, prio: 0) - posted: 15:05:19 (1764079519396) - when 19.11.2025 17:14:40 (1763568880216)
11-25 15:05:19.609 17710 17710 I GDH.NotificationReceiver: using IOB regex (\d*\.?\d+) U
11-25 15:05:19.609 17710 17710 I GDH.NotificationReceiver: extracted title `Dexcom App läuft` and text `null`
11-25 15:05:19.609 17710 17710 I GDH.NotificationReceiver: No RemoteViews found
11-25 15:05:19.610 17710 17710 E GDH.SourceStateData: Error state for source NOTIFICATION: Could not parse IOB from [Dexcom App läuft] - info: 
11-25 15:05:20.799 17710 17710 I GDH.NotificationReceiver: New notification from com.dexcom.g7 - ongoing: true (flags: 10, prio: 2) - posted: 15:05:20 (1764079520573) - when 19.11.2025 17:14:50 (1763568890605) - diff notify: 167, diff recv value: 302
11-25 15:05:20.799 17710 17710 I GDH.NotificationReceiver: Handle 5 min notification - lastValueChanged: true - diff: 302
11-25 15:05:20.799 17710 17710 I GDH.NotificationReceiver: Check for changed value and wait for newer notification until 315s
11-25 15:05:20.801 17710 17710 I GDH.NotificationReceiver: Start wait thread for 13000 ms
11-25 15:05:20.802 17710 17710 I GDH.NotificationReceiver: using regex (?:^|\s)(\d*\.?\d+)(?=\s|$)
11-25 15:05:20.802 17710 17710 I GDH.NotificationReceiver: extracted title `null` and text `null`
11-25 15:05:20.812 17710 17710 I GDH.NotificationReceiver: Found value: 8.2 using regex in android.widget.TextView{cbcc957 V.ED..... ......ID 0,0-0,0 #7f0a03e1 app:id/glucose_value_text}
11-25 15:05:20.813 17710 17710 I GDH.NotificationReceiver: Extracted glucose value: 8.2 from time: 15:05:20
11-25 15:05:20.816 17710 17710 I GDH.NotificationReceiver: Wait thread stopped!
11-25 15:05:20.819 17710 17710 I GDH.ReceiveData: Glucodata received from NOTIFICATION: Bundle[{glucodata.Minute.Alarm=0, glucodata.Minute.Rate=NaN, glucodata.Minute.Time=1764079520573, glucodata.Minute.mgdl=148, glucodata.Minute.SerialNumber=Dexcom G7, glucodata.Minute.glucose=8.2}] - timestamp: 25.11.2025 15:05:20
11-25 15:05:20.822 17710 17710 I GDH.Task.Time.TaskService: Set next alarm after 1 minute(s) at 15:06:23 (received at 15:05:20) with a delay of 3s
11-25 15:05:20.828 17710 17710 I GDH.Task.Source.TaskService: Set next alarm after 1 minute(s) at 15:06:30 (received at 15:05:20) with a delay of 10s
11-25 15:05:20.855 17710 17710 I GDH.SourceStateData: Set state NONE for source NOTIFICATION: 
11-25 15:05:20.855 17710 17710 I GDH.NotificationReceiver: Valid glucose value received with ongoing notification from com.dexcom.g7
11-25 15:05:20.856 17710 17710 I GDH.NotificationReceiver: New IOB notification from com.dexcom.g7 - ongoing: true (flags: 10, prio: 2) - posted: 15:05:20 (1764079520573) - when 19.11.2025 17:14:50 (1763568890605)
11-25 15:05:20.857 17710 17710 I GDH.NotificationReceiver: using IOB regex (\d*\.?\d+) U
11-25 15:05:20.857 17710 17710 I GDH.NotificationReceiver: extracted title `null` and text `null`
11-25 15:05:20.863 17710 17710 E GDH.SourceStateData: Error state for source NOTIFICATION: Could not parse IOB from [8.2, mmol/⁠L, Handlungsbedarf!] - info: 
