11-25 15:58:27.031 17710  9501 D MediaScannerConnection: Scanned  #G$E2XK5HUAG8VFpcuF5KH7xHWhfyAxA3skRRH7JSWw==  to content://media/external_primary/file/1000000010
11-25 15:58:27.909 17710 17710 I GDH.Task.Time.TaskService: Set next alarm after 4 minute(s) at 15:59:21 (received at 15:55:18) with a delay of 3s
11-25 15:58:27.912 17710  4970 I GDH.Task.Time.TaskService: execute after 3 min: ElapsedTimeTask
11-25 15:58:27.912 17710  4970 I GDH.Task.Time.TaskService: Set next alarm after 4 minute(s) at 15:59:21 (received at 15:55:18) with a delay of 3s
11-25 15:58:28.259 17710 17710 I ViewRootImpl@7e2addb[SettingsActivity]: MSG_WINDOW_FOCUS_CHANGED 0 0
11-25 15:58:28.654 17710 17710 I GDH.InternalNotifier: rem notifier ExportImportSettingsFragment{f3337d9} (9b0dc6a3-6b0a-4d94-82a2-4b5aec45ca8a id=0x1020002)
11-25 15:58:28.655 17710 17710 I ViewRootImpl@7e2addb[SettingsActivity]: handleAppVisibility mAppVisible = true visible = false
11-25 15:58:28.664 17710 17936 D OpenGLRenderer: setSurface called with nullptr
11-25 15:58:28.664 17710 17936 D OpenGLRenderer: setSurface() destroyed EGLSurface
11-25 15:58:28.664 17710 17936 D OpenGLRenderer: destroyEglSurface
11-25 15:58:28.665 17710 17710 I ViewRootImpl@7e2addb[SettingsActivity]: performTraversals mFirst=false windowShouldResize=false viewVisibilityChanged=true mForceNextWindowRelayout=false params=null
11-25 15:58:28.672 17710 17710 I ViewRootImpl@7e2addb[SettingsActivity]: Relayout returned: old=(0,0,1080,2400) new=(0,0,1080,2400) req=(1080,2400)8 dur=6 res=0x2 s={false 0x0} ch=true seqId=0
11-25 15:58:28.673 17710 17710 I ViewRootImpl@7e2addb[SettingsActivity]: stopped(true) old = false
11-25 15:58:28.673 17710 17710 I ViewRootImpl@7e2addb[SettingsActivity]: WindowStopped on de.michelinside.glucodatahandler/de.michelinside.glucodatahandler.SettingsActivity set to true
11-25 15:58:28.678 17710 17710 I MSHandlerLifeCycle: removeMultiSplitHandler: no exist. decor=DecorView@7156d01[SettingsActivity]
11-25 15:58:28.678 17710 17710 D InputTransport: Input channel destroyed: 'ClientS', fd=146
11-25 15:58:28.681 17710 17710 I ViewRootImpl@7e2addb[SettingsActivity]: performTraversals mFirst=false windowShouldResize=false viewVisibilityChanged=false mForceNextWindowRelayout=false params={(0,0)(fillxfill) sim={adjust=pan} ty=BASE_APPLICATION wanim=0x1030309
11-25 15:58:28.681 17710 17710 I ViewRootImpl@7e2addb[SettingsActivity]:   fl=81810100
11-25 15:58:28.681 17710 17710 I ViewRootImpl@7e2addb[SettingsActivity]:   pfl=16020040
11-25 15:58:28.681 17710 17710 I ViewRootImpl@7e2addb[SettingsActivity]:   vsysui=2110
11-25 15:58:28.681 17710 17710 I ViewRootImpl@7e2addb[SettingsActivity]:   apr=LIGHT_STATUS_BARS LIGHT_NAVIGATION_BARS
11-25 15:58:28.681 17710 17710 I ViewRootImpl@7e2addb[SettingsActivity]:   bhv=DEFAULT
11-25 15:58:28.681 17710 17710 I ViewRootImpl@7e2addb[SettingsActivity]:   fitSides= naviIconColor=0}
11-25 15:58:28.686 17710 17710 I ViewRootImpl@7e2addb[SettingsActivity]: Relayout returned: old=(0,0,1080,2400) new=(0,0,1080,2400) req=(1080,2400)8 dur=5 res=0x2 s={false 0x0} ch=false seqId=0
11-25 15:58:30.108 17710  8800 I GDH.Task.BackgroundWorker: doWork called for SourceTaskWorker
11-25 15:58:30.109 17710  4992 I GDH.Task.Source.TaskService: execute after 3 min: DexcomShareSourceTask
11-25 15:58:30.110 17710  8800 I GDH.Task.Source.TaskService: Set next alarm after 4 minute(s) at 15:59:28 (received at 15:55:18) with a delay of 10s
11-25 15:58:30.112 17710  4992 I GDH.Task.Source.DexcomShareTask: Using URL: https://shareous1.dexcom.com/ShareWebServices/Services/Publisher/ReadPublisherLatestGlucoseValues
11-25 15:58:30.112 17710 12479 I GDH.Utils.HttpRequest: Send POST request to https://shareous1.dexcom.com/ShareWebServices/Services/Publisher/ReadPublisherLatestGlucoseValues?sessionId=f572af86-e003-4f29-b254-d038e6edaed9&minutes=30&maxCount=1
11-25 15:58:30.133 17710 17747 I WM-WorkerWrapper: Work [ id=0287c284-3948-4ef4-81f3-704f6cfe1945, tags={ de.michelinside.glucodatahandler.common.tasks.SourceTaskWorker,SourceTaskWorker } ] was cancelled
11-25 15:58:30.133 17710 17747 I WM-WorkerWrapper: androidx.work.impl.WorkerStoppedException
11-25 15:58:30.133 17710 17747 I WM-WorkerWrapper: 	at androidx.work.impl.WorkerWrapper.interrupt(Unknown Source:4)
11-25 15:58:30.133 17710 17747 I WM-WorkerWrapper: 	at androidx.work.impl.Processor.interrupt(Unknown Source:2)
11-25 15:58:30.133 17710 17747 I WM-WorkerWrapper: 	at androidx.work.impl.Processor.stopAndCancelWork(Unknown Source:36)
11-25 15:58:30.133 17710 17747 I WM-WorkerWrapper: 	at androidx.work.impl.utils.CancelWorkRunnable.cancel(Unknown Source:22)
11-25 15:58:30.133 17710 17747 I WM-WorkerWrapper: 	at androidx.work.impl.utils.CancelWorkRunnable.access$cancel(Unknown Source:0)
11-25 15:58:30.133 17710 17747 I WM-WorkerWrapper: 	at androidx.work.impl.utils.CancelWorkRunnable$forTag$1.invoke$lambda$0(Unknown Source:24)
11-25 15:58:30.133 17710 17747 I WM-WorkerWrapper: 	at androidx.work.impl.utils.CancelWorkRunnable$forTag$1.a(Unknown Source:0)
11-25 15:58:30.133 17710 17747 I WM-WorkerWrapper: 	at androidx.work.impl.utils.b.run(Unknown Source:21)
11-25 15:58:30.133 17710 17747 I WM-WorkerWrapper: 	at androidx.room.RoomDatabase.runInTransaction$lambda$10(Unknown Source:0)
11-25 15:58:30.133 17710 17747 I WM-WorkerWrapper: 	at androidx.room.RoomDatabase.d(Unknown Source:0)
11-25 15:58:30.133 17710 17747 I WM-WorkerWrapper: 	at androidx.room.f.invoke(Unknown Source:98)
11-25 15:58:30.133 17710 17747 I WM-WorkerWrapper: 	at androidx.room.RoomDatabase.runInTransaction(SourceFile:5)
11-25 15:58:30.133 17710 17747 I WM-WorkerWrapper: 	at androidx.room.RoomDatabase.runInTransaction(SourceFile:1)
11-25 15:58:30.133 17710 17747 I WM-WorkerWrapper: 	at androidx.work.impl.utils.CancelWorkRunnable$forTag$1.invoke(SourceFile:3)
11-25 15:58:30.133 17710 17747 I WM-WorkerWrapper: 	at androidx.work.impl.utils.CancelWorkRunnable$forTag$1.invoke(SourceFile:1)
11-25 15:58:30.133 17710 17747 I WM-WorkerWrapper: 	at androidx.work.OperationKt.launchOperation$lambda$2$lambda$1(Unknown Source:12)
11-25 15:58:30.133 17710 17747 I WM-WorkerWrapper: 	at androidx.work.OperationKt.b(Unknown Source:0)
11-25 15:58:30.133 17710 17747 I WM-WorkerWrapper: 	at androidx.work.d.run(Unknown Source:10)
11-25 15:58:30.133 17710 17747 I WM-WorkerWrapper: 	at androidx.work.impl.utils.SerialExecutorImpl$Task.run(Unknown Source:2)
11-25 15:58:30.133 17710 17747 I WM-WorkerWrapper: 	at java.util.concurrent.ThreadPoolExecutor.runWorker(ThreadPoolExecutor.java:1156)
11-25 15:58:30.133 17710 17747 I WM-WorkerWrapper: 	at java.util.concurrent.ThreadPoolExecutor$Worker.run(ThreadPoolExecutor.java:651)
11-25 15:58:30.133 17710 17747 I WM-WorkerWrapper: 	at java.lang.Thread.run(Thread.java:1119)
11-25 15:58:30.133 17710 17747 I GDH.Task.BackgroundWorker: onStopped called for SourceTaskWorker
11-25 15:58:30.202 17710 12479 I GDH.Utils.HttpRequest: Code 200 received with message OK
11-25 15:58:30.203 17710  4992 I GDH.Task.Source.DexcomShareTask: handleValueResponse called: []
11-25 15:58:30.204 17710  4992 I GDH.Task.Source.DataSourceTask: No new value for source DEXCOM_SHARE - Keine Zuckerwerte auf dem Server gefunden. (-1) - message: 
11-25 15:58:30.204 17710  4992 I GDH.SourceStateData: Set state NO_NEW_VALUE for source DEXCOM_SHARE: Keine Zuckerwerte auf dem Server gefunden.
11-25 15:58:31.465 17710 17710 I ViewRootImpl@7e2addb[SettingsActivity]: handleAppVisibility mAppVisible = false visible = true
11-25 15:58:31.467 17710 17710 I ViewRootImpl@7e2addb[SettingsActivity]: stopped(false) old = true
11-25 15:58:31.467 17710 17710 I ViewRootImpl@7e2addb[SettingsActivity]: WindowStopped on de.michelinside.glucodatahandler/de.michelinside.glucodatahandler.SettingsActivity set to false
11-25 15:58:31.468 17710 17710 W OnBackInvokedCallback: OnBackInvokedCallback is not enabled for the application.
11-25 15:58:31.468 17710 17710 W OnBackInvokedCallback: Set 'android:enableOnBackInvokedCallback="true"' in the application manifest.
11-25 15:58:31.480 17710 17710 I MSHandlerLifeCycle: removeMultiSplitHandler: no exist. decor=DecorView@7156d01[SettingsActivity]
11-25 15:58:31.480 17710 17710 I ViewRootImpl@7e2addb[SettingsActivity]: stopped(false) old = false
11-25 15:58:31.481 17710 17710 I GDH.InternalNotifier: add notifier ExportImportSettingsFragment{f3337d9} (9b0dc6a3-6b0a-4d94-82a2-4b5aec45ca8a id=0x1020002) - filter: [CAPILITY_INFO] - timechanged: false
11-25 15:58:31.482 17710 17710 I DecorView: notifyKeepScreenOnChanged: keepScreenOn=false
11-25 15:58:31.484 17710 17710 I MSHandlerLifeCycle: removeMultiSplitHandler: no exist. decor=DecorView@7156d01[SettingsActivity]
11-25 15:58:31.487 17710 17710 I ViewRootImpl@7e2addb[SettingsActivity]: performTraversals params={(0,0)(fillxfill) sim={adjust=resize forwardNavigation} ty=BASE_APPLICATION wanim=0x1030309
11-25 15:58:31.487 17710 17710 I ViewRootImpl@7e2addb[SettingsActivity]:   fl=81810100
11-25 15:58:31.487 17710 17710 I ViewRootImpl@7e2addb[SettingsActivity]:   pfl=16020040
11-25 15:58:31.487 17710 17710 I ViewRootImpl@7e2addb[SettingsActivity]:   vsysui=2110
11-25 15:58:31.487 17710 17710 I ViewRootImpl@7e2addb[SettingsActivity]:   apr=LIGHT_STATUS_BARS LIGHT_NAVIGATION_BARS
11-25 15:58:31.487 17710 17710 I ViewRootImpl@7e2addb[SettingsActivity]:   bhv=DEFAULT
11-25 15:58:31.487 17710 17710 I ViewRootImpl@7e2addb[SettingsActivity]:   fitSides= naviIconColor=0}
11-25 15:58:31.488 17710 17710 I ViewRootImpl@7e2addb[SettingsActivity]: performTraversals mFirst=false windowShouldResize=false viewVisibilityChanged=true mForceNextWindowRelayout=false params={(0,0)(fillxfill) sim={adjust=resize forwardNavigation} ty=BASE_APPLICATION wanim=0x1030309
11-25 15:58:31.488 17710 17710 I ViewRootImpl@7e2addb[SettingsActivity]:   fl=81810100
11-25 15:58:31.488 17710 17710 I ViewRootImpl@7e2addb[SettingsActivity]:   pfl=16020040
11-25 15:58:31.488 17710 17710 I ViewRootImpl@7e2addb[SettingsActivity]:   vsysui=2110
11-25 15:58:31.488 17710 17710 I ViewRootImpl@7e2addb[SettingsActivity]:   apr=LIGHT_STATUS_BARS LIGHT_NAVIGATION_BARS
11-25 15:58:31.488 17710 17710 I ViewRootImpl@7e2addb[SettingsActivity]:   bhv=DEFAULT
11-25 15:58:31.488 17710 17710 I ViewRootImpl@7e2addb[SettingsActivity]:   fitSides= naviIconColor=0}
11-25 15:58:31.507 17710 17710 I ViewRootImpl@7e2addb[SettingsActivity]: updateBlastSurfaceIfNeeded mBlastBufferQueue=null isSameSurfaceControl=false
11-25 15:58:31.507 17710 17710 I BLASTBufferQueue: new BLASTBufferQueue, mName= ViewRootImpl@7e2addb[SettingsActivity] mNativeObject= 0xb400007b404c0a00 sc.mNativeObject= 0xb400007b1471c540 caller= android.view.ViewRootImpl.updateBlastSurfaceIfNeeded:2909 android.view.ViewRootImpl.relayoutWindow:9847 android.view.ViewRootImpl.performTraversals:3884 android.view.ViewRootImpl.doTraversal:3116 android.view.ViewRootImpl$TraversalRunnable.run:10885 android.view.Choreographer$CallbackRecord.run:1301 android.view.Choreographer$CallbackRecord.run:1309 android.view.Choreographer.doCallbacks:923 android.view.Choreographer.doFrame:852 android.view.Choreographer$FrameDisplayEventReceiver.run:1283 
11-25 15:58:31.507 17710 17710 I BLASTBufferQueue: update, w= 1080 h= 2400 mName = ViewRootImpl@7e2addb[SettingsActivity] mNativeObject= 0xb400007b404c0a00 sc.mNativeObject= 0xb400007b1471c540 format= -1 caller= android.graphics.BLASTBufferQueue.<init>:84 android.view.ViewRootImpl.updateBlastSurfaceIfNeeded:2909 android.view.ViewRootImpl.relayoutWindow:9847 android.view.ViewRootImpl.performTraversals:3884 android.view.ViewRootImpl.doTraversal:3116 android.view.ViewRootImpl$TraversalRunnable.run:10885 
11-25 15:58:31.508 17710 17710 I ViewRootImpl@7e2addb[SettingsActivity]: Relayout returned: old=(0,0,1080,2400) new=(0,0,1080,2400) req=(1080,2400)0 dur=19 res=0x3 s={true 0xb400007b0fc6a800} ch=true seqId=0
11-25 15:58:31.508 17710 17710 I ViewRootImpl@7e2addb[SettingsActivity]: mThreadedRenderer.initialize() mSurface={isValid=true 0xb400007b0fc6a800} hwInitialized=true
11-25 15:58:31.508 17710 17936 D OpenGLRenderer: eglCreateWindowSurface
11-25 15:58:31.508 17710 17710 I ViewRootImpl@7e2addb[SettingsActivity]: reportNextDraw android.view.ViewRootImpl.performTraversals:4438 android.view.ViewRootImpl.doTraversal:3116 android.view.ViewRootImpl$TraversalRunnable.run:10885 android.view.Choreographer$CallbackRecord.run:1301 android.view.Choreographer$CallbackRecord.run:1309 
11-25 15:58:31.508 17710 17710 I ViewRootImpl@7e2addb[SettingsActivity]: Setup new sync id=1
11-25 15:58:31.508 17710 17710 I ViewRootImpl@7e2addb[SettingsActivity]: Setting syncFrameCallback
11-25 15:58:31.508 17710 17710 I ViewRootImpl@7e2addb[SettingsActivity]: registerCallbacksForSync syncBuffer=false
11-25 15:58:31.511 17710 17953 I ViewRootImpl@7e2addb[SettingsActivity]: Received frameDrawingCallback syncResult=0 frameNum=1.
11-25 15:58:31.511 17710 17953 I ViewRootImpl@7e2addb[SettingsActivity]: Setting up sync and frameCommitCallback
11-25 15:58:31.514 17710 17936 I BLASTBufferQueue: [ViewRootImpl@7e2addb[SettingsActivity]#45](f:0,a:0) onFrameAvailable the first frame is available
11-25 15:58:31.514 17710 17936 I ViewRootImpl@7e2addb[SettingsActivity]: Received frameCommittedCallback lastAttemptedDrawFrameNum=1 didProduceBuffer=true
11-25 15:58:31.515 17710 17710 I ViewRootImpl@7e2addb[SettingsActivity]: onSyncComplete
11-25 15:58:31.515 17710 17710 I ViewRootImpl@7e2addb[SettingsActivity]: setupSync seqId=0 mSyncId=1 fn=1 caller=android.view.ViewRootImpl$$ExternalSyntheticLambda11.accept:6 android.window.SurfaceSyncer.lambda$setupSync$1$android-window-SurfaceSyncer:128 android.window.SurfaceSyncer$$ExternalSyntheticLambda1.accept:8 android.window.SurfaceSyncer$SyncSet.checkIfSyncIsComplete:382 android.window.SurfaceSyncer$SyncSet.markSyncReady:359 android.window.SurfaceSyncer.markSyncReady:151 android.view.ViewRootImpl.performTraversals:4503 
11-25 15:58:31.515 17710 17710 I ViewRootImpl@7e2addb[SettingsActivity]: reportDrawFinished seqId=0 mSyncId=-1 fn=1 mSurfaceChangedTransaction=0xb400007b405cc100
11-25 15:58:31.526 17710 17710 I ViewRootImpl@7e2addb[SettingsActivity]: MSG_WINDOW_FOCUS_CHANGED 1 0
11-25 15:58:31.526 17710 17710 I ViewRootImpl@7e2addb[SettingsActivity]: mThreadedRenderer.initializeIfNeeded()#2 mSurface={isValid=true 0xb400007b0fc6a800}
11-25 15:58:31.526 17710 17710 D InputMethodManager: startInputInner - Id : 0
11-25 15:58:31.527 17710 17710 I InputMethodManager: startInputInner - mService.startInputOrWindowGainedFocus
11-25 15:58:32.477 17710 17710 I ViewRootImpl@7e2addb[SettingsActivity]: ViewPostIme pointer 0
11-25 15:58:33.084 17710 17710 I ViewRootImpl@7e2addb[SettingsActivity]: ViewPostIme pointer 1
11-25 15:58:34.137 17710 17710 I ViewRootImpl@7e2addb[SettingsActivity]: ViewPostIme pointer 0
11-25 15:58:34.969 17710  5072 I GDH.Task.Source.TaskService: execute after 3 min: DexcomShareSourceTask
11-25 15:58:34.971 17710  5072 I GDH.Task.Source.DexcomShareTask: Using URL: https://shareous1.dexcom.com/ShareWebServices/Services/Publisher/ReadPublisherLatestGlucoseValues
11-25 15:58:34.972 17710 17743 I GDH.Utils.HttpRequest: Send POST request to https://shareous1.dexcom.com/ShareWebServices/Services/Publisher/ReadPublisherLatestGlucoseValues?sessionId=f572af86-e003-4f29-b254-d038e6edaed9&minutes=30&maxCount=1
11-25 15:58:35.062 17710 17743 I GDH.Utils.HttpRequest: Code 200 received with message OK
11-25 15:58:35.062 17710  5072 I GDH.Task.Source.DexcomShareTask: handleValueResponse called: []
11-25 15:58:35.062 17710  5072 I GDH.Task.Source.DataSourceTask: No new value for source DEXCOM_SHARE - Keine Zuckerwerte auf dem Server gefunden. (-1) - message: 
11-25 15:58:35.063 17710  5072 I GDH.SourceStateData: Set state NO_NEW_VALUE for source DEXCOM_SHARE: Keine Zuckerwerte auf dem Server gefunden.
11-25 15:58:36.173 17710 17710 I ViewRootImpl@7e2addb[SettingsActivity]: ViewPostIme pointer 1
11-25 15:58:37.940 17710 17710 I ViewRootImpl@7e2addb[SettingsActivity]: ViewPostIme pointer 0
11-25 15:58:38.044 17710 17710 I ViewRootImpl@7e2addb[SettingsActivity]: ViewPostIme pointer 1
11-25 15:58:38.080 17710 17710 I GDH.InternalNotifier: rem notifier ExportImportSettingsFragment{f3337d9} (9b0dc6a3-6b0a-4d94-82a2-4b5aec45ca8a id=0x1020002)
11-25 15:58:38.094 17710 17710 I ViewRootImpl@7e2addb[SettingsActivity]: MSG_WINDOW_FOCUS_CHANGED 0 0
11-25 15:58:38.570 17710 17710 I ViewRootImpl@7e2addb[SettingsActivity]: handleAppVisibility mAppVisible = true visible = false
11-25 15:58:38.575 17710 17936 D OpenGLRenderer: setSurface called with nullptr
11-25 15:58:38.575 17710 17936 D OpenGLRenderer: setSurface() destroyed EGLSurface
11-25 15:58:38.576 17710 17936 D OpenGLRenderer: destroyEglSurface
11-25 15:58:38.576 17710 17710 I ViewRootImpl@7e2addb[SettingsActivity]: performTraversals mFirst=false windowShouldResize=false viewVisibilityChanged=true mForceNextWindowRelayout=false params=null
11-25 15:58:38.581 17710 17710 I ViewRootImpl@7e2addb[SettingsActivity]: Relayout returned: old=(0,0,1080,2400) new=(0,0,1080,2400) req=(1080,2400)8 dur=3 res=0x2 s={false 0x0} ch=true seqId=0
11-25 15:58:39.976 17710 17710 I ViewRootImpl@7e2addb[SettingsActivity]: stopped(true) old = false
11-25 15:58:39.976 17710 17710 I ViewRootImpl@7e2addb[SettingsActivity]: WindowStopped on de.michelinside.glucodatahandler/de.michelinside.glucodatahandler.SettingsActivity set to true
11-25 15:58:39.987 17710 17710 I MSHandlerLifeCycle: removeMultiSplitHandler: no exist. decor=DecorView@7156d01[SettingsActivity]
11-25 15:58:39.990 17710 17710 I ViewRootImpl@7e2addb[SettingsActivity]: performTraversals mFirst=false windowShouldResize=false viewVisibilityChanged=false mForceNextWindowRelayout=false params={(0,0)(fillxfill) sim={adjust=pan} ty=BASE_APPLICATION wanim=0x1030309
11-25 15:58:39.990 17710 17710 I ViewRootImpl@7e2addb[SettingsActivity]:   fl=81810100
11-25 15:58:39.990 17710 17710 I ViewRootImpl@7e2addb[SettingsActivity]:   pfl=16020040
11-25 15:58:39.990 17710 17710 I ViewRootImpl@7e2addb[SettingsActivity]:   vsysui=2110
11-25 15:58:39.990 17710 17710 I ViewRootImpl@7e2addb[SettingsActivity]:   apr=LIGHT_STATUS_BARS LIGHT_NAVIGATION_BARS
11-25 15:58:39.990 17710 17710 I ViewRootImpl@7e2addb[SettingsActivity]:   bhv=DEFAULT
11-25 15:58:39.990 17710 17710 I ViewRootImpl@7e2addb[SettingsActivity]:   fitSides= naviIconColor=0}
11-25 15:58:40.000 17710 17710 I ViewRootImpl@7e2addb[SettingsActivity]: Relayout returned: old=(0,0,1080,2400) new=(0,0,1080,2400) req=(1080,2400)8 dur=7 res=0x2 s={false 0x0} ch=false seqId=0
11-25 15:58:40.019 17710 17710 D InputTransport: Input channel destroyed: 'ClientS', fd=140
11-25 15:58:40.477 17710 17710 I GDH.NotificationReceiver: New notification from com.dexcom.g7 - ongoing: true (flags: 10, prio: 2) - posted: 15:58:40 (1764082720240) - when 19.11.2025 17:14:50 (1763568890605) - diff notify: 30, diff recv value: 202
11-25 15:58:40.478 17710 17710 I GDH.NotificationReceiver: Handle 5 min notification - lastValueChanged: true - diff: 202
11-25 15:58:40.478 17710 17710 I GDH.NotificationReceiver: Check for changed value only
11-25 15:58:40.478 17710 17710 I GDH.NotificationReceiver: using regex (?:^|\s)(\d*\.?\d+)(?=\s|$)
11-25 15:58:40.479 17710 17710 I GDH.NotificationReceiver: extracted title `null` and text `null`
11-25 15:58:40.538 17710 17710 I GDH.NotificationReceiver: Found value: 7.3 using regex in android.widget.TextView{49fbff7 V.ED..... ......ID 0,0-0,0 #7f0a03e1 app:id/glucose_value_text}
11-25 15:58:40.539 17710 17710 I GDH.NotificationReceiver: Extracted glucose value: 7.3 from time: 15:58:40
11-25 15:58:40.539 17710 17710 I GDH.NotificationReceiver: Ignoring value notification with same value: 7.3
11-25 15:58:40.540 17710 17710 I GDH.NotificationReceiver: New IOB notification from com.dexcom.g7 - ongoing: true (flags: 10, prio: 2) - posted: 15:58:40 (1764082720240) - when 19.11.2025 17:14:50 (1763568890605)
11-25 15:58:40.541 17710 17710 I GDH.NotificationReceiver: using IOB regex (\d*\.?\d+) U
11-25 15:58:40.541 17710 17710 I GDH.NotificationReceiver: extracted title `null` and text `null`
11-25 15:58:40.559 17710 17710 E GDH.SourceStateData: Error state for source NOTIFICATION: Could not parse IOB from [7.3, mmol/⁠L, Handlungsbedarf!] - info: 
11-25 15:58:43.487 17710 17710 I ViewRootImpl@7e2addb[SettingsActivity]: handleAppVisibility mAppVisible = false visible = true
11-25 15:58:43.494 17710 17710 D CompatibilityChangeReporter: Compat change id reported: 78294732; UID 10421; state: ENABLED
11-25 15:58:43.494 17710 17710 I ViewRootImpl@7e2addb[SettingsActivity]: stopped(false) old = true
11-25 15:58:43.494 17710 17710 I ViewRootImpl@7e2addb[SettingsActivity]: WindowStopped on de.michelinside.glucodatahandler/de.michelinside.glucodatahandler.SettingsActivity set to false
11-25 15:58:43.498 17710 17710 W OnBackInvokedCallback: OnBackInvokedCallback is not enabled for the application.
11-25 15:58:43.498 17710 17710 W OnBackInvokedCallback: Set 'android:enableOnBackInvokedCallback="true"' in the application manifest.
11-25 15:58:43.511 17710 17710 I MSHandlerLifeCycle: removeMultiSplitHandler: no exist. decor=DecorView@7156d01[SettingsActivity]
11-25 15:58:43.523 17710 17710 I GDH.SettingsFragmentBase: Export/Import for 1 to content://com.android.providers.downloads.documents/document/3045
11-25 15:58:43.526 17710 17710 I ViewRootImpl@7e2addb[SettingsActivity]: stopped(false) old = false
11-25 15:58:43.528 17710 17710 I GDH.InternalNotifier: add notifier ExportImportSettingsFragment{f3337d9} (9b0dc6a3-6b0a-4d94-82a2-4b5aec45ca8a id=0x1020002) - filter: [CAPILITY_INFO] - timechanged: false
11-25 15:58:43.528 17710 17710 I MSHandlerLifeCycle: removeMultiSplitHandler: no exist. decor=DecorView@7156d01[SettingsActivity]
11-25 15:58:43.529 17710 17710 I ViewRootImpl@7e2addb[SettingsActivity]: performTraversals mFirst=false windowShouldResize=false viewVisibilityChanged=true mForceNextWindowRelayout=false params={(0,0)(fillxfill) sim={adjust=resize} ty=BASE_APPLICATION wanim=0x1030309
11-25 15:58:43.529 17710 17710 I ViewRootImpl@7e2addb[SettingsActivity]:   fl=81810100
11-25 15:58:43.529 17710 17710 I ViewRootImpl@7e2addb[SettingsActivity]:   pfl=16020040
11-25 15:58:43.529 17710 17710 I ViewRootImpl@7e2addb[SettingsActivity]:   vsysui=2110
11-25 15:58:43.529 17710 17710 I ViewRootImpl@7e2addb[SettingsActivity]:   apr=LIGHT_STATUS_BARS LIGHT_NAVIGATION_BARS
11-25 15:58:43.529 17710 17710 I ViewRootImpl@7e2addb[SettingsActivity]:   bhv=DEFAULT
11-25 15:58:43.529 17710 17710 I ViewRootImpl@7e2addb[SettingsActivity]:   fitSides= naviIconColor=0}
11-25 15:58:43.547 17710 17710 I ViewRootImpl@7e2addb[SettingsActivity]: updateBlastSurfaceIfNeeded mBlastBufferQueue=null isSameSurfaceControl=false
11-25 15:58:43.548 17710 17710 I BLASTBufferQueue: new BLASTBufferQueue, mName= ViewRootImpl@7e2addb[SettingsActivity] mNativeObject= 0xb400007b404c0a00 sc.mNativeObject= 0xb400007b36f1f6a0 caller= android.view.ViewRootImpl.updateBlastSurfaceIfNeeded:2909 android.view.ViewRootImpl.relayoutWindow:9847 android.view.ViewRootImpl.performTraversals:3884 android.view.ViewRootImpl.doTraversal:3116 android.view.ViewRootImpl$TraversalRunnable.run:10885 android.view.Choreographer$CallbackRecord.run:1301 android.view.Choreographer$CallbackRecord.run:1309 android.view.Choreographer.doCallbacks:923 android.view.Choreographer.doFrame:852 android.view.Choreographer$FrameDisplayEventReceiver.run:1283 
11-25 15:58:43.548 17710 17710 I BLASTBufferQueue: update, w= 1080 h= 2400 mName = ViewRootImpl@7e2addb[SettingsActivity] mNativeObject= 0xb400007b404c0a00 sc.mNativeObject= 0xb400007b36f1f6a0 format= -1 caller= android.graphics.BLASTBufferQueue.<init>:84 android.view.ViewRootImpl.updateBlastSurfaceIfNeeded:2909 android.view.ViewRootImpl.relayoutWindow:9847 android.view.ViewRootImpl.performTraversals:3884 android.view.ViewRootImpl.doTraversal:3116 android.view.ViewRootImpl$TraversalRunnable.run:10885 
11-25 15:58:43.549 17710 17710 I ViewRootImpl@7e2addb[SettingsActivity]: Relayout returned: old=(0,0,1080,2400) new=(0,0,1080,2400) req=(1080,2400)0 dur=17 res=0x3 s={true 0xb400007b36efb800} ch=true seqId=0
11-25 15:58:43.549 17710 17710 I ViewRootImpl@7e2addb[SettingsActivity]: mThreadedRenderer.initialize() mSurface={isValid=true 0xb400007b36efb800} hwInitialized=true
11-25 15:58:43.549 17710 17936 D OpenGLRenderer: eglCreateWindowSurface
11-25 15:58:43.549 17710 17710 I ViewRootImpl@7e2addb[SettingsActivity]: reportNextDraw android.view.ViewRootImpl.performTraversals:4438 android.view.ViewRootImpl.doTraversal:3116 android.view.ViewRootImpl$TraversalRunnable.run:10885 android.view.Choreographer$CallbackRecord.run:1301 android.view.Choreographer$CallbackRecord.run:1309 
11-25 15:58:43.549 17710 17710 I ViewRootImpl@7e2addb[SettingsActivity]: Setup new sync id=2
11-25 15:58:43.549 17710 17710 I ViewRootImpl@7e2addb[SettingsActivity]: Setting syncFrameCallback
11-25 15:58:43.549 17710 17710 I ViewRootImpl@7e2addb[SettingsActivity]: registerCallbacksForSync syncBuffer=false
11-25 15:58:43.554 17710 17952 I ViewRootImpl@7e2addb[SettingsActivity]: Received frameDrawingCallback syncResult=0 frameNum=1.
11-25 15:58:43.554 17710 17952 I ViewRootImpl@7e2addb[SettingsActivity]: Setting up sync and frameCommitCallback
11-25 15:58:43.557 17710 17715 D InputTransport: Input channel destroyed: 'ClientS', fd=197
11-25 15:58:43.560 17710 17936 I BLASTBufferQueue: [ViewRootImpl@7e2addb[SettingsActivity]#46](f:0,a:0) onFrameAvailable the first frame is available
11-25 15:58:43.560 17710 17936 I ViewRootImpl@7e2addb[SettingsActivity]: Received frameCommittedCallback lastAttemptedDrawFrameNum=1 didProduceBuffer=true
11-25 15:58:43.560 17710 17936 D OpenGLRenderer: setSurface called with nullptr
11-25 15:58:43.561 17710 17710 I ViewRootImpl@7e2addb[SettingsActivity]: onSyncComplete
11-25 15:58:43.561 17710 17710 I ViewRootImpl@7e2addb[SettingsActivity]: setupSync seqId=0 mSyncId=2 fn=1 caller=android.view.ViewRootImpl$$ExternalSyntheticLambda11.accept:6 android.window.SurfaceSyncer.lambda$setupSync$1$android-window-SurfaceSyncer:128 android.window.SurfaceSyncer$$ExternalSyntheticLambda1.accept:8 android.window.SurfaceSyncer$SyncSet.checkIfSyncIsComplete:382 android.window.SurfaceSyncer$SyncSet.markSyncReady:359 android.window.SurfaceSyncer.markSyncReady:151 android.view.ViewRootImpl.performTraversals:4503 
11-25 15:58:43.561 17710 17710 I ViewRootImpl@7e2addb[SettingsActivity]: reportDrawFinished seqId=0 mSyncId=-1 fn=1 mSurfaceChangedTransaction=0xb400007b405cc100
11-25 15:58:43.562 17710  6696 I GDH.Utils: Getting logcat with command: logcat -t 4000
11-25 15:58:43.620 17710 17710 I ViewRootImpl@7e2addb[SettingsActivity]: MSG_WINDOW_FOCUS_CHANGED 1 0
11-25 15:58:43.620 17710 17710 I ViewRootImpl@7e2addb[SettingsActivity]: mThreadedRenderer.initializeIfNeeded()#2 mSurface={isValid=true 0xb400007b36efb800}
11-25 15:58:43.621 17710 17710 D InputMethodManager: startInputInner - Id : 0
11-25 15:58:43.621 17710 17710 I InputMethodManager: startInputInner - mService.startInputOrWindowGainedFocus
