11-25 15:05:20.869 17710 17710 I GDH.WearPhoneConnection: BROADCAST: 1087 bytes send with path /glucodata_intent_json to node Node{Galaxy Watch7 (PQ5Y), id=50969630, hops=1, isNearby=true}
11-25 15:05:21.007 17710 17710 I GDH.NotificationReceiver: New notification from com.dexcom.g7 - ongoing: true (flags: 10, prio: 2) - posted: 15:05:20 (1764079520773) - when 19.11.2025 17:14:50 (1763568890605) - diff notify: 0, diff recv value: 0
11-25 15:05:21.008 17710 17710 I GDH.NotificationReceiver: New IOB notification from com.dexcom.g7 - ongoing: true (flags: 10, prio: 2) - posted: 15:05:20 (1764079520773) - when 19.11.2025 17:14:50 (1763568890605)
11-25 15:05:21.008 17710 17710 I GDH.NotificationReceiver: using IOB regex (\d*\.?\d+) U
11-25 15:05:21.009 17710 17710 I GDH.NotificationReceiver: extracted title `null` and text `null`
11-25 15:05:21.019 17710 17710 E GDH.SourceStateData: Error state for source NOTIFICATION: Could not parse IOB from [8.2, mmol/⁠L, Handlungsbedarf!] - info: 
11-25 15:05:21.865 17710 17710 I GDH.NotificationReceiver: New notification from com.dexcom.g7 - ongoing: true (flags: 10, prio: 2) - posted: 15:05:21 (1764079521649) - when 19.11.2025 17:14:50 (1763568890605) - diff notify: 1, diff recv value: 1
11-25 15:05:21.865 17710 17710 I GDH.NotificationReceiver: Handle 5 min notification - lastValueChanged: true - diff: 1
11-25 15:05:21.865 17710 17710 I GDH.NotificationReceiver: Ignoring notification
11-25 15:05:21.865 17710 17710 I GDH.NotificationReceiver: New IOB notification from com.dexcom.g7 - ongoing: true (flags: 10, prio: 2) - posted: 15:05:21 (1764079521649) - when 19.11.2025 17:14:50 (1763568890605)
11-25 15:05:21.866 17710 17710 I GDH.NotificationReceiver: using IOB regex (\d*\.?\d+) U
11-25 15:05:21.866 17710 17710 I GDH.NotificationReceiver: extracted title `null` and text `null`
11-25 15:05:21.877 17710 17710 E GDH.SourceStateData: Error state for source NOTIFICATION: Could not parse IOB from [8.2, mmol/⁠L, Handlungsbedarf!] - info: 
11-25 15:06:24.686 17710 17710 I GDH.Task.Time.TaskService: Set next alarm after 2 minute(s) at 15:07:23 (received at 15:05:20) with a delay of 3s
11-25 15:06:24.695 17710 20966 I GDH.Task.Time.TaskService: execute after 1 min: ElapsedTimeTask
11-25 15:06:32.080 17710 17710 I GDH.Task.Source.TaskService: Set next alarm after 2 minute(s) at 15:07:30 (received at 15:05:20) with a delay of 10s
11-25 15:06:32.082 17710 21019 I GDH.Task.Source.TaskService: execute after 1 min: DexcomShareSourceTask
11-25 15:06:32.089 17710 21019 I GDH.Task.Source.DexcomShareTask: Using URL: https://shareous1.dexcom.com/ShareWebServices/Services/Publisher/ReadPublisherLatestGlucoseValues
11-25 15:06:32.090 17710 17744 I GDH.Utils.HttpRequest: Send POST request to https://shareous1.dexcom.com/ShareWebServices/Services/Publisher/ReadPublisherLatestGlucoseValues?sessionId=f572af86-e003-4f29-b254-d038e6edaed9&minutes=30&maxCount=1
11-25 15:06:32.244 17710 17744 I GDH.Utils.HttpRequest: Code 200 received with message OK
11-25 15:06:32.246 17710 21019 I GDH.Task.Source.DexcomShareTask: handleValueResponse called: []
11-25 15:06:32.246 17710 21019 I GDH.Task.Source.DataSourceTask: No new value for source DEXCOM_SHARE - Keine Zuckerwerte auf dem Server gefunden. (-1) - message: 
11-25 15:06:32.246 17710 21019 I GDH.SourceStateData: Set state NO_NEW_VALUE for source DEXCOM_SHARE: Keine Zuckerwerte auf dem Server gefunden.
11-25 15:07:05.490 17710 17710 I GDH.NotificationReceiver: New notification from com.dexcom.g7 - ongoing: true (flags: 10, prio: 2) - posted: 15:07:05 (1764079625258) - when 19.11.2025 17:14:50 (1763568890605) - diff notify: 104, diff recv value: 105
11-25 15:07:05.490 17710 17710 I GDH.NotificationReceiver: Handle 5 min notification - lastValueChanged: true - diff: 105
11-25 15:07:05.490 17710 17710 I GDH.NotificationReceiver: Check for changed value only
11-25 15:07:05.492 17710 17710 I GDH.NotificationReceiver: using regex (?:^|\s)(\d*\.?\d+)(?=\s|$)
11-25 15:07:05.492 17710 17710 I GDH.NotificationReceiver: extracted title `null` and text `null`
11-25 15:07:05.512 17710 17710 I GDH.NotificationReceiver: Found value: 8.2 using regex in android.widget.TextView{cfc8fe7 V.ED..... ......ID 0,0-0,0 #7f0a03e1 app:id/glucose_value_text}
11-25 15:07:05.512 17710 17710 I GDH.NotificationReceiver: Extracted glucose value: 8.2 from time: 15:07:05
11-25 15:07:05.512 17710 17710 I GDH.NotificationReceiver: Ignoring value notification with same value: 8.2
11-25 15:07:05.513 17710 17710 I GDH.NotificationReceiver: New IOB notification from com.dexcom.g7 - ongoing: true (flags: 10, prio: 2) - posted: 15:07:05 (1764079625258) - when 19.11.2025 17:14:50 (1763568890605)
11-25 15:07:05.514 17710 17710 I GDH.NotificationReceiver: using IOB regex (\d*\.?\d+) U
11-25 15:07:05.514 17710 17710 I GDH.NotificationReceiver: extracted title `null` and text `null`
11-25 15:07:05.521 17710 17710 E GDH.SourceStateData: Error state for source NOTIFICATION: Could not parse IOB from [8.2, mmol/⁠L, Handlungsbedarf!] - info: 
11-25 15:07:23.926 17710 17710 I GDH.Task.Time.TaskService: Set next alarm after 3 minute(s) at 15:08:23 (received at 15:05:20) with a delay of 3s
11-25 15:07:23.935 17710 21199 I GDH.Task.Time.TaskService: execute after 2 min: ElapsedTimeTask
11-25 15:07:31.134 17710 21202 I GDH.Task.Source.TaskService: execute after 2 min: DexcomShareSourceTask
11-25 15:07:31.134 17710 17710 I GDH.Task.Source.TaskService: Set next alarm after 3 minute(s) at 15:08:30 (received at 15:05:20) with a delay of 10s
11-25 15:07:31.141 17710 21202 I GDH.Task.Source.DexcomShareTask: Using URL: https://shareous1.dexcom.com/ShareWebServices/Services/Publisher/ReadPublisherLatestGlucoseValues
11-25 15:07:31.144 17710 17744 I GDH.Utils.HttpRequest: Send POST request to https://shareous1.dexcom.com/ShareWebServices/Services/Publisher/ReadPublisherLatestGlucoseValues?sessionId=f572af86-e003-4f29-b254-d038e6edaed9&minutes=30&maxCount=1
11-25 15:07:31.280 17710 17744 I GDH.Utils.HttpRequest: Code 200 received with message OK
11-25 15:07:31.283 17710 21202 I GDH.Task.Source.DexcomShareTask: handleValueResponse called: []
11-25 15:07:31.283 17710 21202 I GDH.Task.Source.DataSourceTask: No new value for source DEXCOM_SHARE - Keine Zuckerwerte auf dem Server gefunden. (-1) - message: 
11-25 15:07:31.283 17710 21202 I GDH.SourceStateData: Set state NO_NEW_VALUE for source DEXCOM_SHARE: Keine Zuckerwerte auf dem Server gefunden.
11-25 15:08:25.384 17710 21219 I GDH.Task.Time.TaskService: execute after 3 min: ElapsedTimeTask
11-25 15:08:25.385 17710 21219 I GDH.Task.Time.TaskService: Set next alarm after 4 minute(s) at 15:09:23 (received at 15:05:20) with a delay of 3s
11-25 15:08:25.387 17710 17710 I GDH.Task.Time.TaskService: Set next alarm after 4 minute(s) at 15:09:23 (received at 15:05:20) with a delay of 3s
11-25 15:08:32.089 17710 21221 I GDH.Task.Source.TaskService: execute after 3 min: DexcomShareSourceTask
11-25 15:08:32.090 17710 17710 I GDH.Task.Source.TaskService: Set next alarm after 4 minute(s) at 15:09:30 (received at 15:05:20) with a delay of 10s
11-25 15:08:32.099 17710 21221 I GDH.Task.Source.DexcomShareTask: Using URL: https://shareous1.dexcom.com/ShareWebServices/Services/Publisher/ReadPublisherLatestGlucoseValues
11-25 15:08:32.100 17710 17744 I GDH.Utils.HttpRequest: Send POST request to https://shareous1.dexcom.com/ShareWebServices/Services/Publisher/ReadPublisherLatestGlucoseValues?sessionId=f572af86-e003-4f29-b254-d038e6edaed9&minutes=30&maxCount=1
11-25 15:08:32.256 17710 17744 I GDH.Utils.HttpRequest: Code 200 received with message OK
11-25 15:08:32.257 17710 21221 I GDH.Task.Source.DexcomShareTask: handleValueResponse called: []
11-25 15:08:32.257 17710 21221 I GDH.Task.Source.DataSourceTask: No new value for source DEXCOM_SHARE - Keine Zuckerwerte auf dem Server gefunden. (-1) - message: 
11-25 15:08:32.257 17710 21221 I GDH.SourceStateData: Set state NO_NEW_VALUE for source DEXCOM_SHARE: Keine Zuckerwerte auf dem Server gefunden.
11-25 15:09:23.452 17710 21241 I GDH.Task.Time.TaskService: execute after 4 min: ElapsedTimeTask
11-25 15:09:23.452 17710 17710 I GDH.Task.Time.TaskService: Set next alarm after 5 minute(s) at 15:10:23 (received at 15:05:20) with a delay of 3s
11-25 15:09:23.453 17710 21241 I GDH.Task.Time.TaskService: Set next alarm after 5 minute(s) at 15:10:23 (received at 15:05:20) with a delay of 3s
11-25 15:09:30.298 17710 17710 I GDH.NotificationReceiver: New notification from com.dexcom.g7 - ongoing: true (flags: 10, prio: 2) - posted: 15:09:30 (1764079770077) - when 19.11.2025 17:14:50 (1763568890605) - diff notify: 144, diff recv value: 250
11-25 15:09:30.298 17710 17710 I GDH.NotificationReceiver: Handle 5 min notification - lastValueChanged: true - diff: 250
11-25 15:09:30.298 17710 17710 I GDH.NotificationReceiver: Check for changed value only
11-25 15:09:30.298 17710 17710 I GDH.NotificationReceiver: using regex (?:^|\s)(\d*\.?\d+)(?=\s|$)
11-25 15:09:30.298 17710 17710 I GDH.NotificationReceiver: extracted title `null` and text `null`
11-25 15:09:30.306 17710 17710 I GDH.NotificationReceiver: Found value: 8.2 using regex in android.widget.TextView{c36b09a V.ED..... ......ID 0,0-0,0 #7f0a03e1 app:id/glucose_value_text}
11-25 15:09:30.306 17710 17710 I GDH.NotificationReceiver: Extracted glucose value: 8.2 from time: 15:09:30
11-25 15:09:30.306 17710 17710 I GDH.NotificationReceiver: Ignoring value notification with same value: 8.2
11-25 15:09:30.307 17710 17710 I GDH.NotificationReceiver: New IOB notification from com.dexcom.g7 - ongoing: true (flags: 10, prio: 2) - posted: 15:09:30 (1764079770077) - when 19.11.2025 17:14:50 (1763568890605)
11-25 15:09:30.307 17710 17710 I GDH.NotificationReceiver: using IOB regex (\d*\.?\d+) U
11-25 15:09:30.307 17710 17710 I GDH.NotificationReceiver: extracted title `null` and text `null`
11-25 15:09:30.313 17710 17710 E GDH.SourceStateData: Error state for source NOTIFICATION: Could not parse IOB from [8.2, mmol/⁠L, Handlungsbedarf!] - info: 
11-25 15:09:30.980 17710 21254 I GDH.Task.Source.TaskService: execute after 4 min: DexcomShareSourceTask
11-25 15:09:30.980 17710 17710 I GDH.Task.Source.TaskService: Set next alarm after 5 minute(s) at 15:10:30 (received at 15:05:20) with a delay of 10s
11-25 15:09:30.983 17710 21254 I GDH.Task.Source.DexcomShareTask: Using URL: https://shareous1.dexcom.com/ShareWebServices/Services/Publisher/ReadPublisherLatestGlucoseValues
11-25 15:09:30.983 17710 12479 I GDH.Utils.HttpRequest: Send POST request to https://shareous1.dexcom.com/ShareWebServices/Services/Publisher/ReadPublisherLatestGlucoseValues?sessionId=f572af86-e003-4f29-b254-d038e6edaed9&minutes=30&maxCount=1
11-25 15:09:31.106 17710 12479 I GDH.Utils.HttpRequest: Code 200 received with message OK
11-25 15:09:31.107 17710 21254 I GDH.Task.Source.DexcomShareTask: handleValueResponse called: []
11-25 15:09:31.107 17710 21254 I GDH.Task.Source.DataSourceTask: No new value for source DEXCOM_SHARE - Keine Zuckerwerte auf dem Server gefunden. (-1) - message: 
11-25 15:09:31.107 17710 21254 I GDH.SourceStateData: Set state NO_NEW_VALUE for source DEXCOM_SHARE: Keine Zuckerwerte auf dem Server gefunden.
11-25 15:10:19.679 17710 17710 I GDH.NotificationReceiver: New notification from com.dexcom.g7 - ongoing: false (flags: 96, prio: 0) - posted: 15:10:19 (1764079819462) - when 19.11.2025 17:14:40 (1763568880216) - diff notify: 49, diff recv value: 299
11-25 15:10:19.679 17710 17710 I GDH.NotificationReceiver: Dexcom foreground notification updated with title 'Dexcom App läuft' and text 'null' at 15:10:19 -> ignore and wait for next value notification
11-25 15:10:19.680 17710 17710 I GDH.NotificationReceiver: New IOB notification from com.dexcom.g7 - ongoing: false (flags: 96, prio: 0) - posted: 15:10:19 (1764079819462) - when 19.11.2025 17:14:40 (1763568880216)
11-25 15:10:19.680 17710 17710 I GDH.NotificationReceiver: using IOB regex (\d*\.?\d+) U
11-25 15:10:19.680 17710 17710 I GDH.NotificationReceiver: extracted title `Dexcom App läuft` and text `null`
11-25 15:10:19.680 17710 17710 I GDH.NotificationReceiver: No RemoteViews found
11-25 15:10:19.680 17710 17710 E GDH.SourceStateData: Error state for source NOTIFICATION: Could not parse IOB from [Dexcom App läuft] - info: 
11-25 15:10:20.231 17710 17710 I GDH.NotificationReceiver: New notification from com.dexcom.g7 - ongoing: true (flags: 10, prio: 2) - posted: 15:10:20 (1764079820017) - when 19.11.2025 17:14:50 (1763568890605) - diff notify: 49, diff recv value: 300
11-25 15:10:20.231 17710 17710 I GDH.NotificationReceiver: Handle 5 min notification - lastValueChanged: true - diff: 300
11-25 15:10:20.231 17710 17710 I GDH.NotificationReceiver: Check for changed value and wait for newer notification until 315s
11-25 15:10:20.231 17710 17710 I GDH.NotificationReceiver: Start wait thread for 15000 ms
11-25 15:10:20.232 17710 17710 I GDH.NotificationReceiver: using regex (?:^|\s)(\d*\.?\d+)(?=\s|$)
11-25 15:10:20.232 17710 17710 I GDH.NotificationReceiver: extracted title `null` and text `null`
11-25 15:10:20.239 17710 17710 I GDH.NotificationReceiver: Found value: 8.3 using regex in android.widget.TextView{19311d9 V.ED..... ......ID 0,0-0,0 #7f0a03e1 app:id/glucose_value_text}
11-25 15:10:20.239 17710 17710 I GDH.NotificationReceiver: Extracted glucose value: 8.3 from time: 15:10:20
11-25 15:10:20.240 17710 17710 I GDH.NotificationReceiver: Wait thread stopped!
11-25 15:10:20.241 17710 17710 I GDH.ReceiveData: Glucodata received from NOTIFICATION: Bundle[{glucodata.Minute.Alarm=0, glucodata.Minute.Rate=NaN, glucodata.Minute.Time=1764079820017, glucodata.Minute.mgdl=150, glucodata.Minute.SerialNumber=Dexcom G7, glucodata.Minute.glucose=8.3}] - timestamp: 25.11.2025 15:10:20
11-25 15:10:20.245 17710 17710 I GDH.Task.Time.TaskService: Set next alarm after 1 minute(s) at 15:11:23 (received at 15:10:20) with a delay of 3s
11-25 15:10:20.261 17710 17710 I GDH.Task.Source.TaskService: Set next alarm after 1 minute(s) at 15:11:30 (received at 15:10:20) with a delay of 10s
11-25 15:10:20.295 17710 17710 I GDH.SourceStateData: Set state NONE for source NOTIFICATION: 
11-25 15:10:20.295 17710 17710 I GDH.NotificationReceiver: Valid glucose value received with ongoing notification from com.dexcom.g7
11-25 15:10:20.296 17710 17710 I GDH.NotificationReceiver: New IOB notification from com.dexcom.g7 - ongoing: true (flags: 10, prio: 2) - posted: 15:10:20 (1764079820017) - when 19.11.2025 17:14:50 (1763568890605)
11-25 15:10:20.296 17710 17710 I GDH.NotificationReceiver: using IOB regex (\d*\.?\d+) U
11-25 15:10:20.296 17710 17710 I GDH.NotificationReceiver: extracted title `null` and text `null`
11-25 15:10:20.307 17710 17710 E GDH.SourceStateData: Error state for source NOTIFICATION: Could not parse IOB from [8.3, mmol/⁠L, Handlungsbedarf!] - info: 
11-25 15:10:20.307 17710 17710 I GDH.WearPhoneConnection: BROADCAST: 1087 bytes send with path /glucodata_intent_json to node Node{Galaxy Watch7 (PQ5Y), id=50969630, hops=1, isNearby=true}
11-25 15:10:20.436 17710 17710 I GDH.NotificationReceiver: New notification from com.dexcom.g7 - ongoing: true (flags: 10, prio: 2) - posted: 15:10:20 (1764079820216) - when 19.11.2025 17:14:50 (1763568890605) - diff notify: 0, diff recv value: 0
11-25 15:10:20.437 17710 17710 I GDH.NotificationReceiver: New IOB notification from com.dexcom.g7 - ongoing: true (flags: 10, prio: 2) - posted: 15:10:20 (1764079820216) - when 19.11.2025 17:14:50 (1763568890605)
11-25 15:10:20.437 17710 17710 I GDH.NotificationReceiver: using IOB regex (\d*\.?\d+) U
11-25 15:10:20.437 17710 17710 I GDH.NotificationReceiver: extracted title `null` and text `null`
11-25 15:10:20.444 17710 17710 E GDH.SourceStateData: Error state for source NOTIFICATION: Could not parse IOB from [8.3, mmol/⁠L, Handlungsbedarf!] - info: 
11-25 15:11:23.155 17710 17710 I GDH.Task.Time.TaskService: Set next alarm after 2 minute(s) at 15:12:23 (received at 15:10:20) with a delay of 3s
11-25 15:11:23.159 17710 21430 I GDH.Task.Time.TaskService: execute after 1 min: ElapsedTimeTask
11-25 15:11:23.160 17710 21430 I GDH.Task.Time.TaskService: Set next alarm after 2 minute(s) at 15:12:23 (received at 15:10:20) with a delay of 3s
11-25 15:11:26.114 17710 17710 I GDH.NotificationReceiver: New notification from com.dexcom.g7 - ongoing: true (flags: 10, prio: 2) - posted: 15:11:25 (1764079885881) - when 19.11.2025 17:14:50 (1763568890605) - diff notify: 65, diff recv value: 65
11-25 15:11:26.115 17710 17710 I GDH.NotificationReceiver: Handle 5 min notification - lastValueChanged: true - diff: 65
11-25 15:11:26.115 17710 17710 I GDH.NotificationReceiver: Check for changed value only
11-25 15:11:26.115 17710 17710 I GDH.NotificationReceiver: using regex (?:^|\s)(\d*\.?\d+)(?=\s|$)
11-25 15:11:26.115 17710 17710 I GDH.NotificationReceiver: extracted title `null` and text `null`
11-25 15:11:26.123 17710 17710 I GDH.NotificationReceiver: Found value: 8.3 using regex in android.widget.TextView{7153f3c V.ED..... ......ID 0,0-0,0 #7f0a03e1 app:id/glucose_value_text}
11-25 15:11:26.124 17710 17710 I GDH.NotificationReceiver: Extracted glucose value: 8.3 from time: 15:11:25
11-25 15:11:26.124 17710 17710 I GDH.NotificationReceiver: Ignoring value notification with same value: 8.3
11-25 15:11:26.124 17710 17710 I GDH.NotificationReceiver: New IOB notification from com.dexcom.g7 - ongoing: true (flags: 10, prio: 2) - posted: 15:11:25 (1764079885881) - when 19.11.2025 17:14:50 (1763568890605)
11-25 15:11:26.124 17710 17710 I GDH.NotificationReceiver: using IOB regex (\d*\.?\d+) U
11-25 15:11:26.124 17710 17710 I GDH.NotificationReceiver: extracted title `null` and text `null`
11-25 15:11:26.130 17710 17710 E GDH.SourceStateData: Error state for source NOTIFICATION: Could not parse IOB from [8.3, mmol/⁠L, Handlungsbedarf!] - info: 
11-25 15:11:26.238 17710 17714 I lucodatahandler: NativeAlloc concurrent copying GC freed 5603KB AllocSpace bytes, 20(528KB) LOS objects, 49% free, 6916KB/13MB, paused 218us,70us total 120.138ms
11-25 15:11:30.376 17710 17710 I GDH.Task.Source.TaskService: Set next alarm after 2 minute(s) at 15:12:30 (received at 15:10:20) with a delay of 10s
11-25 15:11:30.379 17710 21447 I GDH.Task.Source.TaskService: execute after 1 min: DexcomShareSourceTask
11-25 15:11:30.387 17710 21447 I GDH.Task.Source.DexcomShareTask: Using URL: https://shareous1.dexcom.com/ShareWebServices/Services/Publisher/ReadPublisherLatestGlucoseValues
11-25 15:11:30.392 17710 17744 I GDH.Utils.HttpRequest: Send POST request to https://shareous1.dexcom.com/ShareWebServices/Services/Publisher/ReadPublisherLatestGlucoseValues?sessionId=f572af86-e003-4f29-b254-d038e6edaed9&minutes=30&maxCount=1
11-25 15:11:30.554 17710 17744 I GDH.Utils.HttpRequest: Code 200 received with message OK
11-25 15:11:30.556 17710 21447 I GDH.Task.Source.DexcomShareTask: handleValueResponse called: []
11-25 15:11:30.556 17710 21447 I GDH.Task.Source.DataSourceTask: No new value for source DEXCOM_SHARE - Keine Zuckerwerte auf dem Server gefunden. (-1) - message: 
11-25 15:11:30.556 17710 21447 I GDH.SourceStateData: Set state NO_NEW_VALUE for source DEXCOM_SHARE: Keine Zuckerwerte auf dem Server gefunden.
11-25 15:12:25.062 17710 17710 I GDH.Task.Time.TaskService: Set next alarm after 3 minute(s) at 15:13:23 (received at 15:10:20) with a delay of 3s
11-25 15:12:25.077 17710 21512 I GDH.Task.Time.TaskService: execute after 2 min: ElapsedTimeTask
11-25 15:12:31.118 17710 17710 I GDH.Task.Source.TaskService: Set next alarm after 3 minute(s) at 15:13:30 (received at 15:10:20) with a delay of 10s
11-25 15:12:31.121 17710 21527 I GDH.Task.Source.TaskService: execute after 2 min: DexcomShareSourceTask
11-25 15:12:31.125 17710 21527 I GDH.Task.Source.DexcomShareTask: Using URL: https://shareous1.dexcom.com/ShareWebServices/Services/Publisher/ReadPublisherLatestGlucoseValues
11-25 15:12:31.129 17710 17744 I GDH.Utils.HttpRequest: Send POST request to https://shareous1.dexcom.com/ShareWebServices/Services/Publisher/ReadPublisherLatestGlucoseValues?sessionId=f572af86-e003-4f29-b254-d038e6edaed9&minutes=30&maxCount=1
11-25 15:12:31.282 17710 17744 I GDH.Utils.HttpRequest: Code 200 received with message OK
11-25 15:12:31.283 17710 21527 I GDH.Task.Source.DexcomShareTask: handleValueResponse called: []
11-25 15:12:31.284 17710 21527 I GDH.Task.Source.DataSourceTask: No new value for source DEXCOM_SHARE - Keine Zuckerwerte auf dem Server gefunden. (-1) - message: 
11-25 15:12:31.284 17710 21527 I GDH.SourceStateData: Set state NO_NEW_VALUE for source DEXCOM_SHARE: Keine Zuckerwerte auf dem Server gefunden.
11-25 15:13:25.032 17710 21548 I GDH.Task.Time.TaskService: execute after 3 min: ElapsedTimeTask
11-25 15:13:25.033 17710 21548 I GDH.Task.Time.TaskService: Set next alarm after 4 minute(s) at 15:14:23 (received at 15:10:20) with a delay of 3s
11-25 15:13:25.036 17710 17710 I GDH.Task.Time.TaskService: Set next alarm after 4 minute(s) at 15:14:23 (received at 15:10:20) with a delay of 3s
11-25 15:13:31.116 17710 17710 I GDH.Task.Source.TaskService: Set next alarm after 4 minute(s) at 15:14:30 (received at 15:10:20) with a delay of 10s
11-25 15:13:31.121 17710 21552 I GDH.Task.Source.TaskService: execute after 3 min: DexcomShareSourceTask
11-25 15:13:31.125 17710 21552 I GDH.Task.Source.DexcomShareTask: Using URL: https://shareous1.dexcom.com/ShareWebServices/Services/Publisher/ReadPublisherLatestGlucoseValues
11-25 15:13:31.127 17710 17744 I GDH.Utils.HttpRequest: Send POST request to https://shareous1.dexcom.com/ShareWebServices/Services/Publisher/ReadPublisherLatestGlucoseValues?sessionId=f572af86-e003-4f29-b254-d038e6edaed9&minutes=30&maxCount=1
11-25 15:13:31.296 17710 17744 I GDH.Utils.HttpRequest: Code 200 received with message OK
11-25 15:13:31.298 17710 21552 I GDH.Task.Source.DexcomShareTask: handleValueResponse called: []
11-25 15:13:31.298 17710 21552 I GDH.Task.Source.DataSourceTask: No new value for source DEXCOM_SHARE - Keine Zuckerwerte auf dem Server gefunden. (-1) - message: 
11-25 15:13:31.298 17710 21552 I GDH.SourceStateData: Set state NO_NEW_VALUE for source DEXCOM_SHARE: Keine Zuckerwerte auf dem Server gefunden.
11-25 15:14:25.012 17710 17710 I GDH.Task.Time.TaskService: Set next alarm after 5 minute(s) at 15:15:23 (received at 15:10:20) with a delay of 3s
11-25 15:14:25.021 17710 21565 I GDH.Task.Time.TaskService: execute after 4 min: ElapsedTimeTask
11-25 15:14:31.112 17710 17710 I GDH.Task.Source.TaskService: Set next alarm after 5 minute(s) at 15:15:30 (received at 15:10:20) with a delay of 10s
11-25 15:14:31.116 17710 21568 I GDH.Task.Source.TaskService: execute after 4 min: DexcomShareSourceTask
11-25 15:14:31.120 17710 21568 I GDH.Task.Source.DexcomShareTask: Using URL: https://shareous1.dexcom.com/ShareWebServices/Services/Publisher/ReadPublisherLatestGlucoseValues
11-25 15:14:31.120 17710 17744 I GDH.Utils.HttpRequest: Send POST request to https://shareous1.dexcom.com/ShareWebServices/Services/Publisher/ReadPublisherLatestGlucoseValues?sessionId=f572af86-e003-4f29-b254-d038e6edaed9&minutes=30&maxCount=1
11-25 15:14:31.290 17710 17744 I GDH.Utils.HttpRequest: Code 200 received with message OK
11-25 15:14:31.291 17710 21568 I GDH.Task.Source.DexcomShareTask: handleValueResponse called: []
11-25 15:14:31.292 17710 21568 I GDH.Task.Source.DataSourceTask: No new value for source DEXCOM_SHARE - Keine Zuckerwerte auf dem Server gefunden. (-1) - message: 
11-25 15:14:31.292 17710 21568 I GDH.SourceStateData: Set state NO_NEW_VALUE for source DEXCOM_SHARE: Keine Zuckerwerte auf dem Server gefunden.
11-25 15:14:39.862 17710 17710 I GDH.NotificationReceiver: New notification from com.dexcom.g7 - ongoing: true (flags: 10, prio: 2) - posted: 15:14:39 (1764080079636) - when 19.11.2025 17:14:50 (1763568890605) - diff notify: 193, diff recv value: 259
11-25 15:14:39.862 17710 17710 I GDH.NotificationReceiver: Handle 5 min notification - lastValueChanged: true - diff: 259
11-25 15:14:39.862 17710 17710 I GDH.NotificationReceiver: Check for changed value and wait for newer notification until 315s
11-25 15:14:39.862 17710 17710 I GDH.NotificationReceiver: Start wait thread for 56000 ms
11-25 15:14:39.863 17710 17710 I GDH.NotificationReceiver: using regex (?:^|\s)(\d*\.?\d+)(?=\s|$)
11-25 15:14:39.863 17710 17710 I GDH.NotificationReceiver: extracted title `null` and text `null`
11-25 15:14:39.893 17710 17710 I GDH.NotificationReceiver: Found value: 8.3 using regex in android.widget.TextView{74f97de V.ED..... ......ID 0,0-0,0 #7f0a03e1 app:id/glucose_value_text}
11-25 15:14:39.894 17710 17710 I GDH.NotificationReceiver: Extracted glucose value: 8.3 from time: 15:14:39
11-25 15:14:39.894 17710 17710 I GDH.NotificationReceiver: Ignoring value notification with same value: 8.3
11-25 15:14:39.894 17710 17710 I GDH.NotificationReceiver: New IOB notification from com.dexcom.g7 - ongoing: true (flags: 10, prio: 2) - posted: 15:14:39 (1764080079636) - when 19.11.2025 17:14:50 (1763568890605)
11-25 15:14:39.894 17710 17710 I GDH.NotificationReceiver: using IOB regex (\d*\.?\d+) U
11-25 15:14:39.894 17710 17710 I GDH.NotificationReceiver: extracted title `null` and text `null`
11-25 15:14:39.900 17710 17710 E GDH.SourceStateData: Error state for source NOTIFICATION: Could not parse IOB from [8.3, mmol/⁠L, Handlungsbedarf!] - info: 
11-25 15:15:19.632 17710 17710 I GDH.NotificationReceiver: New notification from com.dexcom.g7 - ongoing: false (flags: 96, prio: 0) - posted: 15:15:19 (1764080119419) - when 19.11.2025 17:14:40 (1763568880216) - diff notify: 39, diff recv value: 299
11-25 15:15:19.632 17710 17710 I GDH.NotificationReceiver: Dexcom foreground notification updated with title 'Dexcom App läuft' and text 'null' at 15:15:19 -> ignore and wait for next value notification
11-25 15:15:19.632 17710 17710 I GDH.NotificationReceiver: New IOB notification from com.dexcom.g7 - ongoing: false (flags: 96, prio: 0) - posted: 15:15:19 (1764080119419) - when 19.11.2025 17:14:40 (1763568880216)
11-25 15:15:19.633 17710 17710 I GDH.NotificationReceiver: using IOB regex (\d*\.?\d+) U
11-25 15:15:19.633 17710 17710 I GDH.NotificationReceiver: extracted title `Dexcom App läuft` and text `null`
11-25 15:15:19.633 17710 17710 I GDH.NotificationReceiver: No RemoteViews found
11-25 15:15:19.633 17710 17710 E GDH.SourceStateData: Error state for source NOTIFICATION: Could not parse IOB from [Dexcom App läuft] - info: 
11-25 15:15:20.138 17710 17710 I GDH.NotificationReceiver: New notification from com.dexcom.g7 - ongoing: true (flags: 10, prio: 2) - posted: 15:15:19 (1764080119925) - when 19.11.2025 17:14:50 (1763568890605) - diff notify: 40, diff recv value: 299
11-25 15:15:20.138 17710 17710 I GDH.NotificationReceiver: Handle 5 min notification - lastValueChanged: true - diff: 299
11-25 15:15:20.139 17710 17710 I GDH.NotificationReceiver: Wait thread stopped!
11-25 15:15:20.139 17710 17710 I GDH.NotificationReceiver: Check for changed value and wait for newer notification until 315s
11-25 15:15:20.139 17710 17710 I GDH.NotificationReceiver: Start wait thread for 16000 ms
11-25 15:15:20.140 17710 17710 I GDH.NotificationReceiver: using regex (?:^|\s)(\d*\.?\d+)(?=\s|$)
11-25 15:15:20.140 17710 17710 I GDH.NotificationReceiver: extracted title `null` and text `null`
11-25 15:15:20.146 17710 17710 I GDH.NotificationReceiver: Found value: 8.5 using regex in android.widget.TextView{3592184 V.ED..... ......ID 0,0-0,0 #7f0a03e1 app:id/glucose_value_text}
11-25 15:15:20.146 17710 17710 I GDH.NotificationReceiver: Extracted glucose value: 8.5 from time: 15:15:19
11-25 15:15:20.148 17710 17710 I GDH.NotificationReceiver: Wait thread stopped!
11-25 15:15:20.148 17710 17710 I GDH.ReceiveData: Glucodata received from NOTIFICATION: Bundle[{glucodata.Minute.Alarm=0, glucodata.Minute.Rate=NaN, glucodata.Minute.Time=1764080119925, glucodata.Minute.mgdl=153, glucodata.Minute.SerialNumber=Dexcom G7, glucodata.Minute.glucose=8.5}] - timestamp: 25.11.2025 15:15:19
11-25 15:15:20.151 17710 17710 I GDH.Task.Time.TaskService: Set next alarm after 1 minute(s) at 15:16:22 (received at 15:15:19) with a delay of 3s
11-25 15:15:20.154 17710 17710 I GDH.Task.Source.TaskService: Set next alarm after 1 minute(s) at 15:16:29 (received at 15:15:19) with a delay of 10s
11-25 15:15:20.175 17710 17710 I GDH.SourceStateData: Set state NONE for source NOTIFICATION: 
11-25 15:15:20.175 17710 17710 I GDH.NotificationReceiver: Valid glucose value received with ongoing notification from com.dexcom.g7
11-25 15:15:20.176 17710 17710 I GDH.NotificationReceiver: New IOB notification from com.dexcom.g7 - ongoing: true (flags: 10, prio: 2) - posted: 15:15:19 (1764080119925) - when 19.11.2025 17:14:50 (1763568890605)
11-25 15:15:20.176 17710 17710 I GDH.NotificationReceiver: using IOB regex (\d*\.?\d+) U
11-25 15:15:20.176 17710 17710 I GDH.NotificationReceiver: extracted title `null` and text `null`
11-25 15:15:20.184 17710 17710 E GDH.SourceStateData: Error state for source NOTIFICATION: Could not parse IOB from [8.5, mmol/⁠L, Handlungsbedarf!] - info: 
11-25 15:15:20.184 17710 17710 I GDH.WearPhoneConnection: BROADCAST: 1086 bytes send with path /glucodata_intent_json to node Node{Galaxy Watch7 (PQ5Y), id=50969630, hops=1, isNearby=true}
11-25 15:15:20.339 17710 17710 I GDH.NotificationReceiver: New notification from com.dexcom.g7 - ongoing: true (flags: 10, prio: 2) - posted: 15:15:20 (1764080120120) - when 19.11.2025 17:14:50 (1763568890605) - diff notify: 0, diff recv value: 1
11-25 15:15:20.340 17710 17710 I GDH.NotificationReceiver: New IOB notification from com.dexcom.g7 - ongoing: true (flags: 10, prio: 2) - posted: 15:15:20 (1764080120120) - when 19.11.2025 17:14:50 (1763568890605)
11-25 15:15:20.340 17710 17710 I GDH.NotificationReceiver: using IOB regex (\d*\.?\d+) U
11-25 15:15:20.341 17710 17710 I GDH.NotificationReceiver: extracted title `null` and text `null`
11-25 15:15:20.351 17710 17710 E GDH.SourceStateData: Error state for source NOTIFICATION: Could not parse IOB from [8.5, mmol/⁠L, Handlungsbedarf!] - info: 
11-25 15:16:10.301 17710 17710 I GDH.WearPhoneConnection: onMessageReceived from 50969630 with path /battery_intent_json with data: 81 bytes
11-25 15:16:23.373 17710 17710 I GDH.Task.Time.TaskService: Set next alarm after 2 minute(s) at 15:17:22 (received at 15:15:19) with a delay of 3s
11-25 15:16:23.377 17710 21653 I GDH.Task.Time.TaskService: execute after 1 min: ElapsedTimeTask
11-25 15:16:23.377 17710 21653 I GDH.Task.Time.TaskService: Set next alarm after 2 minute(s) at 15:17:22 (received at 15:15:19) with a delay of 3s
11-25 15:16:31.045 17710 17710 I GDH.Task.Source.TaskService: Set next alarm after 2 minute(s) at 15:17:29 (received at 15:15:19) with a delay of 10s
11-25 15:16:31.052 17710 21655 I GDH.Task.Source.TaskService: execute after 1 min: DexcomShareSourceTask
11-25 15:16:31.056 17710 21655 I GDH.Task.Source.DexcomShareTask: Using URL: https://shareous1.dexcom.com/ShareWebServices/Services/Publisher/ReadPublisherLatestGlucoseValues
11-25 15:16:31.058 17710 12479 I GDH.Utils.HttpRequest: Send POST request to https://shareous1.dexcom.com/ShareWebServices/Services/Publisher/ReadPublisherLatestGlucoseValues?sessionId=f572af86-e003-4f29-b254-d038e6edaed9&minutes=30&maxCount=1
11-25 15:16:31.151 17710 12479 I GDH.Utils.HttpRequest: Code 200 received with message OK
11-25 15:16:31.153 17710 21655 I GDH.Task.Source.DexcomShareTask: handleValueResponse called: []
11-25 15:16:31.153 17710 21655 I GDH.Task.Source.DataSourceTask: No new value for source DEXCOM_SHARE - Keine Zuckerwerte auf dem Server gefunden. (-1) - message: 
11-25 15:16:31.153 17710 21655 I GDH.SourceStateData: Set state NO_NEW_VALUE for source DEXCOM_SHARE: Keine Zuckerwerte auf dem Server gefunden.
11-25 15:17:23.742 17710 21666 I GDH.Task.Time.TaskService: execute after 2 min: ElapsedTimeTask
11-25 15:17:23.742 17710 17710 I GDH.Task.Time.TaskService: Set next alarm after 3 minute(s) at 15:18:22 (received at 15:15:19) with a delay of 3s
11-25 15:17:23.743 17710 21666 I GDH.Task.Time.TaskService: Set next alarm after 3 minute(s) at 15:18:22 (received at 15:15:19) with a delay of 3s
11-25 15:17:31.115 17710 21675 I GDH.Task.Source.TaskService: execute after 2 min: DexcomShareSourceTask
11-25 15:17:31.115 17710 17710 I GDH.Task.Source.TaskService: Set next alarm after 3 minute(s) at 15:18:29 (received at 15:15:19) with a delay of 10s
11-25 15:17:31.118 17710 21675 I GDH.Task.Source.DexcomShareTask: Using URL: https://shareous1.dexcom.com/ShareWebServices/Services/Publisher/ReadPublisherLatestGlucoseValues
11-25 15:17:31.121 17710 12479 I GDH.Utils.HttpRequest: Send POST request to https://shareous1.dexcom.com/ShareWebServices/Services/Publisher/ReadPublisherLatestGlucoseValues?sessionId=f572af86-e003-4f29-b254-d038e6edaed9&minutes=30&maxCount=1
11-25 15:17:31.216 17710 12479 I GDH.Utils.HttpRequest: Code 200 received with message OK
11-25 15:17:31.218 17710 21675 I GDH.Task.Source.DexcomShareTask: handleValueResponse called: []
11-25 15:17:31.218 17710 21675 I GDH.Task.Source.DataSourceTask: No new value for source DEXCOM_SHARE - Keine Zuckerwerte auf dem Server gefunden. (-1) - message: 
11-25 15:17:31.219 17710 21675 I GDH.SourceStateData: Set state NO_NEW_VALUE for source DEXCOM_SHARE: Keine Zuckerwerte auf dem Server gefunden.
11-25 15:18:01.571 17710 17710 I GDH.NotificationReceiver: New notification from com.dexcom.g7 - ongoing: true (flags: 10, prio: 2) - posted: 15:18:01 (1764080281337) - when 19.11.2025 17:14:50 (1763568890605) - diff notify: 161, diff recv value: 162
11-25 15:18:01.571 17710 17710 I GDH.NotificationReceiver: Handle 5 min notification - lastValueChanged: true - diff: 162
11-25 15:18:01.571 17710 17710 I GDH.NotificationReceiver: Check for changed value only
11-25 15:18:01.571 17710 17710 I GDH.NotificationReceiver: using regex (?:^|\s)(\d*\.?\d+)(?=\s|$)
11-25 15:18:01.572 17710 17710 I GDH.NotificationReceiver: extracted title `null` and text `null`
11-25 15:18:01.578 17710 17710 I GDH.NotificationReceiver: Found value: 8.5 using regex in android.widget.TextView{20a2a36 V.ED..... ......ID 0,0-0,0 #7f0a03e1 app:id/glucose_value_text}
11-25 15:18:01.579 17710 17710 I GDH.NotificationReceiver: Extracted glucose value: 8.5 from time: 15:18:01
11-25 15:18:01.579 17710 17710 I GDH.NotificationReceiver: Ignoring value notification with same value: 8.5
11-25 15:18:01.579 17710 17710 I GDH.NotificationReceiver: New IOB notification from com.dexcom.g7 - ongoing: true (flags: 10, prio: 2) - posted: 15:18:01 (1764080281337) - when 19.11.2025 17:14:50 (1763568890605)
11-25 15:18:01.579 17710 17710 I GDH.NotificationReceiver: using IOB regex (\d*\.?\d+) U
11-25 15:18:01.579 17710 17710 I GDH.NotificationReceiver: extracted title `null` and text `null`
11-25 15:18:01.585 17710 17710 E GDH.SourceStateData: Error state for source NOTIFICATION: Could not parse IOB from [8.5, mmol/⁠L, Handlungsbedarf!] - info: 
11-25 15:18:22.807 17710 17710 I GDH.Task.Time.TaskService: Set next alarm after 4 minute(s) at 15:19:22 (received at 15:15:19) with a delay of 3s
11-25 15:18:22.810 17710 21696 I GDH.Task.Time.TaskService: execute after 3 min: ElapsedTimeTask
11-25 15:18:31.104 17710 21698 I GDH.Task.Source.TaskService: execute after 3 min: DexcomShareSourceTask
11-25 15:18:31.104 17710 17710 I GDH.Task.Source.TaskService: Set next alarm after 4 minute(s) at 15:19:29 (received at 15:15:19) with a delay of 10s
11-25 15:18:31.110 17710 21698 I GDH.Task.Source.DexcomShareTask: Using URL: https://shareous1.dexcom.com/ShareWebServices/Services/Publisher/ReadPublisherLatestGlucoseValues
11-25 15:18:31.111 17710 17744 I GDH.Utils.HttpRequest: Send POST request to https://shareous1.dexcom.com/ShareWebServices/Services/Publisher/ReadPublisherLatestGlucoseValues?sessionId=f572af86-e003-4f29-b254-d038e6edaed9&minutes=30&maxCount=1
11-25 15:18:31.268 17710 17744 I GDH.Utils.HttpRequest: Code 200 received with message OK
11-25 15:18:31.269 17710 21698 I GDH.Task.Source.DexcomShareTask: handleValueResponse called: []
11-25 15:18:31.270 17710 21698 I GDH.Task.Source.DataSourceTask: No new value for source DEXCOM_SHARE - Keine Zuckerwerte auf dem Server gefunden. (-1) - message: 
11-25 15:18:31.270 17710 21698 I GDH.SourceStateData: Set state NO_NEW_VALUE for source DEXCOM_SHARE: Keine Zuckerwerte auf dem Server gefunden.
11-25 15:19:23.715 17710 17710 I GDH.Task.Time.TaskService: Set next alarm after 5 minute(s) at 15:20:22 (received at 15:15:19) with a delay of 3s
11-25 15:19:23.717 17710 21709 I GDH.Task.Time.TaskService: execute after 4 min: ElapsedTimeTask
11-25 15:19:23.719 17710 21709 I GDH.Task.Time.TaskService: Set next alarm after 5 minute(s) at 15:20:22 (received at 15:15:19) with a delay of 3s
11-25 15:19:29.727 17710 21721 I GDH.Task.Source.TaskService: execute after 4 min: DexcomShareSourceTask
11-25 15:19:29.730 17710 17710 I GDH.Task.Source.TaskService: Set next alarm after 5 minute(s) at 15:20:29 (received at 15:15:19) with a delay of 10s
11-25 15:19:29.735 17710 21721 I GDH.Task.Source.DexcomShareTask: Using URL: https://shareous1.dexcom.com/ShareWebServices/Services/Publisher/ReadPublisherLatestGlucoseValues
11-25 15:19:29.735 17710 17744 I GDH.Utils.HttpRequest: Send POST request to https://shareous1.dexcom.com/ShareWebServices/Services/Publisher/ReadPublisherLatestGlucoseValues?sessionId=f572af86-e003-4f29-b254-d038e6edaed9&minutes=30&maxCount=1
11-25 15:19:29.913 17710 17744 I GDH.Utils.HttpRequest: Code 200 received with message OK
11-25 15:19:29.914 17710 21721 I GDH.Task.Source.DexcomShareTask: handleValueResponse called: []
11-25 15:19:29.914 17710 21721 I GDH.Task.Source.DataSourceTask: No new value for source DEXCOM_SHARE - Keine Zuckerwerte auf dem Server gefunden. (-1) - message: 
11-25 15:19:29.914 17710 21721 I GDH.SourceStateData: Set state NO_NEW_VALUE for source DEXCOM_SHARE: Keine Zuckerwerte auf dem Server gefunden.
11-25 15:20:18.907 17710 17710 I GDH.NotificationReceiver: New notification from com.dexcom.g7 - ongoing: false (flags: 96, prio: 0) - posted: 15:20:18 (1764080418690) - when 19.11.2025 17:14:40 (1763568880216) - diff notify: 137, diff recv value: 299
11-25 15:20:18.908 17710 17710 I GDH.NotificationReceiver: Dexcom foreground notification updated with title 'Dexcom App läuft' and text 'null' at 15:20:18 -> ignore and wait for next value notification
11-25 15:20:18.908 17710 17710 I GDH.NotificationReceiver: New IOB notification from com.dexcom.g7 - ongoing: false (flags: 96, prio: 0) - posted: 15:20:18 (1764080418690) - when 19.11.2025 17:14:40 (1763568880216)
11-25 15:20:18.908 17710 17710 I GDH.NotificationReceiver: using IOB regex (\d*\.?\d+) U
11-25 15:20:18.909 17710 17710 I GDH.NotificationReceiver: extracted title `Dexcom App läuft` and text `null`
11-25 15:20:18.909 17710 17710 I GDH.NotificationReceiver: No RemoteViews found
11-25 15:20:18.909 17710 17710 E GDH.SourceStateData: Error state for source NOTIFICATION: Could not parse IOB from [Dexcom App läuft] - info: 
11-25 15:20:19.382 17710 17710 I GDH.NotificationReceiver: New notification from com.dexcom.g7 - ongoing: true (flags: 10, prio: 2) - posted: 15:20:19 (1764080419166) - when 19.11.2025 17:14:50 (1763568890605) - diff notify: 137, diff recv value: 300
11-25 15:20:19.382 17710 17710 I GDH.NotificationReceiver: Handle 5 min notification - lastValueChanged: true - diff: 300
11-25 15:20:19.382 17710 17710 I GDH.NotificationReceiver: Check for changed value and wait for newer notification until 315s
11-25 15:20:19.383 17710 17710 I GDH.NotificationReceiver: Start wait thread for 15000 ms
11-25 15:20:19.384 17710 17710 I GDH.NotificationReceiver: using regex (?:^|\s)(\d*\.?\d+)(?=\s|$)
11-25 15:20:19.384 17710 17710 I GDH.NotificationReceiver: extracted title `null` and text `null`
11-25 15:20:19.391 17710 17710 I GDH.NotificationReceiver: Found value: 8.3 using regex in android.widget.TextView{e0af0a0 V.ED..... ......ID 0,0-0,0 #7f0a03e1 app:id/glucose_value_text}
11-25 15:20:19.391 17710 17710 I GDH.NotificationReceiver: Extracted glucose value: 8.3 from time: 15:20:19
11-25 15:20:19.395 17710 17710 I GDH.NotificationReceiver: Wait thread stopped!
11-25 15:20:19.395 17710 17710 I GDH.ReceiveData: Glucodata received from NOTIFICATION: Bundle[{glucodata.Minute.Alarm=0, glucodata.Minute.Rate=NaN, glucodata.Minute.Time=1764080419166, glucodata.Minute.mgdl=150, glucodata.Minute.SerialNumber=Dexcom G7, glucodata.Minute.glucose=8.3}] - timestamp: 25.11.2025 15:20:19
11-25 15:20:19.398 17710 17710 I GDH.Task.Time.TaskService: Set next alarm after 1 minute(s) at 15:21:22 (received at 15:20:19) with a delay of 3s
11-25 15:20:19.402 17710 17710 I GDH.Task.Source.TaskService: Set next alarm after 1 minute(s) at 15:21:29 (received at 15:20:19) with a delay of 10s
11-25 15:20:19.402 17710 21756 I GDH.Task.Source.TaskService: Set next alarm after 1 minute(s) at 15:21:29 (received at 15:20:19) with a delay of 10s
11-25 15:20:19.416 17710 17710 I GDH.SourceStateData: Set state NONE for source NOTIFICATION: 
11-25 15:20:19.416 17710 17710 I GDH.NotificationReceiver: Valid glucose value received with ongoing notification from com.dexcom.g7
11-25 15:20:19.416 17710 17710 I GDH.NotificationReceiver: New IOB notification from com.dexcom.g7 - ongoing: true (flags: 10, prio: 2) - posted: 15:20:19 (1764080419166) - when 19.11.2025 17:14:50 (1763568890605)
11-25 15:20:19.417 17710 17710 I GDH.NotificationReceiver: using IOB regex (\d*\.?\d+) U
11-25 15:20:19.417 17710 17710 I GDH.NotificationReceiver: extracted title `null` and text `null`
11-25 15:20:19.423 17710 17710 E GDH.SourceStateData: Error state for source NOTIFICATION: Could not parse IOB from [8.3, mmol/⁠L, Handlungsbedarf!] - info: 
11-25 15:20:19.423 17710 17710 I GDH.WearPhoneConnection: BROADCAST: 1093 bytes send with path /glucodata_intent_json to node Node{Galaxy Watch7 (PQ5Y), id=50969630, hops=1, isNearby=true}
11-25 15:20:19.585 17710 17710 I GDH.NotificationReceiver: New notification from com.dexcom.g7 - ongoing: true (flags: 10, prio: 2) - posted: 15:20:19 (1764080419355) - when 19.11.2025 17:14:50 (1763568890605) - diff notify: 0, diff recv value: 0
11-25 15:20:19.585 17710 17710 I GDH.NotificationReceiver: New IOB notification from com.dexcom.g7 - ongoing: true (flags: 10, prio: 2) - posted: 15:20:19 (1764080419355) - when 19.11.2025 17:14:50 (1763568890605)
11-25 15:20:19.586 17710 17710 I GDH.NotificationReceiver: using IOB regex (\d*\.?\d+) U
11-25 15:20:19.586 17710 17710 I GDH.NotificationReceiver: extracted title `null` and text `null`
11-25 15:20:19.604 17710 17710 E GDH.SourceStateData: Error state for source NOTIFICATION: Could not parse IOB from [8.3, mmol/⁠L, Handlungsbedarf!] - info: 
11-25 15:20:24.645 17710 17710 I GDH.NotificationReceiver: New notification from com.dexcom.g7 - ongoing: true (flags: 10, prio: 2) - posted: 15:20:24 (1764080424427) - when 19.11.2025 17:14:50 (1763568890605) - diff notify: 5, diff recv value: 5
11-25 15:20:24.645 17710 17710 I GDH.NotificationReceiver: Handle 5 min notification - lastValueChanged: true - diff: 5
11-25 15:20:24.645 17710 17710 I GDH.NotificationReceiver: Ignoring notification
11-25 15:20:24.645 17710 17710 I GDH.NotificationReceiver: New IOB notification from com.dexcom.g7 - ongoing: true (flags: 10, prio: 2) - posted: 15:20:24 (1764080424427) - when 19.11.2025 17:14:50 (1763568890605)
11-25 15:20:24.646 17710 17710 I GDH.NotificationReceiver: using IOB regex (\d*\.?\d+) U
11-25 15:20:24.646 17710 17710 I GDH.NotificationReceiver: extracted title `null` and text `null`
11-25 15:20:24.654 17710 17710 E GDH.SourceStateData: Error state for source NOTIFICATION: Could not parse IOB from [8.3, mmol/⁠L, Handlungsbedarf!] - info: 
11-25 15:21:23.370 17710 21782 I GDH.Task.Time.TaskService: execute after 1 min: ElapsedTimeTask
11-25 15:21:23.370 17710 17710 I GDH.Task.Time.TaskService: Set next alarm after 2 minute(s) at 15:22:22 (received at 15:20:19) with a delay of 3s
11-25 15:21:23.370 17710 21782 I GDH.Task.Time.TaskService: Set next alarm after 2 minute(s) at 15:22:22 (received at 15:20:19) with a delay of 3s
11-25 15:21:30.337 17710 17710 I GDH.Task.Source.TaskService: Set next alarm after 2 minute(s) at 15:22:29 (received at 15:20:19) with a delay of 10s
11-25 15:21:30.348 17710 21788 I GDH.Task.Source.TaskService: execute after 1 min: DexcomShareSourceTask
11-25 15:21:30.351 17710 21788 I GDH.Task.Source.DexcomShareTask: Using URL: https://shareous1.dexcom.com/ShareWebServices/Services/Publisher/ReadPublisherLatestGlucoseValues
11-25 15:21:30.352 17710 12479 I GDH.Utils.HttpRequest: Send POST request to https://shareous1.dexcom.com/ShareWebServices/Services/Publisher/ReadPublisherLatestGlucoseValues?sessionId=f572af86-e003-4f29-b254-d038e6edaed9&minutes=30&maxCount=1
11-25 15:21:30.432 17710 12479 I GDH.Utils.HttpRequest: Code 200 received with message OK
11-25 15:21:30.433 17710 21788 I GDH.Task.Source.DexcomShareTask: handleValueResponse called: []
11-25 15:21:30.433 17710 21788 I GDH.Task.Source.DataSourceTask: No new value for source DEXCOM_SHARE - Keine Zuckerwerte auf dem Server gefunden. (-1) - message: 
11-25 15:21:30.433 17710 21788 I GDH.SourceStateData: Set state NO_NEW_VALUE for source DEXCOM_SHARE: Keine Zuckerwerte auf dem Server gefunden.
11-25 15:22:23.354 17710 17710 I GDH.Task.Time.TaskService: Set next alarm after 3 minute(s) at 15:23:22 (received at 15:20:19) with a delay of 3s
11-25 15:22:23.362 17710 21789 I GDH.Task.Time.TaskService: execute after 2 min: ElapsedTimeTask
11-25 15:22:30.349 17710 17710 I GDH.Task.Source.TaskService: Set next alarm after 3 minute(s) at 15:23:29 (received at 15:20:19) with a delay of 10s
11-25 15:22:30.351 17710 21790 I GDH.Task.Source.TaskService: execute after 2 min: DexcomShareSourceTask
11-25 15:22:30.354 17710 21790 I GDH.Task.Source.DexcomShareTask: Using URL: https://shareous1.dexcom.com/ShareWebServices/Services/Publisher/ReadPublisherLatestGlucoseValues
11-25 15:22:30.354 17710 12479 I GDH.Utils.HttpRequest: Send POST request to https://shareous1.dexcom.com/ShareWebServices/Services/Publisher/ReadPublisherLatestGlucoseValues?sessionId=f572af86-e003-4f29-b254-d038e6edaed9&minutes=30&maxCount=1
11-25 15:22:30.491 17710 12479 I GDH.Utils.HttpRequest: Code 200 received with message OK
11-25 15:22:30.498 17710 21790 I GDH.Task.Source.DexcomShareTask: handleValueResponse called: []
11-25 15:22:30.498 17710 21790 I GDH.Task.Source.DataSourceTask: No new value for source DEXCOM_SHARE - Keine Zuckerwerte auf dem Server gefunden. (-1) - message: 
11-25 15:22:30.498 17710 21790 I GDH.SourceStateData: Set state NO_NEW_VALUE for source DEXCOM_SHARE: Keine Zuckerwerte auf dem Server gefunden.
11-25 15:23:22.367 17710 17710 I GDH.Task.Time.TaskService: Set next alarm after 4 minute(s) at 15:24:22 (received at 15:20:19) with a delay of 3s
11-25 15:23:22.375 17710 21813 I GDH.Task.Time.TaskService: execute after 3 min: ElapsedTimeTask
11-25 15:23:30.344 17710 17710 I GDH.Task.Source.TaskService: Set next alarm after 4 minute(s) at 15:24:29 (received at 15:20:19) with a delay of 10s
11-25 15:23:30.346 17710 21824 I GDH.Task.Source.TaskService: execute after 3 min: DexcomShareSourceTask
11-25 15:23:30.349 17710 21824 I GDH.Task.Source.DexcomShareTask: Using URL: https://shareous1.dexcom.com/ShareWebServices/Services/Publisher/ReadPublisherLatestGlucoseValues
11-25 15:23:30.349 17710 12479 I GDH.Utils.HttpRequest: Send POST request to https://shareous1.dexcom.com/ShareWebServices/Services/Publisher/ReadPublisherLatestGlucoseValues?sessionId=f572af86-e003-4f29-b254-d038e6edaed9&minutes=30&maxCount=1
11-25 15:23:30.497 17710 12479 I GDH.Utils.HttpRequest: Code 200 received with message OK
11-25 15:23:30.501 17710 21824 I GDH.Task.Source.DexcomShareTask: handleValueResponse called: []
11-25 15:23:30.501 17710 21824 I GDH.Task.Source.DataSourceTask: No new value for source DEXCOM_SHARE - Keine Zuckerwerte auf dem Server gefunden. (-1) - message: 
11-25 15:23:30.501 17710 21824 I GDH.SourceStateData: Set state NO_NEW_VALUE for source DEXCOM_SHARE: Keine Zuckerwerte auf dem Server gefunden.
11-25 15:24:21.357 17710 17710 I GDH.NotificationReceiver: New notification from com.dexcom.g7 - ongoing: true (flags: 10, prio: 2) - posted: 15:24:21 (1764080661125) - when 19.11.2025 17:14:50 (1763568890605) - diff notify: 241, diff recv value: 242
11-25 15:24:21.357 17710 17710 I GDH.NotificationReceiver: Handle 5 min notification - lastValueChanged: true - diff: 242
11-25 15:24:21.357 17710 17710 I GDH.NotificationReceiver: Check for changed value only
11-25 15:24:21.358 17710 17710 I GDH.NotificationReceiver: using regex (?:^|\s)(\d*\.?\d+)(?=\s|$)
11-25 15:24:21.360 17710 17710 I GDH.NotificationReceiver: extracted title `null` and text `null`
11-25 15:24:21.373 17710 17710 I GDH.NotificationReceiver: Found value: 8.3 using regex in android.widget.TextView{8544a20 V.ED..... ......ID 0,0-0,0 #7f0a03e1 app:id/glucose_value_text}
11-25 15:24:21.373 17710 17710 I GDH.NotificationReceiver: Extracted glucose value: 8.3 from time: 15:24:21
11-25 15:24:21.373 17710 17710 I GDH.NotificationReceiver: Ignoring value notification with same value: 8.3
11-25 15:24:21.374 17710 17710 I GDH.NotificationReceiver: New IOB notification from com.dexcom.g7 - ongoing: true (flags: 10, prio: 2) - posted: 15:24:21 (1764080661125) - when 19.11.2025 17:14:50 (1763568890605)
11-25 15:24:21.374 17710 17710 I GDH.NotificationReceiver: using IOB regex (\d*\.?\d+) U
11-25 15:24:21.374 17710 17710 I GDH.NotificationReceiver: extracted title `null` and text `null`
11-25 15:24:21.385 17710 17710 E GDH.SourceStateData: Error state for source NOTIFICATION: Could not parse IOB from [8.3, mmol/⁠L, Handlungsbedarf!] - info: 
11-25 15:24:22.026 17710 17710 I GDH.Task.Time.TaskService: Set next alarm after 5 minute(s) at 15:25:22 (received at 15:20:19) with a delay of 3s
11-25 15:24:22.032 17710 21832 I GDH.Task.Time.TaskService: execute after 4 min: ElapsedTimeTask
